#
# There is insufficient memory for the Java Runtime Environment to continue.
# Native memory allocation (mmap) failed to map 65536 bytes. Error detail: committing reserved memory.
# Possible reasons:
#   The system is out of physical RAM or swap space
#   This process is running with CompressedOops enabled, and the Java Heap may be blocking the growth of the native heap
# Possible solutions:
#   Reduce memory load on the system
#   Increase physical memory or swap space
#   Check if swap backing store is full
#   Decrease Java heap size (-Xmx/-Xms)
#   Decrease number of Java threads
#   Decrease Java thread stack sizes (-Xss)
#   Set larger code cache with -XX:ReservedCodeCacheSize=
#   JVM is running with Unscaled Compressed Oops mode in which the Java heap is
#     placed in the first 4GB address space. The Java Heap base address is the
#     maximum limit for the native heap growth. Please use -XX:HeapBaseMinAddress
#     to set the Java Heap base and to place the Java Heap above 4GB virtual address.
# This output file may be truncated or incomplete.
#
#  Out of Memory Error (os_linux.cpp:2834), pid=2109, tid=2120
#
# JRE version: OpenJDK Runtime Environment (17.0.20.1+1) (build 17.0.20.1+1-1-deb12u1-Debian)
# Java VM: OpenJDK 64-Bit Server VM (17.0.20.1+1-1-deb12u1-Debian, mixed mode, sharing, tiered, compressed oops, compressed class ptrs, serial gc, linux-amd64)
# No core dump will be written. Core dumps have been disabled. To enable core dumping, try "ulimit -c unlimited" before starting Java again
#

---------------  S U M M A R Y ------------

Command Line: -XX:MaxMetaspaceSize=320m -XX:ReservedCodeCacheSize=64m -XX:+UseSerialGC --add-opens=java.base/java.util=ALL-UNNAMED --add-opens=java.base/java.lang=ALL-UNNAMED --add-opens=java.base/java.lang.invoke=ALL-UNNAMED --add-opens=java.prefs/java.util.prefs=ALL-UNNAMED --add-exports=jdk.compiler/com.sun.tools.javac.api=ALL-UNNAMED --add-exports=jdk.compiler/com.sun.tools.javac.util=ALL-UNNAMED --add-opens=java.base/java.nio.charset=ALL-UNNAMED --add-opens=java.base/java.net=ALL-UNNAMED --add-opens=java.base/java.util.concurrent.atomic=ALL-UNNAMED -Xmx600m -Dfile.encoding=UTF-8 -Duser.country -Duser.language=en -Duser.variant -javaagent:/opt/gradle-8.10.2/lib/agents/gradle-instrumentation-agent-8.10.2.jar org.gradle.launcher.daemon.bootstrap.GradleDaemon 8.10.2

Host: Intel(R) Xeon(R) Processor @ 2.50GHz, 2 cores, 1G, Debian GNU/Linux 12 (bookworm)
Time: Wed Sep 23 07:55:18 2026 UTC elapsed time: 93.763788 seconds (0d 0h 1m 33s)

---------------  T H R E A D  ---------------

Current thread (0x00007f6c7c060520):  JavaThread "C2 CompilerThread0" daemon [_thread_in_vm, id=2120, stack(0x00007f6c82b37000,0x00007f6c82c37000)]


Current CompileTask:
C2:93766 22146       4       kotlin.collections.CollectionsKt__MutableCollectionsKt::addAll (74 bytes)

Stack: [0x00007f6c82b37000,0x00007f6c82c37000],  sp=0x00007f6c82c32150,  free space=1004k
Native frames: (J=compiled Java code, j=interpreted, Vv=VM code, C=native code)
V  [libjvm.so+0xf21211]  VMError::report_and_die(int, char const*, char const*, __va_list_tag*, Thread*, unsigned char*, void*, void*, char const*, int, unsigned long)+0x171
V  [libjvm.so+0xf21d7d]  VMError::report_and_die(Thread*, char const*, int, unsigned long, VMErrorType, char const*, __va_list_tag*)+0x2d
V  [libjvm.so+0x60378c]  report_vm_out_of_memory(char const*, int, unsigned long, VMErrorType, char const*, ...)+0xdc
V  [libjvm.so+0xc29fba]  os::pd_commit_memory(char*, unsigned long, unsigned long, bool)+0xda
V  [libjvm.so+0xc23eed]  os::commit_memory(char*, unsigned long, unsigned long, bool)+0x1d
V  [libjvm.so+0xf19513]  VirtualSpace::expand_by(unsigned long, bool)+0xe3
V  [libjvm.so+0x7c222e]  CodeHeap::expand_by(unsigned long)+0x8e
V  [libjvm.so+0x5a121a]  CodeCache::allocate(int, int, bool, int)+0x7a
V  [libjvm.so+0xbee432]  nmethod::new_nmethod(methodHandle const&, int, int, CodeOffsets*, int, DebugInformationRecorder*, Dependencies*, CodeBuffer*, int, OopMapSet*, ExceptionHandlerTable*, ImplicitExceptionTable*, AbstractCompiler*, int, GrowableArrayView<RuntimeStub*> const&, char*, int, int, char const*, FailedSpeculation**)+0x162
V  [libjvm.so+0x5409ab]  ciEnv::register_method(ciMethod*, int, CodeOffsets*, int, CodeBuffer*, int, OopMapSet*, ExceptionHandlerTable*, ImplicitExceptionTable*, AbstractCompiler*, bool, bool, RTMState, GrowableArrayView<RuntimeStub*> const&)+0x3eb
V  [libjvm.so+0xc4164f]  PhaseOutput::install_code(ciMethod*, int, AbstractCompiler*, bool, bool, RTMState)+0x11f
V  [libjvm.so+0xc41731]  PhaseOutput::install()+0x81
V  [libjvm.so+0x5ca3c7]  Compile::Code_Gen()+0x5f7
V  [libjvm.so+0x5cfb27]  Compile::Compile(ciEnv*, ciMethod*, int, bool, bool, bool, bool, bool, DirectiveSet*)+0x1567
V  [libjvm.so+0x50f078]  C2Compiler::compile_method(ciEnv*, ciMethod*, int, bool, DirectiveSet*)+0x118
V  [libjvm.so+0x5d82d3]  CompileBroker::invoke_compiler_on_method(CompileTask*)+0xe93
V  [libjvm.so+0x5d91f8]  CompileBroker::compiler_thread_loop()+0x728
V  [libjvm.so+0xea087f]  JavaThread::thread_main_inner()+0x1af
V  [libjvm.so+0xea40a5]  Thread::call_run()+0xa5
V  [libjvm.so+0xc2c8f3]  thread_native_entry(Thread*)+0xe3


---------------  P R O C E S S  ---------------

Threads class SMR info:
_java_thread_list=0x00007f6c4813ef50, length=50, elements={
0x00007f6c7c01a270, 0x00007f6c7c0532b0, 0x00007f6c7c0546c0, 0x00007f6c7c05c440,
0x00007f6c7c05d7c0, 0x00007f6c7c05eba0, 0x00007f6c7c060520, 0x00007f6c7c061a20,
0x00007f6c7c062e60, 0x00007f6c7c0a6a70, 0x00007f6c7c153560, 0x00007f6c7d2770c0,
0x00007f6c7d2e1b50, 0x00007f6c7d317d00, 0x00007f6c1c016ad0, 0x00007f6c1c01cc00,
0x00007f6c1c01f8f0, 0x00007f6c1c021ce0, 0x00007f6c30004a00, 0x00007f6c30006f30,
0x00007f6c300092f0, 0x00007f6c30193820, 0x00007f6c3019b1c0, 0x00007f6c301a7620,
0x00007f6c30ab3970, 0x00007f6c30ab8480, 0x00007f6c30559740, 0x00007f6c30212370,
0x00007f6c302e7550, 0x00007f6c303153c0, 0x00007f6c31129590, 0x00007f6c3113f9f0,
0x00007f6c31150d80, 0x00007f6c31999e20, 0x00007f6c31c6b1c0, 0x00007f6c326576e0,
0x00007f6c38020ec0, 0x00007f6c380723d0, 0x00007f6c38094690, 0x00007f6c38265340,
0x00007f6c3826dd50, 0x00007f6c38254120, 0x00007f6c38224840, 0x00007f6c383cdb90,
0x00007f6c383bbd20, 0x00007f6c38439be0, 0x00007f6c3845a980, 0x00007f6c3845c7c0,
0x00007f6c3845d960, 0x00007f6c4813df30
}

Java Threads: ( => current thread )
  0x00007f6c7c01a270 JavaThread "main" [_thread_blocked, id=2110, stack(0x00007f6c83771000,0x00007f6c83871000)]
  0x00007f6c7c0532b0 JavaThread "Reference Handler" daemon [_thread_blocked, id=2115, stack(0x00007f6c83093000,0x00007f6c83193000)]
  0x00007f6c7c0546c0 JavaThread "Finalizer" daemon [_thread_blocked, id=2116, stack(0x00007f6c82f92000,0x00007f6c83092000)]
  0x00007f6c7c05c440 JavaThread "Signal Dispatcher" daemon [_thread_blocked, id=2117, stack(0x00007f6c82e3a000,0x00007f6c82f3a000)]
  0x00007f6c7c05d7c0 JavaThread "Service Thread" daemon [_thread_blocked, id=2118, stack(0x00007f6c82d39000,0x00007f6c82e39000)]
  0x00007f6c7c05eba0 JavaThread "Monitor Deflation Thread" daemon [_thread_blocked, id=2119, stack(0x00007f6c82c38000,0x00007f6c82d38000)]
=>0x00007f6c7c060520 JavaThread "C2 CompilerThread0" daemon [_thread_in_vm, id=2120, stack(0x00007f6c82b37000,0x00007f6c82c37000)]
  0x00007f6c7c061a20 JavaThread "C1 CompilerThread0" daemon [_thread_blocked, id=2121, stack(0x00007f6c82a36000,0x00007f6c82b36000)]
  0x00007f6c7c062e60 JavaThread "Sweeper thread" daemon [_thread_blocked, id=2122, stack(0x00007f6c82935000,0x00007f6c82a35000)]
  0x00007f6c7c0a6a70 JavaThread "Common-Cleaner" daemon [_thread_blocked, id=2123, stack(0x00007f6c82834000,0x00007f6c82934000)]
  0x00007f6c7c153560 JavaThread "Notification Thread" daemon [_thread_blocked, id=2124, stack(0x00007f6c8271b000,0x00007f6c8281b000)]
  0x00007f6c7d2770c0 JavaThread "Daemon health stats" [_thread_blocked, id=2126, stack(0x00007f6c822ed000,0x00007f6c823ed000)]
  0x00007f6c7d2e1b50 JavaThread "Incoming local TCP Connector on port 36669" [_thread_in_native, id=2127, stack(0x00007f6c81f00000,0x00007f6c82000000)]
  0x00007f6c7d317d00 JavaThread "Daemon periodic checks" [_thread_blocked, id=2128, stack(0x00007f6c81dff000,0x00007f6c81eff000)]
  0x00007f6c1c016ad0 JavaThread "Daemon" [_thread_blocked, id=2129, stack(0x00007f6c81cfe000,0x00007f6c81dfe000)]
  0x00007f6c1c01cc00 JavaThread "Handler for socket connection from /127.0.0.1:36669 to /127.0.0.1:57182" [_thread_in_native, id=2130, stack(0x00007f6c81bfd000,0x00007f6c81cfd000)]
  0x00007f6c1c01f8f0 JavaThread "Cancel handler" [_thread_blocked, id=2131, stack(0x00007f6c81afc000,0x00007f6c81bfc000)]
  0x00007f6c1c021ce0 JavaThread "Daemon worker" [_thread_blocked, id=2132, stack(0x00007f6c819fb000,0x00007f6c81afb000)]
  0x00007f6c30004a00 JavaThread "Asynchronous log dispatcher for DefaultDaemonConnection: socket connection from /127.0.0.1:36669 to /127.0.0.1:57182" [_thread_blocked, id=2133, stack(0x00007f6c818fa000,0x00007f6c819fa000)]
  0x00007f6c30006f30 JavaThread "Stdin handler" [_thread_blocked, id=2134, stack(0x00007f6c817f9000,0x00007f6c818f9000)]
  0x00007f6c300092f0 JavaThread "Daemon client event forwarder" [_thread_blocked, id=2135, stack(0x00007f6c816f8000,0x00007f6c817f8000)]
  0x00007f6c30193820 JavaThread "Cache worker for journal cache (/tmp/arena/tenants/c1de69a2-3381-4bdd-83b1-d9e6e777a496/sessions/caf23923-26ae-4790-a52a-1da05cf3d2ad/workspace/.gradle-home/caches/journal-1)" [_thread_blocked, id=2136, stack(0x00007f6c815f7000,0x00007f6c816f7000)]
  0x00007f6c3019b1c0 JavaThread "File lock request listener" [_thread_in_native, id=2137, stack(0x00007f6c814f6000,0x00007f6c815f6000)]
  0x00007f6c301a7620 JavaThread "Cache worker for file hash cache (/tmp/arena/tenants/c1de69a2-3381-4bdd-83b1-d9e6e777a496/sessions/caf23923-26ae-4790-a52a-1da05cf3d2ad/workspace/.gradle-home/caches/8.10.2/fileHashes)" [_thread_blocked, id=2138, stack(0x00007f6c813f5000,0x00007f6c814f5000)]
  0x00007f6c30ab3970 JavaThread "Cache worker for file hash cache (/tmp/arena/tenants/c1de69a2-3381-4bdd-83b1-d9e6e777a496/sessions/caf23923-26ae-4790-a52a-1da05cf3d2ad/workspace/OgrajaVizija/android/.gradle/8.10.2/fileHashes)" [_thread_blocked, id=2139, stack(0x00007f6c812f4000,0x00007f6c813f4000)]
  0x00007f6c30ab8480 JavaThread "Cache worker for Build Output Cleanup Cache (/tmp/arena/tenants/c1de69a2-3381-4bdd-83b1-d9e6e777a496/sessions/caf23923-26ae-4790-a52a-1da05cf3d2ad/workspace/OgrajaVizija/android/.gradle/buildOutputCleanup)" [_thread_blocked, id=2140, stack(0x00007f6c811f3000,0x00007f6c812f3000)]
  0x00007f6c30559740 JavaThread "Cache worker for checksums cache (/tmp/arena/tenants/c1de69a2-3381-4bdd-83b1-d9e6e777a496/sessions/caf23923-26ae-4790-a52a-1da05cf3d2ad/workspace/OgrajaVizija/android/.gradle/8.10.2/checksums)" [_thread_blocked, id=2141, stack(0x00007f6c810f2000,0x00007f6c811f2000)]
  0x00007f6c30212370 JavaThread "Cache worker for file content cache (/tmp/arena/tenants/c1de69a2-3381-4bdd-83b1-d9e6e777a496/sessions/caf23923-26ae-4790-a52a-1da05cf3d2ad/workspace/.gradle-home/caches/8.10.2/fileContent)" [_thread_blocked, id=2142, stack(0x00007f6c80ff1000,0x00007f6c810f1000)]
  0x00007f6c302e7550 JavaThread "Cache worker for cache directory md-rule (/tmp/arena/tenants/c1de69a2-3381-4bdd-83b1-d9e6e777a496/sessions/caf23923-26ae-4790-a52a-1da05cf3d2ad/workspace/.gradle-home/caches/8.10.2/md-rule)" [_thread_blocked, id=2143, stack(0x00007f6c80ef0000,0x00007f6c80ff0000)]
  0x00007f6c303153c0 JavaThread "Cache worker for cache directory md-supplier (/tmp/arena/tenants/c1de69a2-3381-4bdd-83b1-d9e6e777a496/sessions/caf23923-26ae-4790-a52a-1da05cf3d2ad/workspace/.gradle-home/caches/8.10.2/md-supplier)" [_thread_blocked, id=2144, stack(0x00007f6c80def000,0x00007f6c80eef000)]
  0x00007f6c31129590 JavaThread "Unconstrained build operations" [_thread_blocked, id=2145, stack(0x00007f6c80cee000,0x00007f6c80dee000)]
  0x00007f6c3113f9f0 JavaThread "Unconstrained build operations Thread 2" [_thread_blocked, id=2146, stack(0x00007f6c80bed000,0x00007f6c80ced000)]
  0x00007f6c31150d80 JavaThread "Unconstrained build operations Thread 3" [_thread_blocked, id=2147, stack(0x00007f6c80aec000,0x00007f6c80bec000)]
  0x00007f6c31999e20 JavaThread "Memory manager" [_thread_blocked, id=2148, stack(0x00007f6c809eb000,0x00007f6c80aeb000)]
  0x00007f6c31c6b1c0 JavaThread "build event listener" [_thread_blocked, id=2149, stack(0x00007f6c808ea000,0x00007f6c809ea000)]
  0x00007f6c326576e0 JavaThread "included builds" [_thread_blocked, id=2150, stack(0x00007f6c807e9000,0x00007f6c808e9000)]
  0x00007f6c38020ec0 JavaThread "Cache worker for execution history cache (/tmp/arena/tenants/c1de69a2-3381-4bdd-83b1-d9e6e777a496/sessions/caf23923-26ae-4790-a52a-1da05cf3d2ad/workspace/OgrajaVizija/android/.gradle/8.10.2/executionHistory)" [_thread_blocked, id=2151, stack(0x00007f6c806e8000,0x00007f6c807e8000)]
  0x00007f6c380723d0 JavaThread "Unconstrained build operations Thread 4" [_thread_blocked, id=2152, stack(0x00007f6c805e7000,0x00007f6c806e7000)]
  0x00007f6c38094690 JavaThread "Unconstrained build operations Thread 5" [_thread_blocked, id=2153, stack(0x00007f6c804e6000,0x00007f6c805e6000)]
  0x00007f6c38265340 JavaThread "WorkerExecutor Queue" [_thread_blocked, id=2154, stack(0x00007f6c803e5000,0x00007f6c804e5000)]
  0x00007f6c3826dd50 JavaThread "Unconstrained build operations Thread 6" [_thread_blocked, id=2155, stack(0x00007f6c802e4000,0x00007f6c803e4000)]
  0x00007f6c38254120 JavaThread "Unconstrained build operations Thread 7" [_thread_blocked, id=2156, stack(0x00007f6c801e3000,0x00007f6c802e3000)]
  0x00007f6c38224840 JavaThread "Unconstrained build operations Thread 8" [_thread_blocked, id=2157, stack(0x00007f6c800e2000,0x00007f6c801e2000)]
  0x00007f6c383cdb90 JavaThread "Unconstrained build operations Thread 9" [_thread_blocked, id=2162, stack(0x00007f6c70411000,0x00007f6c70511000)]
  0x00007f6c383bbd20 JavaThread "Unconstrained build operations Thread 10" [_thread_blocked, id=2163, stack(0x00007f6c70310000,0x00007f6c70410000)]
  0x00007f6c38439be0 JavaThread "pool-3-thread-1" [_thread_blocked, id=2164, stack(0x00007f6c7020f000,0x00007f6c7030f000)]
  0x00007f6c3845a980 JavaThread "process reaper (pid 2165)" daemon [_thread_in_native, id=2166, stack(0x00007f6c822ca000,0x00007f6c822ec000)]
  0x00007f6c3845c7c0 JavaThread "stderr" [_thread_in_native, id=2167, stack(0x00007f6c7010e000,0x00007f6c7020e000)]
  0x00007f6c3845d960 JavaThread "stdout" [_thread_in_native, id=2168, stack(0x00007f6c7000d000,0x00007f6c7010d000)]
  0x00007f6c4813df30 JavaThread "pool-4-thread-1" [_thread_in_vm, id=2169, stack(0x00007f6c5af00000,0x00007f6c5b000000)]

Other Threads:
  0x00007f6c7c04ea50 VMThread "VM Thread" [stack: 0x00007f6c83194000,0x00007f6c83294000] [id=2114]
  0x00007f6c7c154c40 WatcherThread [stack: 0x00007f6c8261a000,0x00007f6c8271a000] [id=2125]

Threads with active compile tasks:
C2 CompilerThread0  93797 22146       4       kotlin.collections.CollectionsKt__MutableCollectionsKt::addAll (74 bytes)

VM state: not at safepoint (normal execution)

VM Mutex/Monitor currently owned by a thread:  ([mutex/lock_event])
[0x00007f6c7c015d50] CodeCache_lock - owner thread: 0x00007f6c7c060520
[0x00007f6c7c017fb0] Compile_lock - owner thread: 0x00007f6c7c060520
[0x00007f6c7c0181c0] MethodCompileQueue_lock - owner thread: 0x00007f6c7c060520

Heap address: 0x00000000da800000, size: 600 MB, Compressed Oops mode: 32-bit

CDS archive(s) mapped at: [0x00007f6c5f000000-0x00007f6c5fbca000-0x00007f6c5fbca000), size 12361728, SharedBaseAddress: 0x00007f6c5f000000, ArchiveRelocationMode: 1.
Compressed class space mapped at: 0x00007f6c60000000-0x00007f6c70000000, reserved size: 268435456
Narrow klass base: 0x00007f6c5f000000, Narrow klass shift: 0, Narrow klass range: 0x100000000

GC Precious Log:
 CPUs: 2 total, 2 available
 Memory: 1024M
 Large Page Support: Disabled
 NUMA Support: Disabled
 Compressed Oops: Enabled (32-bit)
 Heap Min Capacity: 8M
 Heap Initial Capacity: 16M
 Heap Max Capacity: 600M
 Pre-touch: Disabled

Heap:
 def new generation   total 78272K, used 45523K [0x00000000da800000, 0x00000000dfce0000, 0x00000000e7000000)
  eden space 69632K,  56% used [0x00000000da800000, 0x00000000dce7e4a0, 0x00000000dec00000)
  from space 8640K,  70% used [0x00000000df470000, 0x00000000dfa669b0, 0x00000000dfce0000)
  to   space 8640K,   0% used [0x00000000dec00000, 0x00000000dec00000, 0x00000000df470000)
 tenured generation   total 173456K, used 158844K [0x00000000e7000000, 0x00000000f1964000, 0x0000000100000000)
   the space 173456K,  91% used [0x00000000e7000000, 0x00000000f0b1f050, 0x00000000f0b1f200, 0x00000000f1964000)
 Metaspace       used 153795K, committed 154752K, reserved 458752K
  class space    used 19976K, committed 20480K, reserved 262144K

Card table byte_map: [0x00007f6c83582000,0x00007f6c836af000] _byte_map_base: 0x00007f6c82eae000

Polling page: 0x00007f6c8510a000

Metaspace:

Usage:
  Non-class:    130.68 MB used.
      Class:     19.51 MB used.
       Both:    150.19 MB used.

Virtual space:
  Non-class space:      192.00 MB reserved,     131.12 MB ( 68%) committed,  3 nodes.
      Class space:      256.00 MB reserved,      20.00 MB (  8%) committed,  1 nodes.
             Both:      448.00 MB reserved,     151.12 MB ( 34%) committed. 

Chunk freelists:
   Non-Class:  12.56 MB
       Class:  11.97 MB
        Both:  24.53 MB

MaxMetaspaceSize: 320.00 MB
CompressedClassSpaceSize: 256.00 MB
Initial GC threshold: 21.00 MB
Current GC threshold: 160.31 MB
CDS: on
MetaspaceReclaimPolicy: balanced
 - commit_granule_bytes: 65536.
 - commit_granule_words: 8192.
 - virtual_space_node_default_size: 8388608.
 - enlarge_chunks_in_place: 1.
 - new_chunks_are_fully_committed: 0.
 - uncommit_free_chunks: 1.
 - use_allocation_guard: 0.
 - handle_deallocations: 1.


Internal statistics:

num_allocs_failed_limit: 6.
num_arena_births: 1494.
num_arena_deaths: 0.
num_vsnodes_births: 4.
num_vsnodes_deaths: 0.
num_space_committed: 2414.
num_space_uncommitted: 0.
num_chunks_returned_to_freelist: 6.
num_chunks_taken_from_freelist: 7567.
num_chunk_merges: 6.
num_chunk_splits: 5300.
num_chunks_enlarged: 3852.
num_inconsistent_stats: 0.

CodeCache: size=65536Kb used=44721Kb max_used=44721Kb free=20814Kb
 bounds [0x00007f6c70511000, 0x00007f6c730c1000, 0x00007f6c74511000]
 total_blobs=18104 nmethods=17103 adapters=912
 compilation: enabled
              stopped_count=0, restarted_count=0
 full_count=0

Compilation events (20 events):
Event: 93.600 Thread 0x00007f6c7c061a20 22172       1       org.jetbrains.kotlin.fir.declarations.impl.FirRegularClassImpl::getAnnotations-5e3fPpI (5 bytes)
Event: 93.600 Thread 0x00007f6c7c061a20 nmethod 22172 0x00007f6c730b6290 code [0x00007f6c730b6420, 0x00007f6c730b64f0]
Event: 93.600 Thread 0x00007f6c7c061a20 22183       1       org.jetbrains.kotlin.fir.declarations.impl.FirPropertyAccessorImpl::getDeprecationsProvider (5 bytes)
Event: 93.600 Thread 0x00007f6c7c061a20 nmethod 22183 0x00007f6c730b6590 code [0x00007f6c730b6720, 0x00007f6c730b67f0]
Event: 93.600 Thread 0x00007f6c7c061a20 22187       1       org.jetbrains.kotlin.fir.declarations.impl.FirPropertyImpl::setSetter (6 bytes)
Event: 93.600 Thread 0x00007f6c7c061a20 nmethod 22187 0x00007f6c730b6890 code [0x00007f6c730b6a20, 0x00007f6c730b6af0]
Event: 93.600 Thread 0x00007f6c7c061a20 22188       1       org.jetbrains.kotlin.fir.declarations.impl.FirPropertyImpl::setGetter (6 bytes)
Event: 93.600 Thread 0x00007f6c7c061a20 nmethod 22188 0x00007f6c730b6b90 code [0x00007f6c730b6d20, 0x00007f6c730b6df0]
Event: 93.600 Thread 0x00007f6c7c061a20 22189       1       org.jetbrains.kotlin.fir.declarations.impl.FirPropertyImpl::setBackingField (6 bytes)
Event: 93.600 Thread 0x00007f6c7c061a20 nmethod 22189 0x00007f6c730b6e90 code [0x00007f6c730b7020, 0x00007f6c730b70f0]
Event: 93.600 Thread 0x00007f6c7c061a20 22190       1       org.jetbrains.kotlin.fir.declarations.impl.FirPropertyImpl::getDeprecationsProvider (5 bytes)
Event: 93.601 Thread 0x00007f6c7c061a20 nmethod 22190 0x00007f6c730b7190 code [0x00007f6c730b7320, 0x00007f6c730b73f0]
Event: 93.601 Thread 0x00007f6c7c061a20 22173       1       kotlin.collections.builders.ListBuilder::access$getModCount$p$s-2084097795 (5 bytes)
Event: 93.601 Thread 0x00007f6c7c061a20 nmethod 22173 0x00007f6c730b7490 code [0x00007f6c730b7620, 0x00007f6c730b76d0]
Event: 93.601 Thread 0x00007f6c7c061a20 22167       1       kotlin.collections.builders.ListBuilder::access$getLength$p (5 bytes)
Event: 93.601 Thread 0x00007f6c7c061a20 nmethod 22167 0x00007f6c730b7790 code [0x00007f6c730b7920, 0x00007f6c730b79d0]
Event: 93.601 Thread 0x00007f6c7c061a20 22191       1       org.jetbrains.kotlin.fir.declarations.impl.FirBackingFieldImpl::getDeprecationsProvider (5 bytes)
Event: 93.601 Thread 0x00007f6c7c061a20 nmethod 22191 0x00007f6c730b7a90 code [0x00007f6c730b7c20, 0x00007f6c730b7cf0]
Event: 93.605 Thread 0x00007f6c7c060520 nmethod 22148 0x00007f6c730bb390 code [0x00007f6c730bb500, 0x00007f6c730bb578]
Event: 93.605 Thread 0x00007f6c7c060520 22146       4       kotlin.collections.CollectionsKt__MutableCollectionsKt::addAll (74 bytes)

GC Heap History (20 events):
Event: 74.563 GC heap before
{Heap before GC invocations=135 (full 6):
 def new generation   total 78272K, used 73292K [0x00000000da800000, 0x00000000dfce0000, 0x00000000e7000000)
  eden space 69632K, 100% used [0x00000000da800000, 0x00000000dec00000, 0x00000000dec00000)
  from space 8640K,  42% used [0x00000000df470000, 0x00000000df803288, 0x00000000dfce0000)
  to   space 8640K,   0% used [0x00000000dec00000, 0x00000000dec00000, 0x00000000df470000)
 tenured generation   total 173456K, used 134273K [0x00000000e7000000, 0x00000000f1964000, 0x0000000100000000)
   the space 173456K,  77% used [0x00000000e7000000, 0x00000000ef3204a0, 0x00000000ef320600, 0x00000000f1964000)
 Metaspace       used 114543K, committed 115392K, reserved 393216K
  class space    used 15070K, committed 15488K, reserved 262144K
}
Event: 74.572 GC heap after
{Heap after GC invocations=136 (full 6):
 def new generation   total 78272K, used 4482K [0x00000000da800000, 0x00000000dfce0000, 0x00000000e7000000)
  eden space 69632K,   0% used [0x00000000da800000, 0x00000000da800000, 0x00000000dec00000)
  from space 8640K,  51% used [0x00000000dec00000, 0x00000000df060b68, 0x00000000df470000)
  to   space 8640K,   0% used [0x00000000df470000, 0x00000000df470000, 0x00000000dfce0000)
 tenured generation   total 173456K, used 134273K [0x00000000e7000000, 0x00000000f1964000, 0x0000000100000000)
   the space 173456K,  77% used [0x00000000e7000000, 0x00000000ef3204a0, 0x00000000ef320600, 0x00000000f1964000)
 Metaspace       used 114543K, committed 115392K, reserved 393216K
  class space    used 15070K, committed 15488K, reserved 262144K
}
Event: 75.104 GC heap before
{Heap before GC invocations=136 (full 6):
 def new generation   total 78272K, used 74114K [0x00000000da800000, 0x00000000dfce0000, 0x00000000e7000000)
  eden space 69632K, 100% used [0x00000000da800000, 0x00000000dec00000, 0x00000000dec00000)
  from space 8640K,  51% used [0x00000000dec00000, 0x00000000df060b68, 0x00000000df470000)
  to   space 8640K,   0% used [0x00000000df470000, 0x00000000df470000, 0x00000000dfce0000)
 tenured generation   total 173456K, used 134273K [0x00000000e7000000, 0x00000000f1964000, 0x0000000100000000)
   the space 173456K,  77% used [0x00000000e7000000, 0x00000000ef3204a0, 0x00000000ef320600, 0x00000000f1964000)
 Metaspace       used 114543K, committed 115392K, reserved 393216K
  class space    used 15070K, committed 15488K, reserved 262144K
}
Event: 75.163 GC heap after
{Heap after GC invocations=137 (full 6):
 def new generation   total 78272K, used 4301K [0x00000000da800000, 0x00000000dfce0000, 0x00000000e7000000)
  eden space 69632K,   0% used [0x00000000da800000, 0x00000000da800000, 0x00000000dec00000)
  from space 8640K,  49% used [0x00000000df470000, 0x00000000df8a3518, 0x00000000dfce0000)
  to   space 8640K,   0% used [0x00000000dec00000, 0x00000000dec00000, 0x00000000df470000)
 tenured generation   total 173456K, used 135186K [0x00000000e7000000, 0x00000000f1964000, 0x0000000100000000)
   the space 173456K,  77% used [0x00000000e7000000, 0x00000000ef404af8, 0x00000000ef404c00, 0x00000000f1964000)
 Metaspace       used 114543K, committed 115392K, reserved 393216K
  class space    used 15070K, committed 15488K, reserved 262144K
}
Event: 75.656 GC heap before
{Heap before GC invocations=137 (full 6):
 def new generation   total 78272K, used 73933K [0x00000000da800000, 0x00000000dfce0000, 0x00000000e7000000)
  eden space 69632K, 100% used [0x00000000da800000, 0x00000000dec00000, 0x00000000dec00000)
  from space 8640K,  49% used [0x00000000df470000, 0x00000000df8a3518, 0x00000000dfce0000)
  to   space 8640K,   0% used [0x00000000dec00000, 0x00000000dec00000, 0x00000000df470000)
 tenured generation   total 173456K, used 135186K [0x00000000e7000000, 0x00000000f1964000, 0x0000000100000000)
   the space 173456K,  77% used [0x00000000e7000000, 0x00000000ef404af8, 0x00000000ef404c00, 0x00000000f1964000)
 Metaspace       used 114543K, committed 115392K, reserved 393216K
  class space    used 15070K, committed 15488K, reserved 262144K
}
Event: 75.664 GC heap after
{Heap after GC invocations=138 (full 6):
 def new generation   total 78272K, used 5078K [0x00000000da800000, 0x00000000dfce0000, 0x00000000e7000000)
  eden space 69632K,   0% used [0x00000000da800000, 0x00000000da800000, 0x00000000dec00000)
  from space 8640K,  58% used [0x00000000dec00000, 0x00000000df0f5958, 0x00000000df470000)
  to   space 8640K,   0% used [0x00000000df470000, 0x00000000df470000, 0x00000000dfce0000)
 tenured generation   total 173456K, used 135186K [0x00000000e7000000, 0x00000000f1964000, 0x0000000100000000)
   the space 173456K,  77% used [0x00000000e7000000, 0x00000000ef404af8, 0x00000000ef404c00, 0x00000000f1964000)
 Metaspace       used 114543K, committed 115392K, reserved 393216K
  class space    used 15070K, committed 15488K, reserved 262144K
}
Event: 76.168 GC heap before
{Heap before GC invocations=138 (full 6):
 def new generation   total 78272K, used 74710K [0x00000000da800000, 0x00000000dfce0000, 0x00000000e7000000)
  eden space 69632K, 100% used [0x00000000da800000, 0x00000000dec00000, 0x00000000dec00000)
  from space 8640K,  58% used [0x00000000dec00000, 0x00000000df0f5958, 0x00000000df470000)
  to   space 8640K,   0% used [0x00000000df470000, 0x00000000df470000, 0x00000000dfce0000)
 tenured generation   total 173456K, used 135186K [0x00000000e7000000, 0x00000000f1964000, 0x0000000100000000)
   the space 173456K,  77% used [0x00000000e7000000, 0x00000000ef404af8, 0x00000000ef404c00, 0x00000000f1964000)
 Metaspace       used 114543K, committed 115392K, reserved 393216K
  class space    used 15070K, committed 15488K, reserved 262144K
}
Event: 76.178 GC heap after
{Heap after GC invocations=139 (full 6):
 def new generation   total 78272K, used 4864K [0x00000000da800000, 0x00000000dfce0000, 0x00000000e7000000)
  eden space 69632K,   0% used [0x00000000da800000, 0x00000000da800000, 0x00000000dec00000)
  from space 8640K,  56% used [0x00000000df470000, 0x00000000df9303c8, 0x00000000dfce0000)
  to   space 8640K,   0% used [0x00000000dec00000, 0x00000000dec00000, 0x00000000df470000)
 tenured generation   total 173456K, used 136136K [0x00000000e7000000, 0x00000000f1964000, 0x0000000100000000)
   the space 173456K,  78% used [0x00000000e7000000, 0x00000000ef4f2158, 0x00000000ef4f2200, 0x00000000f1964000)
 Metaspace       used 114543K, committed 115392K, reserved 393216K
  class space    used 15070K, committed 15488K, reserved 262144K
}
Event: 76.659 GC heap before
{Heap before GC invocations=139 (full 6):
 def new generation   total 78272K, used 74496K [0x00000000da800000, 0x00000000dfce0000, 0x00000000e7000000)
  eden space 69632K, 100% used [0x00000000da800000, 0x00000000dec00000, 0x00000000dec00000)
  from space 8640K,  56% used [0x00000000df470000, 0x00000000df9303c8, 0x00000000dfce0000)
  to   space 8640K,   0% used [0x00000000dec00000, 0x00000000dec00000, 0x00000000df470000)
 tenured generation   total 173456K, used 136136K [0x00000000e7000000, 0x00000000f1964000, 0x0000000100000000)
   the space 173456K,  78% used [0x00000000e7000000, 0x00000000ef4f2158, 0x00000000ef4f2200, 0x00000000f1964000)
 Metaspace       used 114543K, committed 115392K, reserved 393216K
  class space    used 15070K, committed 15488K, reserved 262144K
}
Event: 76.668 GC heap after
{Heap after GC invocations=140 (full 6):
 def new generation   total 78272K, used 4733K [0x00000000da800000, 0x00000000dfce0000, 0x00000000e7000000)
  eden space 69632K,   0% used [0x00000000da800000, 0x00000000da800000, 0x00000000dec00000)
  from space 8640K,  54% used [0x00000000dec00000, 0x00000000df09f5d0, 0x00000000df470000)
  to   space 8640K,   0% used [0x00000000df470000, 0x00000000df470000, 0x00000000dfce0000)
 tenured generation   total 173456K, used 137047K [0x00000000e7000000, 0x00000000f1964000, 0x0000000100000000)
   the space 173456K,  79% used [0x00000000e7000000, 0x00000000ef5d5f60, 0x00000000ef5d6000, 0x00000000f1964000)
 Metaspace       used 114543K, committed 115392K, reserved 393216K
  class space    used 15070K, committed 15488K, reserved 262144K
}
Event: 76.951 GC heap before
{Heap before GC invocations=140 (full 6):
 def new generation   total 78272K, used 74365K [0x00000000da800000, 0x00000000dfce0000, 0x00000000e7000000)
  eden space 69632K, 100% used [0x00000000da800000, 0x00000000dec00000, 0x00000000dec00000)
  from space 8640K,  54% used [0x00000000dec00000, 0x00000000df09f5d0, 0x00000000df470000)
  to   space 8640K,   0% used [0x00000000df470000, 0x00000000df470000, 0x00000000dfce0000)
 tenured generation   total 173456K, used 137047K [0x00000000e7000000, 0x00000000f1964000, 0x0000000100000000)
   the space 173456K,  79% used [0x00000000e7000000, 0x00000000ef5d5f60, 0x00000000ef5d6000, 0x00000000f1964000)
 Metaspace       used 114543K, committed 115392K, reserved 393216K
  class space    used 15070K, committed 15488K, reserved 262144K
}
Event: 76.958 GC heap after
{Heap after GC invocations=141 (full 6):
 def new generation   total 78272K, used 46K [0x00000000da800000, 0x00000000dfce0000, 0x00000000e7000000)
  eden space 69632K,   0% used [0x00000000da800000, 0x00000000da800000, 0x00000000dec00000)
  from space 8640K,   0% used [0x00000000df470000, 0x00000000df47b930, 0x00000000dfce0000)
  to   space 8640K,   0% used [0x00000000dec00000, 0x00000000dec00000, 0x00000000df470000)
 tenured generation   total 173456K, used 137589K [0x00000000e7000000, 0x00000000f1964000, 0x0000000100000000)
   the space 173456K,  79% used [0x00000000e7000000, 0x00000000ef65d7d0, 0x00000000ef65d800, 0x00000000f1964000)
 Metaspace       used 114543K, committed 115392K, reserved 393216K
  class space    used 15070K, committed 15488K, reserved 262144K
}
Event: 78.582 GC heap before
{Heap before GC invocations=141 (full 6):
 def new generation   total 78272K, used 69678K [0x00000000da800000, 0x00000000dfce0000, 0x00000000e7000000)
  eden space 69632K, 100% used [0x00000000da800000, 0x00000000dec00000, 0x00000000dec00000)
  from space 8640K,   0% used [0x00000000df470000, 0x00000000df47b930, 0x00000000dfce0000)
  to   space 8640K,   0% used [0x00000000dec00000, 0x00000000dec00000, 0x00000000df470000)
 tenured generation   total 173456K, used 137589K [0x00000000e7000000, 0x00000000f1964000, 0x0000000100000000)
   the space 173456K,  79% used [0x00000000e7000000, 0x00000000ef65d7d0, 0x00000000ef65d800, 0x00000000f1964000)
 Metaspace       used 119319K, committed 120128K, reserved 393216K
  class space    used 15522K, committed 15936K, reserved 262144K
}
Event: 78.596 GC heap after
{Heap after GC invocations=142 (full 6):
 def new generation   total 78272K, used 3642K [0x00000000da800000, 0x00000000dfce0000, 0x00000000e7000000)
  eden space 69632K,   0% used [0x00000000da800000, 0x00000000da800000, 0x00000000dec00000)
  from space 8640K,  42% used [0x00000000dec00000, 0x00000000def8e898, 0x00000000df470000)
  to   space 8640K,   0% used [0x00000000df470000, 0x00000000df470000, 0x00000000dfce0000)
 tenured generation   total 173456K, used 137589K [0x00000000e7000000, 0x00000000f1964000, 0x0000000100000000)
   the space 173456K,  79% used [0x00000000e7000000, 0x00000000ef65d7d0, 0x00000000ef65d800, 0x00000000f1964000)
 Metaspace       used 119319K, committed 120128K, reserved 393216K
  class space    used 15522K, committed 15936K, reserved 262144K
}
Event: 79.718 GC heap before
{Heap before GC invocations=142 (full 6):
 def new generation   total 78272K, used 73274K [0x00000000da800000, 0x00000000dfce0000, 0x00000000e7000000)
  eden space 69632K, 100% used [0x00000000da800000, 0x00000000dec00000, 0x00000000dec00000)
  from space 8640K,  42% used [0x00000000dec00000, 0x00000000def8e898, 0x00000000df470000)
  to   space 8640K,   0% used [0x00000000df470000, 0x00000000df470000, 0x00000000dfce0000)
 tenured generation   total 173456K, used 137589K [0x00000000e7000000, 0x00000000f1964000, 0x0000000100000000)
   the space 173456K,  79% used [0x00000000e7000000, 0x00000000ef65d7d0, 0x00000000ef65d800, 0x00000000f1964000)
 Metaspace       used 132465K, committed 133440K, reserved 393216K
  class space    used 17197K, committed 17664K, reserved 262144K
}
Event: 79.777 GC heap after
{Heap after GC invocations=143 (full 6):
 def new generation   total 78272K, used 8640K [0x00000000da800000, 0x00000000dfce0000, 0x00000000e7000000)
  eden space 69632K,   0% used [0x00000000da800000, 0x00000000da800000, 0x00000000dec00000)
  from space 8640K, 100% used [0x00000000df470000, 0x00000000dfce0000, 0x00000000dfce0000)
  to   space 8640K,   0% used [0x00000000dec00000, 0x00000000dec00000, 0x00000000df470000)
 tenured generation   total 173456K, used 138309K [0x00000000e7000000, 0x00000000f1964000, 0x0000000100000000)
   the space 173456K,  79% used [0x00000000e7000000, 0x00000000ef711408, 0x00000000ef711600, 0x00000000f1964000)
 Metaspace       used 132465K, committed 133440K, reserved 393216K
  class space    used 17197K, committed 17664K, reserved 262144K
}
Event: 81.179 GC heap before
{Heap before GC invocations=143 (full 6):
 def new generation   total 78272K, used 78272K [0x00000000da800000, 0x00000000dfce0000, 0x00000000e7000000)
  eden space 69632K, 100% used [0x00000000da800000, 0x00000000dec00000, 0x00000000dec00000)
  from space 8640K, 100% used [0x00000000df470000, 0x00000000dfce0000, 0x00000000dfce0000)
  to   space 8640K,   0% used [0x00000000dec00000, 0x00000000dec00000, 0x00000000df470000)
 tenured generation   total 173456K, used 138309K [0x00000000e7000000, 0x00000000f1964000, 0x0000000100000000)
   the space 173456K,  79% used [0x00000000e7000000, 0x00000000ef711408, 0x00000000ef711600, 0x00000000f1964000)
 Metaspace       used 141465K, committed 142336K, reserved 393216K
  class space    used 18721K, committed 19136K, reserved 262144K
}
Event: 81.227 GC heap after
{Heap after GC invocations=144 (full 6):
 def new generation   total 78272K, used 8639K [0x00000000da800000, 0x00000000dfce0000, 0x00000000e7000000)
  eden space 69632K,   0% used [0x00000000da800000, 0x00000000da800000, 0x00000000dec00000)
  from space 8640K,  99% used [0x00000000dec00000, 0x00000000df46fff8, 0x00000000df470000)
  to   space 8640K,   0% used [0x00000000df470000, 0x00000000df470000, 0x00000000dfce0000)
 tenured generation   total 173456K, used 150220K [0x00000000e7000000, 0x00000000f1964000, 0x0000000100000000)
   the space 173456K,  86% used [0x00000000e7000000, 0x00000000f02b3338, 0x00000000f02b3400, 0x00000000f1964000)
 Metaspace       used 141465K, committed 142336K, reserved 393216K
  class space    used 18721K, committed 19136K, reserved 262144K
}
Event: 83.487 GC heap before
{Heap before GC invocations=144 (full 6):
 def new generation   total 78272K, used 78271K [0x00000000da800000, 0x00000000dfce0000, 0x00000000e7000000)
  eden space 69632K, 100% used [0x00000000da800000, 0x00000000dec00000, 0x00000000dec00000)
  from space 8640K,  99% used [0x00000000dec00000, 0x00000000df46fff8, 0x00000000df470000)
  to   space 8640K,   0% used [0x00000000df470000, 0x00000000df470000, 0x00000000dfce0000)
 tenured generation   total 173456K, used 150220K [0x00000000e7000000, 0x00000000f1964000, 0x0000000100000000)
   the space 173456K,  86% used [0x00000000e7000000, 0x00000000f02b3338, 0x00000000f02b3400, 0x00000000f1964000)
 Metaspace       used 152567K, committed 153536K, reserved 458752K
  class space    used 19865K, committed 20352K, reserved 262144K
}
Event: 83.592 GC heap after
{Heap after GC invocations=145 (full 6):
 def new generation   total 78272K, used 6106K [0x00000000da800000, 0x00000000dfce0000, 0x00000000e7000000)
  eden space 69632K,   0% used [0x00000000da800000, 0x00000000da800000, 0x00000000dec00000)
  from space 8640K,  70% used [0x00000000df470000, 0x00000000dfa669b0, 0x00000000dfce0000)
  to   space 8640K,   0% used [0x00000000dec00000, 0x00000000dec00000, 0x00000000df470000)
 tenured generation   total 173456K, used 158844K [0x00000000e7000000, 0x00000000f1964000, 0x0000000100000000)
   the space 173456K,  91% used [0x00000000e7000000, 0x00000000f0b1f050, 0x00000000f0b1f200, 0x00000000f1964000)
 Metaspace       used 152567K, committed 153536K, reserved 458752K
  class space    used 19865K, committed 20352K, reserved 262144K
}

Dll operation events (14 events):
Event: 0.002 Loaded shared library /usr/lib/jvm/java-17-openjdk-amd64/lib/libjava.so
Event: 0.025 Loaded shared library /usr/lib/jvm/java-17-openjdk-amd64/lib/libjsvml.so
Event: 0.085 Loaded shared library /usr/lib/jvm/java-17-openjdk-amd64/lib/libzip.so
Event: 0.086 Loaded shared library /usr/lib/jvm/java-17-openjdk-amd64/lib/libinstrument.so
Event: 0.087 Loaded shared library /usr/lib/jvm/java-17-openjdk-amd64/lib/libnio.so
Event: 0.090 Loaded shared library /usr/lib/jvm/java-17-openjdk-amd64/lib/libzip.so
Event: 0.307 Loaded shared library /usr/lib/jvm/java-17-openjdk-amd64/lib/libjimage.so
Event: 0.502 Loaded shared library /usr/lib/jvm/java-17-openjdk-amd64/lib/libverify.so
Event: 0.861 Loaded shared library /usr/lib/jvm/java-17-openjdk-amd64/lib/libnet.so
Event: 0.862 Loaded shared library /tmp/arena/tenants/c1de69a2-3381-4bdd-83b1-d9e6e777a496/sessions/caf23923-26ae-4790-a52a-1da05cf3d2ad/workspace/.gradle-home/native/c067742578af261105cb4f569cf0c3c89f3d7b1fecec35dd04571415982c5e48/linux-amd64/libnative-platform.so
Event: 0.868 Loaded shared library /tmp/arena/tenants/c1de69a2-3381-4bdd-83b1-d9e6e777a496/sessions/caf23923-26ae-4790-a52a-1da05cf3d2ad/workspace/.gradle-home/native/100fb08df4bc3b14c8652ba06237920a3bd2aa13389f12d3474272988ae205f9/linux-amd64/libnative-platform-file-
Event: 2.258 Loaded shared library /usr/lib/jvm/java-17-openjdk-amd64/lib/libmanagement.so
Event: 2.259 Loaded shared library /usr/lib/jvm/java-17-openjdk-amd64/lib/libmanagement_ext.so
Event: 2.421 Loaded shared library /usr/lib/jvm/java-17-openjdk-amd64/lib/libextnet.so

Deoptimization events (20 events):
Event: 91.264 Thread 0x00007f6c4813df30 DEOPT PACKING pc=0x00007f6c7301360b sp=0x00007f6c5affa880
Event: 91.264 Thread 0x00007f6c4813df30 DEOPT UNPACKING pc=0x00007f6c7056b34f sp=0x00007f6c5aff9d10 mode 0
Event: 91.267 Thread 0x00007f6c4813df30 DEOPT PACKING pc=0x00007f6c7301360b sp=0x00007f6c5affa580
Event: 91.267 Thread 0x00007f6c4813df30 DEOPT UNPACKING pc=0x00007f6c7056b34f sp=0x00007f6c5aff9a10 mode 0
Event: 91.267 Thread 0x00007f6c4813df30 DEOPT PACKING pc=0x00007f6c7301360b sp=0x00007f6c5affa580
Event: 91.267 Thread 0x00007f6c4813df30 DEOPT UNPACKING pc=0x00007f6c7056b34f sp=0x00007f6c5aff9a10 mode 0
Event: 91.267 Thread 0x00007f6c4813df30 DEOPT PACKING pc=0x00007f6c7301360b sp=0x00007f6c5affa580
Event: 91.267 Thread 0x00007f6c4813df30 DEOPT UNPACKING pc=0x00007f6c7056b34f sp=0x00007f6c5aff9a10 mode 0
Event: 91.267 Thread 0x00007f6c4813df30 DEOPT PACKING pc=0x00007f6c7301360b sp=0x00007f6c5affa880
Event: 91.267 Thread 0x00007f6c4813df30 DEOPT UNPACKING pc=0x00007f6c7056b34f sp=0x00007f6c5aff9d10 mode 0
Event: 91.267 Thread 0x00007f6c4813df30 DEOPT PACKING pc=0x00007f6c7301360b sp=0x00007f6c5affa880
Event: 91.267 Thread 0x00007f6c4813df30 DEOPT UNPACKING pc=0x00007f6c7056b34f sp=0x00007f6c5aff9d10 mode 0
Event: 91.267 Thread 0x00007f6c4813df30 DEOPT PACKING pc=0x00007f6c7301360b sp=0x00007f6c5affa880
Event: 91.267 Thread 0x00007f6c4813df30 DEOPT UNPACKING pc=0x00007f6c7056b34f sp=0x00007f6c5aff9d10 mode 0
Event: 91.268 Thread 0x00007f6c4813df30 DEOPT PACKING pc=0x00007f6c7301360b sp=0x00007f6c5affa880
Event: 91.268 Thread 0x00007f6c4813df30 DEOPT UNPACKING pc=0x00007f6c7056b34f sp=0x00007f6c5aff9d10 mode 0
Event: 91.291 Thread 0x00007f6c4813df30 DEOPT PACKING pc=0x00007f6c7301360b sp=0x00007f6c5affa580
Event: 91.292 Thread 0x00007f6c4813df30 DEOPT UNPACKING pc=0x00007f6c7056b34f sp=0x00007f6c5aff9a10 mode 0
Event: 91.382 Thread 0x00007f6c4813df30 DEOPT PACKING pc=0x00007f6c730106d6 sp=0x00007f6c5affb0d0
Event: 91.383 Thread 0x00007f6c4813df30 DEOPT UNPACKING pc=0x00007f6c7056b34f sp=0x00007f6c5affa5d8 mode 0

Classes loaded (20 events):
Event: 79.631 Loading class jdk/internal/access/foreign/UnmapperProxy
Event: 79.632 Loading class jdk/internal/access/foreign/UnmapperProxy done
Event: 79.632 Loading class sun/nio/ch/FileChannelImpl$Unmapper done
Event: 79.632 Loading class sun/nio/ch/FileChannelImpl$DefaultUnmapper done
Event: 79.632 Loading class sun/nio/ch/Util$4
Event: 79.632 Loading class sun/nio/ch/Util$4 done
Event: 81.452 Loading class java/nio/charset/IllegalCharsetNameException
Event: 81.452 Loading class java/nio/charset/IllegalCharsetNameException done
Event: 81.453 Loading class sun/nio/cs/StandardCharsets$Classes
Event: 81.454 Loading class sun/nio/cs/StandardCharsets$Classes done
Event: 81.455 Loading class sun/nio/cs/UTF_32BE
Event: 81.455 Loading class sun/nio/cs/UTF_32BE done
Event: 81.455 Loading class sun/nio/cs/UTF_32LE
Event: 81.456 Loading class sun/nio/cs/UTF_32LE done
Event: 81.456 Loading class sun/nio/cs/MS1251
Event: 81.457 Loading class sun/nio/cs/MS1251 done
Event: 82.007 Loading class java/text/MessageFormat
Event: 82.008 Loading class java/text/MessageFormat done
Event: 82.999 Loading class java/util/PriorityQueue
Event: 83.002 Loading class java/util/PriorityQueue done

Classes unloaded (0 events):
No events

Classes redefined (0 events):
No events

Internal exceptions (20 events):
Event: 78.694 Thread 0x00007f6c4813df30 Exception <a 'java/lang/NoSuchMethodError'{0x00000000dadba698}: 'java.lang.Object java.lang.invoke.DirectMethodHandle$Holder.invokeStaticInit(java.lang.Object, int, java.lang.Object, java.lang.Object, java.lang.Object)'> (0x00000000dadba698) 
thrown [./src/hotspot/share/interpreter/linkResolver.cpp, line 758]
Event: 78.983 Thread 0x00007f6c4813df30 Exception <a 'sun/nio/fs/UnixException'{0x00000000dc3d6808}> (0x00000000dc3d6808) 
thrown [./src/hotspot/share/prims/jni.cpp, line 516]
Event: 79.009 Thread 0x00007f6c4813df30 Exception <a 'java/lang/NoSuchMethodError'{0x00000000dc50b840}: 'java.lang.Object java.lang.invoke.DirectMethodHandle$Holder.invokeStaticInit(java.lang.Object, int)'> (0x00000000dc50b840) 
thrown [./src/hotspot/share/interpreter/linkResolver.cpp, line 758]
Event: 79.034 Thread 0x00007f6c4813df30 Exception <a 'java/lang/NoSuchMethodError'{0x00000000dc6ce5d0}: 'long java.lang.invoke.DirectMethodHandle$Holder.invokeStatic(java.lang.Object)'> (0x00000000dc6ce5d0) 
thrown [./src/hotspot/share/interpreter/linkResolver.cpp, line 758]
Event: 79.034 Thread 0x00007f6c4813df30 Exception <a 'java/lang/NoSuchMethodError'{0x00000000dc6d1c30}: 'long java.lang.invoke.DirectMethodHandle$Holder.invokeStaticInit(java.lang.Object)'> (0x00000000dc6d1c30) 
thrown [./src/hotspot/share/interpreter/linkResolver.cpp, line 758]
Event: 79.117 Thread 0x00007f6c4813df30 Exception <a 'java/lang/NoSuchMethodError'{0x00000000dcaa72e0}: 'void java.lang.invoke.DirectMethodHandle$Holder.invokeStaticInit(java.lang.Object)'> (0x00000000dcaa72e0) 
thrown [./src/hotspot/share/interpreter/linkResolver.cpp, line 758]
Event: 79.125 Thread 0x00007f6c4813df30 Exception <a 'java/lang/NoSuchMethodError'{0x00000000dcaffed8}: 'void java.lang.invoke.DelegatingMethodHandle$Holder.reinvoke_L(java.lang.Object, java.lang.Object, java.lang.Object, long, java.lang.Object)'> (0x00000000dcaffed8) 
thrown [./src/hotspot/share/interpreter/linkResolver.cpp, line 758]
Event: 79.126 Thread 0x00007f6c4813df30 Exception <a 'java/lang/NoSuchMethodError'{0x00000000dcb12048}: 'int java.lang.invoke.DelegatingMethodHandle$Holder.reinvoke_L(java.lang.Object, java.lang.Object, java.lang.Object, long, java.lang.Object, java.lang.Object)'> (0x00000000dcb12048) 
thrown [./src/hotspot/share/interpreter/linkResolver.cpp, line 758]
Event: 79.126 Thread 0x00007f6c4813df30 Exception <a 'java/lang/NoSuchMethodError'{0x00000000dcb20a50}: 'int java.lang.invoke.DelegatingMethodHandle$Holder.reinvoke_L(java.lang.Object, java.lang.Object, java.lang.Object, long, int, int)'> (0x00000000dcb20a50) 
thrown [./src/hotspot/share/interpreter/linkResolver.cpp, line 758]
Event: 79.128 Thread 0x00007f6c4813df30 Exception <a 'java/lang/NoSuchMethodError'{0x00000000dcb2f200}: 'int java.lang.invoke.DelegatingMethodHandle$Holder.reinvoke_L(java.lang.Object, java.lang.Object, java.lang.Object, long, long, long)'> (0x00000000dcb2f200) 
thrown [./src/hotspot/share/interpreter/linkResolver.cpp, line 758]
Event: 79.129 Thread 0x00007f6c4813df30 Exception <a 'java/lang/NoSuchMethodError'{0x00000000dcb3d6a0}: 'int java.lang.invoke.DelegatingMethodHandle$Holder.reinvoke_L(java.lang.Object, java.lang.Object, java.lang.Object, long, int)'> (0x00000000dcb3d6a0) 
thrown [./src/hotspot/share/interpreter/linkResolver.cpp, line 758]
Event: 79.131 Thread 0x00007f6c4813df30 Exception <a 'java/lang/NoSuchMethodError'{0x00000000dcb57220}: 'void java.lang.invoke.DelegatingMethodHandle$Holder.reinvoke_L(java.lang.Object, java.lang.Object, java.lang.Object, long, java.lang.Object, long, long)'> (0x00000000dcb57220) 
thrown [./src/hotspot/share/interpreter/linkResolver.cpp, line 758]
Event: 79.132 Thread 0x00007f6c4813df30 Exception <a 'java/lang/NoSuchMethodError'{0x00000000dcb5e0c0}: 'long java.lang.invoke.Invokers$Holder.invokeExact_MT(java.lang.Object, java.lang.Object, java.lang.Object)'> (0x00000000dcb5e0c0) 
thrown [./src/hotspot/share/interpreter/linkResolver.cpp, line 758]
Event: 79.132 Thread 0x00007f6c4813df30 Exception <a 'java/lang/NoSuchMethodError'{0x00000000dcb61d28}: 'int java.lang.invoke.Invokers$Holder.invokeExact_MT(java.lang.Object, java.lang.Object, java.lang.Object)'> (0x00000000dcb61d28) 
thrown [./src/hotspot/share/interpreter/linkResolver.cpp, line 758]
Event: 79.614 Thread 0x00007f6c4813df30 Implicit null exception at 0x00007f6c707ab7b3 to 0x00007f6c707ab90c
Event: 79.628 Thread 0x00007f6c4813df30 Exception <a 'java/lang/NoSuchMethodError'{0x00000000de6434e0}: 'java.lang.Object java.lang.invoke.Invokers$Holder.invoke_MT(java.lang.Object, java.lang.Object, java.lang.Object)'> (0x00000000de6434e0) 
thrown [./src/hotspot/share/interpreter/linkResolver.cpp, line 758]
Event: 80.069 Thread 0x00007f6c4813df30 Exception <a 'java/lang/NoSuchMethodError'{0x00000000db892dc8}: 'java.lang.Object java.lang.invoke.DirectMethodHandle$Holder.newInvokeSpecial(java.lang.Object, int, java.lang.Object, java.lang.Object, java.lang.Object, java.lang.Object)'> (0x00000000db892dc8) 
thrown [./src/hotspot/share/interpreter/linkResolver.cpp, line 758]
Event: 80.102 Thread 0x00007f6c4813df30 Exception <a 'java/lang/NoSuchMethodError'{0x00000000dba26730}: 'java.lang.Object java.lang.invoke.DirectMethodHandle$Holder.invokeStatic(java.lang.Object, java.lang.Object, int, java.lang.Object)'> (0x00000000dba26730) 
thrown [./src/hotspot/share/interpreter/linkResolver.cpp, line 758]
Event: 81.634 Thread 0x00007f6c4813df30 Exception <a 'java/lang/NoSuchMethodError'{0x00000000dbf7e998}: 'int java.lang.invoke.DirectMethodHandle$Holder.invokeSpecial(java.lang.Object, java.lang.Object, int, int)'> (0x00000000dbf7e998) 
thrown [./src/hotspot/share/interpreter/linkResolver.cpp, line 758]
Event: 81.742 Thread 0x00007f6c4813df30 Exception <a 'java/lang/NoSuchMethodError'{0x00000000dc4f0310}: 'int java.lang.invoke.DirectMethodHandle$Holder.invokeStaticInit(java.lang.Object, int)'> (0x00000000dc4f0310) 
thrown [./src/hotspot/share/interpreter/linkResolver.cpp, line 758]

VM Operations (20 events):
Event: 82.377 Executing VM operation: Cleanup
Event: 82.377 Executing VM operation: Cleanup done
Event: 83.379 Executing VM operation: Cleanup
Event: 83.382 Executing VM operation: Cleanup done
Event: 83.485 Executing VM operation: GenCollectForAllocation
Event: 83.595 Executing VM operation: GenCollectForAllocation done
Event: 84.601 Executing VM operation: Cleanup
Event: 84.649 Executing VM operation: Cleanup done
Event: 88.671 Executing VM operation: Cleanup
Event: 88.684 Executing VM operation: Cleanup done
Event: 91.687 Executing VM operation: Cleanup
Event: 91.690 Executing VM operation: Cleanup done
Event: 92.175 Executing VM operation: HandshakeAllThreads
Event: 92.181 Executing VM operation: HandshakeAllThreads done
Event: 92.269 Executing VM operation: HandshakeAllThreads
Event: 92.272 Executing VM operation: HandshakeAllThreads done
Event: 93.182 Executing VM operation: HandshakeAllThreads
Event: 93.186 Executing VM operation: HandshakeAllThreads done
Event: 93.187 Executing VM operation: Cleanup
Event: 93.193 Executing VM operation: Cleanup done

Memory protections (20 events):
Event: 11.661 Protecting memory [0x00007f6c80cee000,0x00007f6c80cf2000] with protection modes 0
Event: 11.890 Protecting memory [0x00007f6c80bed000,0x00007f6c80bf1000] with protection modes 0
Event: 12.754 Protecting memory [0x00007f6c80aec000,0x00007f6c80af0000] with protection modes 0
Event: 17.274 Protecting memory [0x00007f6c809eb000,0x00007f6c809ef000] with protection modes 0
Event: 19.590 Protecting memory [0x00007f6c808ea000,0x00007f6c808ee000] with protection modes 0
Event: 27.264 Protecting memory [0x00007f6c807e9000,0x00007f6c807ed000] with protection modes 0
Event: 27.292 Protecting memory [0x00007f6c806e8000,0x00007f6c806ec000] with protection modes 0
Event: 28.501 Protecting memory [0x00007f6c805e7000,0x00007f6c805eb000] with protection modes 0
Event: 31.972 Protecting memory [0x00007f6c804e6000,0x00007f6c804ea000] with protection modes 0
Event: 36.268 Protecting memory [0x00007f6c803e5000,0x00007f6c803e9000] with protection modes 0
Event: 40.289 Protecting memory [0x00007f6c802e4000,0x00007f6c802e8000] with protection modes 0
Event: 41.778 Protecting memory [0x00007f6c801e3000,0x00007f6c801e7000] with protection modes 0
Event: 42.397 Protecting memory [0x00007f6c800e2000,0x00007f6c800e6000] with protection modes 0
Event: 45.585 Protecting memory [0x00007f6c70411000,0x00007f6c70415000] with protection modes 0
Event: 46.474 Protecting memory [0x00007f6c70310000,0x00007f6c70314000] with protection modes 0
Event: 46.880 Protecting memory [0x00007f6c7020f000,0x00007f6c70213000] with protection modes 0
Event: 46.959 Protecting memory [0x00007f6c822ca000,0x00007f6c822ce000] with protection modes 0
Event: 46.964 Protecting memory [0x00007f6c7010e000,0x00007f6c70112000] with protection modes 0
Event: 46.967 Protecting memory [0x00007f6c7000d000,0x00007f6c70011000] with protection modes 0
Event: 78.290 Protecting memory [0x00007f6c5af00000,0x00007f6c5af04000] with protection modes 0

Nmethod flushes (20 events):
Event: 80.078 Thread 0x00007f6c7c062e60 flushing  nmethod 0x00007f6c72dc3010
Event: 80.078 Thread 0x00007f6c7c062e60 flushing  nmethod 0x00007f6c72dc3910
Event: 80.078 Thread 0x00007f6c7c062e60 flushing  nmethod 0x00007f6c72dfd310
Event: 80.078 Thread 0x00007f6c7c062e60 flushing  nmethod 0x00007f6c72e00610
Event: 80.078 Thread 0x00007f6c7c062e60 flushing  nmethod 0x00007f6c72e06910
Event: 80.078 Thread 0x00007f6c7c062e60 flushing  nmethod 0x00007f6c72e08510
Event: 80.078 Thread 0x00007f6c7c062e60 flushing osr nmethod 0x00007f6c72e15e10
Event: 82.276 Thread 0x00007f6c7c062e60 flushing  nmethod 0x00007f6c72dff210
Event: 82.278 Thread 0x00007f6c7c062e60 flushing  nmethod 0x00007f6c72e02090
Event: 82.278 Thread 0x00007f6c7c062e60 flushing  nmethod 0x00007f6c72e0e890
Event: 82.278 Thread 0x00007f6c7c062e60 flushing  nmethod 0x00007f6c72e1c990
Event: 82.278 Thread 0x00007f6c7c062e60 flushing osr nmethod 0x00007f6c72e28c90
Event: 82.278 Thread 0x00007f6c7c062e60 flushing  nmethod 0x00007f6c72e2c090
Event: 92.186 Thread 0x00007f6c7c062e60 flushing  nmethod 0x00007f6c708f6410
Event: 92.217 Thread 0x00007f6c7c062e60 flushing  nmethod 0x00007f6c71af2090
Event: 92.242 Thread 0x00007f6c7c062e60 flushing  nmethod 0x00007f6c72dfe290
Event: 92.243 Thread 0x00007f6c7c062e60 flushing  nmethod 0x00007f6c72dfea10
Event: 92.243 Thread 0x00007f6c7c062e60 flushing  nmethod 0x00007f6c72e01090
Event: 92.243 Thread 0x00007f6c7c062e60 flushing  nmethod 0x00007f6c72e09690
Event: 92.243 Thread 0x00007f6c7c062e60 flushing  nmethod 0x00007f6c72e14f10

Events (20 events):
Event: 11.661 Thread 0x00007f6c1c021ce0 Thread added: 0x00007f6c31129590
Event: 11.890 Thread 0x00007f6c1c021ce0 Thread added: 0x00007f6c3113f9f0
Event: 12.714 Thread 0x00007f6c1c021ce0 Thread added: 0x00007f6c31150d80
Event: 17.269 Thread 0x00007f6c1c021ce0 Thread added: 0x00007f6c31999e20
Event: 19.590 Thread 0x00007f6c1c021ce0 Thread added: 0x00007f6c31c6b1c0
Event: 27.264 Thread 0x00007f6c1c021ce0 Thread added: 0x00007f6c326576e0
Event: 27.292 Thread 0x00007f6c326576e0 Thread added: 0x00007f6c38020ec0
Event: 28.499 Thread 0x00007f6c326576e0 Thread added: 0x00007f6c380723d0
Event: 31.968 Thread 0x00007f6c326576e0 Thread added: 0x00007f6c38094690
Event: 36.266 Thread 0x00007f6c326576e0 Thread added: 0x00007f6c38265340
Event: 40.285 Thread 0x00007f6c326576e0 Thread added: 0x00007f6c3826dd50
Event: 41.770 Thread 0x00007f6c326576e0 Thread added: 0x00007f6c38254120
Event: 42.391 Thread 0x00007f6c326576e0 Thread added: 0x00007f6c38224840
Event: 45.584 Thread 0x00007f6c326576e0 Thread added: 0x00007f6c383cdb90
Event: 46.471 Thread 0x00007f6c326576e0 Thread added: 0x00007f6c383bbd20
Event: 46.879 Thread 0x00007f6c326576e0 Thread added: 0x00007f6c38439be0
Event: 46.959 Thread 0x00007f6c326576e0 Thread added: 0x00007f6c3845a980
Event: 46.964 Thread 0x00007f6c326576e0 Thread added: 0x00007f6c3845c7c0
Event: 46.967 Thread 0x00007f6c326576e0 Thread added: 0x00007f6c3845d960
Event: 78.289 Thread 0x00007f6c38265340 Thread added: 0x00007f6c4813df30


Dynamic libraries:
da800000-dfce0000 rw-p 00000000 00:00 0 
dfce0000-e7000000 ---p 00000000 00:00 0 
e7000000-f1964000 rw-p 00000000 00:00 0 
f1964000-100000000 ---p 00000000 00:00 0 
562743fe5000-562743fe6000 r--p 00000000 fe:00 395415                     /usr/lib/jvm/java-17-openjdk-amd64/bin/java
562743fe6000-562743fe7000 r-xp 00001000 fe:00 395415                     /usr/lib/jvm/java-17-openjdk-amd64/bin/java
562743fe7000-562743fe8000 r--p 00002000 fe:00 395415                     /usr/lib/jvm/java-17-openjdk-amd64/bin/java
562743fe8000-562743fe9000 r--p 00002000 fe:00 395415                     /usr/lib/jvm/java-17-openjdk-amd64/bin/java
562743fe9000-562743fea000 rw-p 00003000 fe:00 395415                     /usr/lib/jvm/java-17-openjdk-amd64/bin/java
562745ead000-562745ef4000 rw-p 00000000 00:00 0                          [heap]
7f6c18000000-7f6c18370000 rw-p 00000000 00:00 0 
7f6c18370000-7f6c1c000000 ---p 00000000 00:00 0 
7f6c1c000000-7f6c1c054000 rw-p 00000000 00:00 0 
7f6c1c054000-7f6c20000000 ---p 00000000 00:00 0 
7f6c20000000-7f6c207c0000 rw-p 00000000 00:00 0 
7f6c207c0000-7f6c20900000 rw-p 00000000 00:00 0 
7f6c20900000-7f6c20f00000 rw-p 00000000 00:00 0 
7f6c20f00000-7f6c21000000 rw-p 00000000 00:00 0 
7f6c21000000-7f6c210c0000 rw-p 00000000 00:00 0 
7f6c210c0000-7f6c21500000 rw-p 00000000 00:00 0 
7f6c21500000-7f6c21600000 rw-p 00000000 00:00 0 
7f6c21600000-7f6c21800000 rw-p 00000000 00:00 0 
7f6c21800000-7f6c21900000 rw-p 00000000 00:00 0 
7f6c21900000-7f6c21b00000 rw-p 00000000 00:00 0 
7f6c21b00000-7f6c21c00000 rw-p 00000000 00:00 0 
7f6c21c00000-7f6c22180000 rw-p 00000000 00:00 0 
7f6c22180000-7f6c221b0000 rw-p 00000000 00:00 0 
7f6c221b0000-7f6c22200000 ---p 00000000 00:00 0 
7f6c22200000-7f6c23f00000 rw-p 00000000 00:00 0 
7f6c23f00000-7f6c24000000 rw-p 00000000 00:00 0 
7f6c24000000-7f6c24021000 rw-p 00000000 00:00 0 
7f6c24021000-7f6c28000000 ---p 00000000 00:00 0 
7f6c28000000-7f6c2803f000 rw-p 00000000 00:00 0 
7f6c2803f000-7f6c2c000000 ---p 00000000 00:00 0 
7f6c2c000000-7f6c2c038000 rw-p 00000000 00:00 0 
7f6c2c038000-7f6c30000000 ---p 00000000 00:00 0 
7f6c30000000-7f6c33374000 rw-p 00000000 00:00 0 
7f6c33374000-7f6c34000000 ---p 00000000 00:00 0 
7f6c34000000-7f6c34c6f000 rw-p 00000000 00:00 0 
7f6c34c6f000-7f6c38000000 ---p 00000000 00:00 0 
7f6c38000000-7f6c38728000 rw-p 00000000 00:00 0 
7f6c38728000-7f6c3c000000 ---p 00000000 00:00 0 
7f6c3c000000-7f6c3c021000 rw-p 00000000 00:00 0 
7f6c3c021000-7f6c40000000 ---p 00000000 00:00 0 
7f6c40000000-7f6c42246000 rw-p 00000000 00:00 0 
7f6c42246000-7f6c44000000 ---p 00000000 00:00 0 
7f6c44000000-7f6c44021000 rw-p 00000000 00:00 0 
7f6c44021000-7f6c48000000 ---p 00000000 00:00 0 
7f6c48000000-7f6c481bc000 rw-p 00000000 00:00 0 
7f6c481bc000-7f6c4c000000 ---p 00000000 00:00 0 
7f6c4c000000-7f6c4c021000 rw-p 00000000 00:00 0 
7f6c4c021000-7f6c50000000 ---p 00000000 00:00 0 
7f6c50000000-7f6c50021000 rw-p 00000000 00:00 0 
7f6c50021000-7f6c54000000 ---p 00000000 00:00 0 
7f6c54000000-7f6c540f3000 rw-p 00000000 00:00 0 
7f6c540f3000-7f6c58000000 ---p 00000000 00:00 0 
7f6c5a8ec000-7f6c5a9ad000 r--s 00000000 fe:00 400950                     /tmp/arena/tenants/c1de69a2-3381-4bdd-83b1-d9e6e777a496/sessions/caf23923-26ae-4790-a52a-1da05cf3d2ad/workspace/.gradle-home/caches/modules-2/files-2.1/androidx.collection/collection-jvm/1.4.4/da13a7e557c430276b8cb490420effebc1398c0d/collection-jvm-1.4.4.jar
7f6c5a9ad000-7f6c5a9f0000 r--s 00000000 fe:00 400937                     /tmp/arena/tenants/c1de69a2-3381-4bdd-83b1-d9e6e777a496/sessions/caf23923-26ae-4790-a52a-1da05cf3d2ad/workspace/.gradle-home/caches/modules-2/files-2.1/org.jetbrains.kotlinx/kotlinx-serialization-json-jvm/1.7.3/6701e8c68d9e82387ce72ee96e8ddf058208d58f/kotlinx-serialization-json-jvm-1.7.3.jar
7f6c5a9f0000-7f6c5aa50000 r--s 00000000 fe:00 400936                     /tmp/arena/tenants/c1de69a2-3381-4bdd-83b1-d9e6e777a496/sessions/caf23923-26ae-4790-a52a-1da05cf3d2ad/workspace/.gradle-home/caches/modules-2/files-2.1/org.jetbrains.kotlinx/kotlinx-serialization-core-jvm/1.7.3/1f226780b845ff9206474c05159245d861556249/kotlinx-serialization-core-jvm-1.7.3.jar
7f6c5acf9000-7f6c5aea4000 r--s 00000000 fe:00 400967                     /tmp/arena/tenants/c1de69a2-3381-4bdd-83b1-d9e6e777a496/sessions/caf23923-26ae-4790-a52a-1da05cf3d2ad/workspace/.gradle-home/caches/modules-2/files-2.1/org.jetbrains.kotlin/kotlin-stdlib/2.0.21/618b539767b4899b4660a83006e052b63f1db551/kotlin-stdlib-2.0.21.jar
7f6c5aea4000-7f6c5aeff000 r--s 00000000 fe:00 400963                     /tmp/arena/tenants/c1de69a2-3381-4bdd-83b1-d9e6e777a496/sessions/caf23923-26ae-4790-a52a-1da05cf3d2ad/workspace/.gradle-home/caches/modules-2/files-2.1/com.squareup.okio/okio-jvm/3.9.0/eaa4f7858a1e80908b1a2e861e662edd7c6cbbb5/okio-jvm-3.9.0.jar
7f6c5aeff000-7f6c5af00000 ---p 00000000 00:00 0 
7f6c5af00000-7f6c5af04000 ---p 00000000 00:00 0 
7f6c5af04000-7f6c5b400000 rw-p 00000000 00:00 0 
7f6c5b400000-7f6c5b900000 rw-p 00000000 00:00 0 
7f6c5b900000-7f6c5ba00000 rw-p 00000000 00:00 0 
7f6c5ba00000-7f6c5c300000 rw-p 00000000 00:00 0 
7f6c5c300000-7f6c5c400000 rw-p 00000000 00:00 0 
7f6c5c400000-7f6c5c900000 rw-p 00000000 00:00 0 
7f6c5c900000-7f6c5cb00000 rw-p 00000000 00:00 0 
7f6c5cb00000-7f6c5cc00000 rw-p 00000000 00:00 0 
7f6c5cc00000-7f6c5df00000 rw-p 00000000 00:00 0 
7f6c5df00000-7f6c5e000000 rw-p 00000000 00:00 0 
7f6c5e000000-7f6c5e100000 rw-p 00000000 00:00 0 
7f6c5e100000-7f6c5e200000 rw-p 00000000 00:00 0 
7f6c5e200000-7f6c5e5e0000 rw-p 00000000 00:00 0 
7f6c5e5e0000-7f6c5e700000 rw-p 00000000 00:00 0 
7f6c5e700000-7f6c5f000000 rw-p 00000000 00:00 0 
7f6c5f000000-7f6c5f455000 rw-p 00001000 fe:00 394129                     /usr/lib/jvm/java-17-openjdk-amd64/lib/server/classes.jsa
7f6c5f455000-7f6c5fbca000 rw-p 00456000 fe:00 394129                     /usr/lib/jvm/java-17-openjdk-amd64/lib/server/classes.jsa
7f6c5fbca000-7f6c60000000 ---p 00000000 00:00 0 
7f6c60000000-7f6c60040000 rw-p 00000000 00:00 0 
7f6c60040000-7f6c60080000 rw-p 00000000 00:00 0 
7f6c60080000-7f6c60140000 rw-p 00000000 00:00 0 
7f6c60140000-7f6c60180000 rw-p 00000000 00:00 0 
7f6c60180000-7f6c60440000 rw-p 00000000 00:00 0 
7f6c60440000-7f6c60680000 rw-p 00000000 00:00 0 
7f6c60680000-7f6c608c0000 rw-p 00000000 00:00 0 
7f6c608c0000-7f6c60900000 rw-p 00000000 00:00 0 
7f6c60900000-7f6c60c40000 rw-p 00000000 00:00 0 
7f6c60c40000-7f6c60c80000 rw-p 00000000 00:00 0 
7f6c60c80000-7f6c60e40000 rw-p 00000000 00:00 0 
7f6c60e40000-7f6c61370000 rw-p 00000000 00:00 0 
7f6c61370000-7f6c61380000 ---p 00000000 00:00 0 
7f6c61380000-7f6c61410000 rw-p 00000000 00:00 0 
7f6c61410000-7f6c70000000 ---p 00000000 00:00 0 
7f6c7000c000-7f6c7000d000 ---p 00000000 00:00 0 
7f6c7000d000-7f6c70011000 ---p 00000000 00:00 0 
7f6c70011000-7f6c7010d000 rw-p 00000000 00:00 0 
7f6c7010d000-7f6c7010e000 ---p 00000000 00:00 0 
7f6c7010e000-7f6c70112000 ---p 00000000 00:00 0 
7f6c70112000-7f6c7020e000 rw-p 00000000 00:00 0 
7f6c7020e000-7f6c7020f000 ---p 00000000 00:00 0 
7f6c7020f000-7f6c70213000 ---p 00000000 00:00 0 
7f6c70213000-7f6c7030f000 rw-p 00000000 00:00 0 
7f6c7030f000-7f6c70310000 ---p 00000000 00:00 0 
7f6c70310000-7f6c70314000 ---p 00000000 00:00 0 
7f6c70314000-7f6c70410000 rw-p 00000000 00:00 0 
7f6c70410000-7f6c70411000 ---p 00000000 00:00 0 
7f6c70411000-7f6c70415000 ---p 00000000 00:00 0 
7f6c70415000-7f6c70511000 rw-p 00000000 00:00 0 
7f6c70511000-7f6c730c1000 rwxp 00000000 00:00 0 
7f6c730d1000-7f6c74511000 ---p 00000000 00:00 0 
7f6c74511000-7f6c7c000000 r--s 00000000 fe:00 395468                     /usr/lib/jvm/java-17-openjdk-amd64/lib/modules
7f6c7c000000-7f6c7d35a000 rw-p 00000000 00:00 0 
7f6c7d35a000-7f6c80000000 ---p 00000000 00:00 0 
7f6c80020000-7f6c800e1000 r--s 00000000 fe:00 400959                     /tmp/arena/tenants/c1de69a2-3381-4bdd-83b1-d9e6e777a496/sessions/caf23923-26ae-4790-a52a-1da05cf3d2ad/workspace/.gradle-home/caches/modules-2/files-2.1/com.squareup.okhttp3/okhttp/4.12.0/2f4525d4a200e97e1b87449c2cd9bd2e25b7e8cd/okhttp-4.12.0.jar
7f6c800e1000-7f6c800e2000 ---p 00000000 00:00 0 
7f6c800e2000-7f6c800e6000 ---p 00000000 00:00 0 
7f6c800e6000-7f6c801e2000 rw-p 00000000 00:00 0 
7f6c801e2000-7f6c801e3000 ---p 00000000 00:00 0 
7f6c801e3000-7f6c801e7000 ---p 00000000 00:00 0 
7f6c801e7000-7f6c802e3000 rw-p 00000000 00:00 0 
7f6c802e3000-7f6c802e4000 ---p 00000000 00:00 0 
7f6c802e4000-7f6c802e8000 ---p 00000000 00:00 0 
7f6c802e8000-7f6c803e4000 rw-p 00000000 00:00 0 
7f6c803e4000-7f6c803e5000 ---p 00000000 00:00 0 
7f6c803e5000-7f6c803e9000 ---p 00000000 00:00 0 
7f6c803e9000-7f6c804e5000 rw-p 00000000 00:00 0 
7f6c804e5000-7f6c804e6000 ---p 00000000 00:00 0 
7f6c804e6000-7f6c804ea000 ---p 00000000 00:00 0 
7f6c804ea000-7f6c805e6000 rw-p 00000000 00:00 0 
7f6c805e6000-7f6c805e7000 ---p 00000000 00:00 0 
7f6c805e7000-7f6c805eb000 ---p 00000000 00:00 0 
7f6c805eb000-7f6c806e7000 rw-p 00000000 00:00 0 
7f6c806e7000-7f6c806e8000 ---p 00000000 00:00 0 
7f6c806e8000-7f6c806ec000 ---p 00000000 00:00 0 
7f6c806ec000-7f6c807e8000 rw-p 00000000 00:00 0 
7f6c807e8000-7f6c807e9000 ---p 00000000 00:00 0 
7f6c807e9000-7f6c807ed000 ---p 00000000 00:00 0 
7f6c807ed000-7f6c808e9000 rw-p 00000000 00:00 0 
7f6c808e9000-7f6c808ea000 ---p 00000000 00:00 0 
7f6c808ea000-7f6c808ee000 ---p 00000000 00:00 0 
7f6c808ee000-7f6c809ea000 rw-p 00000000 00:00 0 
7f6c809ea000-7f6c809eb000 ---p 00000000 00:00 0 
7f6c809eb000-7f6c809ef000 ---p 00000000 00:00 0 
7f6c809ef000-7f6c80aeb000 rw-p 00000000 00:00 0 
7f6c80aeb000-7f6c80aec000 ---p 00000000 00:00 0 
7f6c80aec000-7f6c80af0000 ---p 00000000 00:00 0 
7f6c80af0000-7f6c80bec000 rw-p 00000000 00:00 0 
7f6c80bec000-7f6c80bed000 ---p 00000000 00:00 0 
7f6c80bed000-7f6c80bf1000 ---p 00000000 00:00 0 
7f6c80bf1000-7f6c80ced000 rw-p 00000000 00:00 0 
7f6c80ced000-7f6c80cee000 ---p 00000000 00:00 0 
7f6c80cee000-7f6c80cf2000 ---p 00000000 00:00 0 
7f6c80cf2000-7f6c80dee000 rw-p 00000000 00:00 0 
7f6c80dee000-7f6c80def000 ---p 00000000 00:00 0 
7f6c80def000-7f6c80df3000 ---p 00000000 00:00 0 
7f6c80df3000-7f6c80eef000 rw-p 00000000 00:00 0 
7f6c80eef000-7f6c80ef0000 ---p 00000000 00:00 0 
7f6c80ef0000-7f6c80ef4000 ---p 00000000 00:00 0 
7f6c80ef4000-7f6c80ff0000 rw-p 00000000 00:00 0 
7f6c80ff0000-7f6c80ff1000 ---p 00000000 00:00 0 
7f6c80ff1000-7f6c80ff5000 ---p 00000000 00:00 0 
7f6c80ff5000-7f6c810f1000 rw-p 00000000 00:00 0 
7f6c810f1000-7f6c810f2000 ---p 00000000 00:00 0 
7f6c810f2000-7f6c810f6000 ---p 00000000 00:00 0 
7f6c810f6000-7f6c811f2000 rw-p 00000000 00:00 0 
7f6c811f2000-7f6c811f3000 ---p 00000000 00:00 0 
7f6c811f3000-7f6c811f7000 ---p 00000000 00:00 0 
7f6c811f7000-7f6c812f3000 rw-p 00000000 00:00 0 
7f6c812f3000-7f6c812f4000 ---p 00000000 00:00 0 
7f6c812f4000-7f6c812f8000 ---p 00000000 00:00 0 
7f6c812f8000-7f6c813f4000 rw-p 00000000 00:00 0 
7f6c813f4000-7f6c813f5000 ---p 00000000 00:00 0 
7f6c813f5000-7f6c813f9000 ---p 00000000 00:00 0 
7f6c813f9000-7f6c814f5000 rw-p 00000000 00:00 0 
7f6c814f5000-7f6c814f6000 ---p 00000000 00:00 0 
7f6c814f6000-7f6c814fa000 ---p 00000000 00:00 0 
7f6c814fa000-7f6c815f6000 rw-p 00000000 00:00 0 
7f6c815f6000-7f6c815f7000 ---p 00000000 00:00 0 
7f6c815f7000-7f6c815fb000 ---p 00000000 00:00 0 
7f6c815fb000-7f6c816f7000 rw-p 00000000 00:00 0 
7f6c816f7000-7f6c816f8000 ---p 00000000 00:00 0 
7f6c816f8000-7f6c816fc000 ---p 00000000 00:00 0 
7f6c816fc000-7f6c817f8000 rw-p 00000000 00:00 0 
7f6c817f8000-7f6c817f9000 ---p 00000000 00:00 0 
7f6c817f9000-7f6c817fd000 ---p 00000000 00:00 0 
7f6c817fd000-7f6c818f9000 rw-p 00000000 00:00 0 
7f6c818f9000-7f6c818fa000 ---p 00000000 00:00 0 
7f6c818fa000-7f6c818fe000 ---p 00000000 00:00 0 
7f6c818fe000-7f6c819fa000 rw-p 00000000 00:00 0 
7f6c819fa000-7f6c819fb000 ---p 00000000 00:00 0 
7f6c819fb000-7f6c819ff000 ---p 00000000 00:00 0 
7f6c819ff000-7f6c81afb000 rw-p 00000000 00:00 0 
7f6c81afb000-7f6c81afc000 ---p 00000000 00:00 0 
7f6c81afc000-7f6c81b00000 ---p 00000000 00:00 0 
7f6c81b00000-7f6c81bfc000 rw-p 00000000 00:00 0 
7f6c81bfc000-7f6c81bfd000 ---p 00000000 00:00 0 
7f6c81bfd000-7f6c81c01000 ---p 00000000 00:00 0 
7f6c81c01000-7f6c81cfd000 rw-p 00000000 00:00 0 
7f6c81cfd000-7f6c81cfe000 ---p 00000000 00:00 0 
7f6c81cfe000-7f6c81d02000 ---p 00000000 00:00 0 
7f6c81d02000-7f6c81dfe000 rw-p 00000000 00:00 0 
7f6c81dfe000-7f6c81dff000 ---p 00000000 00:00 0 
7f6c81dff000-7f6c81e03000 ---p 00000000 00:00 0 
7f6c81e03000-7f6c81eff000 rw-p 00000000 00:00 0 
7f6c81eff000-7f6c81f00000 ---p 00000000 00:00 0 
7f6c81f00000-7f6c81f04000 ---p 00000000 00:00 0 
7f6c81f04000-7f6c82000000 rw-p 00000000 00:00 0 
7f6c82000000-7f6c82053000 r-xp 00000000 fe:00 395251                     /tmp/arena/tenants/c1de69a2-3381-4bdd-83b1-d9e6e777a496/sessions/caf23923-26ae-4790-a52a-1da05cf3d2ad/workspace/.gradle-home/native/100fb08df4bc3b14c8652ba06237920a3bd2aa13389f12d3474272988ae205f9/linux-amd64/libnative-platform-file-events.so
7f6c82053000-7f6c82252000 ---p 00053000 fe:00 395251                     /tmp/arena/tenants/c1de69a2-3381-4bdd-83b1-d9e6e777a496/sessions/caf23923-26ae-4790-a52a-1da05cf3d2ad/workspace/.gradle-home/native/100fb08df4bc3b14c8652ba06237920a3bd2aa13389f12d3474272988ae205f9/linux-amd64/libnative-platform-file-events.so
7f6c82252000-7f6c82253000 r--p 00052000 fe:00 395251                     /tmp/arena/tenants/c1de69a2-3381-4bdd-83b1-d9e6e777a496/sessions/caf23923-26ae-4790-a52a-1da05cf3d2ad/workspace/.gradle-home/native/100fb08df4bc3b14c8652ba06237920a3bd2aa13389f12d3474272988ae205f9/linux-amd64/libnative-platform-file-events.so
7f6c82253000-7f6c82255000 rw-p 00053000 fe:00 395251                     /tmp/arena/tenants/c1de69a2-3381-4bdd-83b1-d9e6e777a496/sessions/caf23923-26ae-4790-a52a-1da05cf3d2ad/workspace/.gradle-home/native/100fb08df4bc3b14c8652ba06237920a3bd2aa13389f12d3474272988ae205f9/linux-amd64/libnative-platform-file-events.so
7f6c822a9000-7f6c822b7000 r--s 00000000 fe:00 400958                     /tmp/arena/tenants/c1de69a2-3381-4bdd-83b1-d9e6e777a496/sessions/caf23923-26ae-4790-a52a-1da05cf3d2ad/workspace/.gradle-home/caches/modules-2/files-2.1/androidx.annotation/annotation-jvm/1.8.1/b8a16fe526014b7941c1debaccaf9c5153692dbb/annotation-jvm-1.8.1.jar
7f6c822b7000-7f6c822c1000 r--s 00000000 fe:00 400947                     /tmp/arena/tenants/c1de69a2-3381-4bdd-83b1-d9e6e777a496/sessions/caf23923-26ae-4790-a52a-1da05cf3d2ad/workspace/.gradle-home/caches/8.10.2/transforms/c6995c238bda9f9ef968f5cf833dc973/transformed/savedstate-1.2.1-api.jar
7f6c822c1000-7f6c822c4000 r--s 00000000 fe:00 539050                     /tmp/arena/tenants/c1de69a2-3381-4bdd-83b1-d9e6e777a496/sessions/caf23923-26ae-4790-a52a-1da05cf3d2ad/workspace/.gradle-home/caches/8.10.2/transforms/274b5ce93f35416529b8e3364d6f99ca/transformed/annotation-experimental-1.4.1-api.jar
7f6c822c9000-7f6c822ca000 ---p 00000000 00:00 0 
7f6c822ca000-7f6c822ce000 ---p 00000000 00:00 0 
7f6c822ce000-7f6c822ec000 rw-p 00000000 00:00 0 
7f6c822ec000-7f6c822ed000 ---p 00000000 00:00 0 
7f6c822ed000-7f6c822f1000 ---p 00000000 00:00 0 
7f6c822f1000-7f6c823ed000 rw-p 00000000 00:00 0 
7f6c823ed000-7f6c823ef000 r--p 00000000 fe:00 395457                     /usr/lib/jvm/java-17-openjdk-amd64/lib/libmanagement_ext.so
7f6c823ef000-7f6c823f2000 r-xp 00002000 fe:00 395457                     /usr/lib/jvm/java-17-openjdk-amd64/lib/libmanagement_ext.so
7f6c823f2000-7f6c823f3000 r--p 00005000 fe:00 395457                     /usr/lib/jvm/java-17-openjdk-amd64/lib/libmanagement_ext.so
7f6c823f3000-7f6c823f4000 r--p 00006000 fe:00 395457                     /usr/lib/jvm/java-17-openjdk-amd64/lib/libmanagement_ext.so
7f6c823f4000-7f6c823f5000 rw-p 00007000 fe:00 395457                     /usr/lib/jvm/java-17-openjdk-amd64/lib/libmanagement_ext.so
7f6c823f5000-7f6c823f7000 r--p 00000000 fe:00 395455                     /usr/lib/jvm/java-17-openjdk-amd64/lib/libmanagement.so
7f6c823f7000-7f6c823f8000 r-xp 00002000 fe:00 395455                     /usr/lib/jvm/java-17-openjdk-amd64/lib/libmanagement.so
7f6c823f8000-7f6c823f9000 r--p 00003000 fe:00 395455                     /usr/lib/jvm/java-17-openjdk-amd64/lib/libmanagement.so
7f6c823f9000-7f6c823fa000 r--p 00003000 fe:00 395455                     /usr/lib/jvm/java-17-openjdk-amd64/lib/libmanagement.so
7f6c823fa000-7f6c823fb000 rw-p 00004000 fe:00 395455                     /usr/lib/jvm/java-17-openjdk-amd64/lib/libmanagement.so
7f6c823fb000-7f6c823fc000 r--p 00000000 00:25 973                        /usr/lib/x86_64-linux-gnu/libpthread.so.0
7f6c823fc000-7f6c823fd000 r-xp 00001000 00:25 973                        /usr/lib/x86_64-linux-gnu/libpthread.so.0
7f6c823fd000-7f6c823fe000 r--p 00002000 00:25 973                        /usr/lib/x86_64-linux-gnu/libpthread.so.0
7f6c823fe000-7f6c823ff000 r--p 00002000 00:25 973                        /usr/lib/x86_64-linux-gnu/libpthread.so.0
7f6c823ff000-7f6c82400000 rw-p 00003000 00:25 973                        /usr/lib/x86_64-linux-gnu/libpthread.so.0
7f6c82400000-7f6c82405000 r-xp 00000000 fe:00 394200                     /tmp/arena/tenants/c1de69a2-3381-4bdd-83b1-d9e6e777a496/sessions/caf23923-26ae-4790-a52a-1da05cf3d2ad/workspace/.gradle-home/native/c067742578af261105cb4f569cf0c3c89f3d7b1fecec35dd04571415982c5e48/linux-amd64/libnative-platform.so
7f6c82405000-7f6c82605000 ---p 00005000 fe:00 394200                     /tmp/arena/tenants/c1de69a2-3381-4bdd-83b1-d9e6e777a496/sessions/caf23923-26ae-4790-a52a-1da05cf3d2ad/workspace/.gradle-home/native/c067742578af261105cb4f569cf0c3c89f3d7b1fecec35dd04571415982c5e48/linux-amd64/libnative-platform.so
7f6c82605000-7f6c82606000 r--p 00005000 fe:00 394200                     /tmp/arena/tenants/c1de69a2-3381-4bdd-83b1-d9e6e777a496/sessions/caf23923-26ae-4790-a52a-1da05cf3d2ad/workspace/.gradle-home/native/c067742578af261105cb4f569cf0c3c89f3d7b1fecec35dd04571415982c5e48/linux-amd64/libnative-platform.so
7f6c82606000-7f6c82607000 rw-p 00006000 fe:00 394200                     /tmp/arena/tenants/c1de69a2-3381-4bdd-83b1-d9e6e777a496/sessions/caf23923-26ae-4790-a52a-1da05cf3d2ad/workspace/.gradle-home/native/c067742578af261105cb4f569cf0c3c89f3d7b1fecec35dd04571415982c5e48/linux-amd64/libnative-platform.so
7f6c82608000-7f6c82609000 r--s 00000000 fe:00 400944                     /tmp/arena/tenants/c1de69a2-3381-4bdd-83b1-d9e6e777a496/sessions/caf23923-26ae-4790-a52a-1da05cf3d2ad/workspace/.gradle-home/caches/8.10.2/transforms/520140cc931dd884b1b9da4ccf3e405a/transformed/savedstate-ktx-1.2.1-api.jar
7f6c82609000-7f6c8260d000 r--p 00000000 fe:00 395466                     /usr/lib/jvm/java-17-openjdk-amd64/lib/libverify.so
7f6c8260d000-7f6c82614000 r-xp 00004000 fe:00 395466                     /usr/lib/jvm/java-17-openjdk-amd64/lib/libverify.so
7f6c82614000-7f6c82616000 r--p 0000b000 fe:00 395466                     /usr/lib/jvm/java-17-openjdk-amd64/lib/libverify.so
7f6c82616000-7f6c82618000 r--p 0000c000 fe:00 395466                     /usr/lib/jvm/java-17-openjdk-amd64/lib/libverify.so
7f6c82618000-7f6c82619000 rw-p 0000e000 fe:00 395466                     /usr/lib/jvm/java-17-openjdk-amd64/lib/libverify.so
7f6c82619000-7f6c8261a000 ---p 00000000 00:00 0 
7f6c8261a000-7f6c8271a000 rw-p 00000000 00:00 0 
7f6c8271a000-7f6c8271b000 ---p 00000000 00:00 0 
7f6c8271b000-7f6c8271f000 ---p 00000000 00:00 0 
7f6c8271f000-7f6c8281b000 rw-p 00000000 00:00 0 
7f6c8281b000-7f6c8281f000 r--p 00000000 fe:00 395459                     /usr/lib/jvm/java-17-openjdk-amd64/lib/libnet.so
7f6c8281f000-7f6c8282d000 r-xp 00004000 fe:00 395459                     /usr/lib/jvm/java-17-openjdk-amd64/lib/libnet.so
7f6c8282d000-7f6c82831000 r--p 00012000 fe:00 395459                     /usr/lib/jvm/java-17-openjdk-amd64/lib/libnet.so
7f6c82831000-7f6c82832000 r--p 00015000 fe:00 395459                     /usr/lib/jvm/java-17-openjdk-amd64/lib/libnet.so
7f6c82832000-7f6c82833000 rw-p 00016000 fe:00 395459                     /usr/lib/jvm/java-17-openjdk-amd64/lib/libnet.so
7f6c82833000-7f6c82834000 ---p 00000000 00:00 0 
7f6c82834000-7f6c82838000 ---p 00000000 00:00 0 
7f6c82838000-7f6c82934000 rw-p 00000000 00:00 0 
7f6c82934000-7f6c82935000 ---p 00000000 00:00 0 
7f6c82935000-7f6c82939000 ---p 00000000 00:00 0 
7f6c82939000-7f6c82a35000 rw-p 00000000 00:00 0 
7f6c82a35000-7f6c82a36000 ---p 00000000 00:00 0 
7f6c82a36000-7f6c82a3a000 ---p 00000000 00:00 0 
7f6c82a3a000-7f6c82b36000 rw-p 00000000 00:00 0 
7f6c82b36000-7f6c82b37000 ---p 00000000 00:00 0 
7f6c82b37000-7f6c82b3b000 ---p 00000000 00:00 0 
7f6c82b3b000-7f6c82c37000 rw-p 00000000 00:00 0 
7f6c82c37000-7f6c82c38000 ---p 00000000 00:00 0 
7f6c82c38000-7f6c82c3c000 ---p 00000000 00:00 0 
7f6c82c3c000-7f6c82d38000 rw-p 00000000 00:00 0 
7f6c82d38000-7f6c82d39000 ---p 00000000 00:00 0 
7f6c82d39000-7f6c82d3d000 ---p 00000000 00:00 0 
7f6c82d3d000-7f6c82e39000 rw-p 00000000 00:00 0 
7f6c82e39000-7f6c82e3a000 ---p 00000000 00:00 0 
7f6c82e3a000-7f6c82e3e000 ---p 00000000 00:00 0 
7f6c82e3e000-7f6c82f3a000 rw-p 00000000 00:00 0 
7f6c82f3a000-7f6c82f91000 r--p 00000000 00:25 524                        /usr/lib/locale/C.utf8/LC_CTYPE
7f6c82f91000-7f6c82f92000 ---p 00000000 00:00 0 
7f6c82f92000-7f6c82f96000 ---p 00000000 00:00 0 
7f6c82f96000-7f6c83092000 rw-p 00000000 00:00 0 
7f6c83092000-7f6c83093000 ---p 00000000 00:00 0 
7f6c83093000-7f6c83097000 ---p 00000000 00:00 0 
7f6c83097000-7f6c83193000 rw-p 00000000 00:00 0 
7f6c83193000-7f6c83194000 ---p 00000000 00:00 0 
7f6c83194000-7f6c83294000 rw-p 00000000 00:00 0 
7f6c83294000-7f6c83299000 r--p 00000000 fe:00 395453                     /usr/lib/jvm/java-17-openjdk-amd64/lib/libjsvml.so
7f6c83299000-7f6c832da000 r-xp 00005000 fe:00 395453                     /usr/lib/jvm/java-17-openjdk-amd64/lib/libjsvml.so
7f6c832da000-7f6c83363000 r--p 00046000 fe:00 395453                     /usr/lib/jvm/java-17-openjdk-amd64/lib/libjsvml.so
7f6c83363000-7f6c83364000 r--p 000ce000 fe:00 395453                     /usr/lib/jvm/java-17-openjdk-amd64/lib/libjsvml.so
7f6c83364000-7f6c83365000 rw-p 000cf000 fe:00 395453                     /usr/lib/jvm/java-17-openjdk-amd64/lib/libjsvml.so
7f6c83365000-7f6c83482000 rw-p 00000000 00:00 0 
7f6c83482000-7f6c83483000 r--p 00000000 fe:00 395439                     /usr/lib/jvm/java-17-openjdk-amd64/lib/libextnet.so
7f6c83483000-7f6c83484000 r-xp 00001000 fe:00 395439                     /usr/lib/jvm/java-17-openjdk-amd64/lib/libextnet.so
7f6c83484000-7f6c83485000 r--p 00002000 fe:00 395439                     /usr/lib/jvm/java-17-openjdk-amd64/lib/libextnet.so
7f6c83485000-7f6c83486000 r--p 00002000 fe:00 395439                     /usr/lib/jvm/java-17-openjdk-amd64/lib/libextnet.so
7f6c83486000-7f6c83487000 rw-p 00003000 fe:00 395439                     /usr/lib/jvm/java-17-openjdk-amd64/lib/libextnet.so
7f6c83487000-7f6c8348e000 r--p 00000000 fe:00 395460                     /usr/lib/jvm/java-17-openjdk-amd64/lib/libnio.so
7f6c8348e000-7f6c83497000 r-xp 00007000 fe:00 395460                     /usr/lib/jvm/java-17-openjdk-amd64/lib/libnio.so
7f6c83497000-7f6c8349b000 r--p 00010000 fe:00 395460                     /usr/lib/jvm/java-17-openjdk-amd64/lib/libnio.so
7f6c8349b000-7f6c8349c000 r--p 00014000 fe:00 395460                     /usr/lib/jvm/java-17-openjdk-amd64/lib/libnio.so
7f6c8349c000-7f6c8349d000 rw-p 00015000 fe:00 395460                     /usr/lib/jvm/java-17-openjdk-amd64/lib/libnio.so
7f6c8349d000-7f6c8349f000 r--p 00000000 fe:00 395467                     /usr/lib/jvm/java-17-openjdk-amd64/lib/libzip.so
7f6c8349f000-7f6c834a3000 r-xp 00002000 fe:00 395467                     /usr/lib/jvm/java-17-openjdk-amd64/lib/libzip.so
7f6c834a3000-7f6c834a5000 r--p 00006000 fe:00 395467                     /usr/lib/jvm/java-17-openjdk-amd64/lib/libzip.so
7f6c834a5000-7f6c834a6000 r--p 00007000 fe:00 395467                     /usr/lib/jvm/java-17-openjdk-amd64/lib/libzip.so
7f6c834a6000-7f6c834a7000 rw-p 00008000 fe:00 395467                     /usr/lib/jvm/java-17-openjdk-amd64/lib/libzip.so
7f6c834a7000-7f6c834a8000 r--p 00000000 00:25 531                        /usr/lib/locale/C.utf8/LC_NUMERIC
7f6c834a8000-7f6c834a9000 r--p 00000000 00:25 534                        /usr/lib/locale/C.utf8/LC_TIME
7f6c834a9000-7f6c834aa000 r--p 00000000 00:25 523                        /usr/lib/locale/C.utf8/LC_COLLATE
7f6c834aa000-7f6c834ab000 r--p 00000000 00:25 529                        /usr/lib/locale/C.utf8/LC_MONETARY
7f6c834ab000-7f6c834ac000 r--p 00000000 00:25 528                        /usr/lib/locale/C.utf8/LC_MESSAGES/SYS_LC_MESSAGES
7f6c834ac000-7f6c834ad000 r--p 00000000 00:25 532                        /usr/lib/locale/C.utf8/LC_PAPER
7f6c834ad000-7f6c834ae000 r--p 00000000 00:25 530                        /usr/lib/locale/C.utf8/LC_NAME
7f6c834ae000-7f6c834af000 r--p 00000000 00:25 522                        /usr/lib/locale/C.utf8/LC_ADDRESS
7f6c834af000-7f6c834b0000 r--p 00000000 00:25 533                        /usr/lib/locale/C.utf8/LC_TELEPHONE
7f6c834b0000-7f6c834b1000 r--p 00000000 00:25 526                        /usr/lib/locale/C.utf8/LC_MEASUREMENT
7f6c834b1000-7f6c834b8000 r--s 00000000 00:25 880                        /usr/lib/x86_64-linux-gnu/gconv/gconv-modules.cache
7f6c834b8000-7f6c834b9000 r--p 00000000 00:25 525                        /usr/lib/locale/C.utf8/LC_IDENTIFICATION
7f6c834b9000-7f6c8350e000 rw-p 00000000 00:00 0 
7f6c8350e000-7f6c83582000 ---p 00000000 00:00 0 
7f6c83582000-7f6c835ad000 rw-p 00000000 00:00 0 
7f6c835ad000-7f6c835e6000 ---p 00000000 00:00 0 
7f6c835e6000-7f6c8363b000 rw-p 00000000 00:00 0 
7f6c8363b000-7f6c836ae000 ---p 00000000 00:00 0 
7f6c836ae000-7f6c83707000 rw-p 00000000 00:00 0 
7f6c83707000-7f6c8372f000 ---p 00000000 00:00 0 
7f6c8372f000-7f6c83737000 rw-s 00000000 fe:00 537789                     /tmp/hsperfdata_root/2109
7f6c83737000-7f6c83743000 r--p 00000000 fe:00 395446                     /usr/lib/jvm/java-17-openjdk-amd64/lib/libjava.so
7f6c83743000-7f6c83754000 r-xp 0000c000 fe:00 395446                     /usr/lib/jvm/java-17-openjdk-amd64/lib/libjava.so
7f6c83754000-7f6c8375a000 r--p 0001d000 fe:00 395446                     /usr/lib/jvm/java-17-openjdk-amd64/lib/libjava.so
7f6c8375a000-7f6c8375b000 r--p 00022000 fe:00 395446                     /usr/lib/jvm/java-17-openjdk-amd64/lib/libjava.so
7f6c8375b000-7f6c8375c000 rw-p 00023000 fe:00 395446                     /usr/lib/jvm/java-17-openjdk-amd64/lib/libjava.so
7f6c8375c000-7f6c8375d000 rw-p 00000000 00:00 0 
7f6c8375d000-7f6c8375e000 r--p 00000000 fe:00 395441                     /usr/lib/jvm/java-17-openjdk-amd64/lib/libinstrument.so
7f6c8375e000-7f6c83764000 r-xp 00001000 fe:00 395441                     /usr/lib/jvm/java-17-openjdk-amd64/lib/libinstrument.so
7f6c83764000-7f6c83767000 r--p 00007000 fe:00 395441                     /usr/lib/jvm/java-17-openjdk-amd64/lib/libinstrument.so
7f6c83767000-7f6c83768000 r--p 00009000 fe:00 395441                     /usr/lib/jvm/java-17-openjdk-amd64/lib/libinstrument.so
7f6c83768000-7f6c83769000 rw-p 0000a000 fe:00 395441                     /usr/lib/jvm/java-17-openjdk-amd64/lib/libinstrument.so
7f6c83769000-7f6c8376b000 r--p 00000000 fe:00 395449                     /usr/lib/jvm/java-17-openjdk-amd64/lib/libjimage.so
7f6c8376b000-7f6c8376e000 r-xp 00002000 fe:00 395449                     /usr/lib/jvm/java-17-openjdk-amd64/lib/libjimage.so
7f6c8376e000-7f6c8376f000 r--p 00005000 fe:00 395449                     /usr/lib/jvm/java-17-openjdk-amd64/lib/libjimage.so
7f6c8376f000-7f6c83770000 r--p 00006000 fe:00 395449                     /usr/lib/jvm/java-17-openjdk-amd64/lib/libjimage.so
7f6c83770000-7f6c83771000 rw-p 00007000 fe:00 395449                     /usr/lib/jvm/java-17-openjdk-amd64/lib/libjimage.so
7f6c83771000-7f6c83775000 ---p 00000000 00:00 0 
7f6c83775000-7f6c83871000 rw-p 00000000 00:00 0 
7f6c83871000-7f6c83874000 r--p 00000000 00:25 929                        /usr/lib/x86_64-linux-gnu/libgcc_s.so.1
7f6c83874000-7f6c8388b000 r-xp 00003000 00:25 929                        /usr/lib/x86_64-linux-gnu/libgcc_s.so.1
7f6c8388b000-7f6c8388f000 r--p 0001a000 00:25 929                        /usr/lib/x86_64-linux-gnu/libgcc_s.so.1
7f6c8388f000-7f6c83890000 r--p 0001d000 00:25 929                        /usr/lib/x86_64-linux-gnu/libgcc_s.so.1
7f6c83890000-7f6c83891000 rw-p 0001e000 00:25 929                        /usr/lib/x86_64-linux-gnu/libgcc_s.so.1
7f6c83891000-7f6c838a1000 r--p 00000000 00:25 946                        /usr/lib/x86_64-linux-gnu/libm.so.6
7f6c838a1000-7f6c83915000 r-xp 00010000 00:25 946                        /usr/lib/x86_64-linux-gnu/libm.so.6
7f6c83915000-7f6c8396f000 r--p 00084000 00:25 946                        /usr/lib/x86_64-linux-gnu/libm.so.6
7f6c8396f000-7f6c83970000 r--p 000dd000 00:25 946                        /usr/lib/x86_64-linux-gnu/libm.so.6
7f6c83970000-7f6c83971000 rw-p 000de000 00:25 946                        /usr/lib/x86_64-linux-gnu/libm.so.6
7f6c83971000-7f6c83a0a000 r--p 00000000 00:25 986                        /usr/lib/x86_64-linux-gnu/libstdc++.so.6.0.30
7f6c83a0a000-7f6c83b0b000 r-xp 00099000 00:25 986                        /usr/lib/x86_64-linux-gnu/libstdc++.so.6.0.30
7f6c83b0b000-7f6c83b7a000 r--p 0019a000 00:25 986                        /usr/lib/x86_64-linux-gnu/libstdc++.so.6.0.30
7f6c83b7a000-7f6c83b85000 r--p 00209000 00:25 986                        /usr/lib/x86_64-linux-gnu/libstdc++.so.6.0.30
7f6c83b85000-7f6c83b88000 rw-p 00214000 00:25 986                        /usr/lib/x86_64-linux-gnu/libstdc++.so.6.0.30
7f6c83b88000-7f6c83b8b000 rw-p 00000000 00:00 0 
7f6c83b8b000-7f6c83ddc000 r--p 00000000 fe:00 395470                     /usr/lib/jvm/java-17-openjdk-amd64/lib/server/libjvm.so
7f6c83ddc000-7f6c84b2e000 r-xp 00251000 fe:00 395470                     /usr/lib/jvm/java-17-openjdk-amd64/lib/server/libjvm.so
7f6c84b2e000-7f6c84db0000 r--p 00fa3000 fe:00 395470                     /usr/lib/jvm/java-17-openjdk-amd64/lib/server/libjvm.so
7f6c84db0000-7f6c84e68000 r--p 01225000 fe:00 395470                     /usr/lib/jvm/java-17-openjdk-amd64/lib/server/libjvm.so
7f6c84e68000-7f6c84e9d000 rw-p 012dd000 fe:00 395470                     /usr/lib/jvm/java-17-openjdk-amd64/lib/server/libjvm.so
7f6c84e9d000-7f6c84ef9000 rw-p 00000000 00:00 0 
7f6c84ef9000-7f6c84f1f000 r--p 00000000 00:25 907                        /usr/lib/x86_64-linux-gnu/libc.so.6
7f6c84f1f000-7f6c85075000 r-xp 00026000 00:25 907                        /usr/lib/x86_64-linux-gnu/libc.so.6
7f6c85075000-7f6c850c8000 r--p 0017c000 00:25 907                        /usr/lib/x86_64-linux-gnu/libc.so.6
7f6c850c8000-7f6c850cc000 r--p 001cf000 00:25 907                        /usr/lib/x86_64-linux-gnu/libc.so.6
7f6c850cc000-7f6c850ce000 rw-p 001d3000 00:25 907                        /usr/lib/x86_64-linux-gnu/libc.so.6
7f6c850ce000-7f6c850db000 rw-p 00000000 00:00 0 
7f6c850db000-7f6c850dd000 r--p 00000000 fe:00 395450                     /usr/lib/jvm/java-17-openjdk-amd64/lib/libjli.so
7f6c850dd000-7f6c850e6000 r-xp 00002000 fe:00 395450                     /usr/lib/jvm/java-17-openjdk-amd64/lib/libjli.so
7f6c850e6000-7f6c850e9000 r--p 0000b000 fe:00 395450                     /usr/lib/jvm/java-17-openjdk-amd64/lib/libjli.so
7f6c850e9000-7f6c850ea000 r--p 0000d000 fe:00 395450                     /usr/lib/jvm/java-17-openjdk-amd64/lib/libjli.so
7f6c850ea000-7f6c850eb000 rw-p 0000e000 fe:00 395450                     /usr/lib/jvm/java-17-openjdk-amd64/lib/libjli.so
7f6c850eb000-7f6c850ee000 r--p 00000000 00:25 1006                       /usr/lib/x86_64-linux-gnu/libz.so.1.2.13
7f6c850ee000-7f6c85101000 r-xp 00003000 00:25 1006                       /usr/lib/x86_64-linux-gnu/libz.so.1.2.13
7f6c85101000-7f6c85108000 r--p 00016000 00:25 1006                       /usr/lib/x86_64-linux-gnu/libz.so.1.2.13
7f6c85108000-7f6c85109000 r--p 0001c000 00:25 1006                       /usr/lib/x86_64-linux-gnu/libz.so.1.2.13
7f6c85109000-7f6c8510a000 rw-p 0001d000 00:25 1006                       /usr/lib/x86_64-linux-gnu/libz.so.1.2.13
7f6c8510a000-7f6c8510b000 ---p 00000000 00:00 0 
7f6c8510b000-7f6c8510c000 r--p 00000000 00:00 0 
7f6c8510c000-7f6c8510d000 ---p 00000000 00:00 0 
7f6c8510d000-7f6c8510f000 rw-p 00000000 00:00 0 
7f6c8510f000-7f6c85110000 r--p 00000000 00:25 889                        /usr/lib/x86_64-linux-gnu/ld-linux-x86-64.so.2
7f6c85110000-7f6c85136000 r-xp 00001000 00:25 889                        /usr/lib/x86_64-linux-gnu/ld-linux-x86-64.so.2
7f6c85136000-7f6c85140000 r--p 00027000 00:25 889                        /usr/lib/x86_64-linux-gnu/ld-linux-x86-64.so.2
7f6c85140000-7f6c85142000 r--p 00031000 00:25 889                        /usr/lib/x86_64-linux-gnu/ld-linux-x86-64.so.2
7f6c85142000-7f6c85144000 rw-p 00033000 00:25 889                        /usr/lib/x86_64-linux-gnu/ld-linux-x86-64.so.2
7ffec06f5000-7ffec0716000 rw-p 00000000 00:00 0                          [stack]
7ffec078d000-7ffec0790000 r--p 00000000 00:00 0                          [vvar]
7ffec0790000-7ffec0792000 r-xp 00000000 00:00 0                          [vdso]
ffffffffff600000-ffffffffff601000 r-xp 00000000 00:00 0                  [vsyscall]


VM Arguments:
jvm_args: -XX:MaxMetaspaceSize=320m -XX:ReservedCodeCacheSize=64m -XX:+UseSerialGC --add-opens=java.base/java.util=ALL-UNNAMED --add-opens=java.base/java.lang=ALL-UNNAMED --add-opens=java.base/java.lang.invoke=ALL-UNNAMED --add-opens=java.prefs/java.util.prefs=ALL-UNNAMED --add-exports=jdk.compiler/com.sun.tools.javac.api=ALL-UNNAMED --add-exports=jdk.compiler/com.sun.tools.javac.util=ALL-UNNAMED --add-opens=java.base/java.nio.charset=ALL-UNNAMED --add-opens=java.base/java.net=ALL-UNNAMED --add-opens=java.base/java.util.concurrent.atomic=ALL-UNNAMED -Xmx600m -Dfile.encoding=UTF-8 -Duser.country -Duser.language=en -Duser.variant -javaagent:/opt/gradle-8.10.2/lib/agents/gradle-instrumentation-agent-8.10.2.jar 
java_command: org.gradle.launcher.daemon.bootstrap.GradleDaemon 8.10.2
java_class_path (initial): /opt/gradle-8.10.2/lib/gradle-daemon-main-8.10.2.jar
Launcher Type: SUN_STANDARD

[Global flags]
     intx CICompilerCount                          = 2                                         {product} {ergonomic}
   size_t CompressedClassSpaceSize                 = 268435456                                 {product} {ergonomic}
   size_t InitialHeapSize                          = 16777216                                  {product} {ergonomic}
   size_t MaxHeapSize                              = 629145600                                 {product} {command line}
   size_t MaxMetaspaceSize                         = 335544320                                 {product} {command line}
   size_t MaxNewSize                               = 209715200                                 {product} {ergonomic}
   size_t MinHeapDeltaBytes                        = 196608                                    {product} {ergonomic}
   size_t MinHeapSize                              = 8388608                                   {product} {ergonomic}
   size_t NewSize                                  = 5570560                                   {product} {ergonomic}
    uintx NonProfiledCodeHeapSize                  = 0                                      {pd product} {ergonomic}
   size_t OldSize                                  = 11206656                                  {product} {ergonomic}
    uintx ProfiledCodeHeapSize                     = 0                                      {pd product} {ergonomic}
    uintx ReservedCodeCacheSize                    = 67108864                               {pd product} {command line}
   size_t SoftMaxHeapSize                          = 629145600                              {manageable} {ergonomic}
     bool UseCompressedClassPointers               = true                           {product lp64_product} {ergonomic}
     bool UseCompressedOops                        = true                           {product lp64_product} {ergonomic}
     bool UseSerialGC                              = true                                      {product} {command line}

Logging:
Log output configuration:
 #0: stdout all=warning uptime,level,tags
 #1: stderr all=off uptime,level,tags

Environment Variables:
JAVA_HOME=/usr/lib/jvm/java-17-openjdk-amd64
PATH=/usr/lib/jvm/java-17-openjdk-amd64/bin:/opt/arena-python/bin:/usr/local/sbin:/usr/local/bin:/usr/sbin:/usr/bin:/sbin:/bin
LANG=C.UTF-8
LC_ALL=C.UTF-8
TERM=xterm
TMPDIR=/tmp

Active Locale:
LC_ALL=C.UTF-8
LC_COLLATE=C.UTF-8
LC_CTYPE=C.UTF-8
LC_MESSAGES=C.UTF-8
LC_MONETARY=C.UTF-8
LC_NUMERIC=C.UTF-8
LC_TIME=C.UTF-8

Signal Handlers:
   SIGSEGV: crash_handler in libjvm.so, mask=11100100010111111101111111111110, flags=SA_RESTART|SA_SIGINFO, unblocked
    SIGBUS: crash_handler in libjvm.so, mask=11100100010111111101111111111110, flags=SA_RESTART|SA_SIGINFO, unblocked
    SIGFPE: crash_handler in libjvm.so, mask=11100100010111111101111111111110, flags=SA_RESTART|SA_SIGINFO, unblocked
   SIGPIPE: javaSignalHandler in libjvm.so, mask=11100100010111111101111111111110, flags=SA_RESTART|SA_SIGINFO, unblocked
   SIGXFSZ: javaSignalHandler in libjvm.so, mask=11100100010111111101111111111110, flags=SA_RESTART|SA_SIGINFO, unblocked
    SIGILL: crash_handler in libjvm.so, mask=11100100010111111101111111111110, flags=SA_RESTART|SA_SIGINFO, unblocked
   SIGUSR2: SR_handler in libjvm.so, mask=00100000000000000000000000000000, flags=SA_RESTART|SA_SIGINFO, unblocked
    SIGHUP: SIG_IGN, mask=00000000000000000000000000000000, flags=none, unblocked
    SIGINT: SIG_IGN, mask=00000000000000000000000000000000, flags=none, unblocked
   SIGTERM: UserHandler in libjvm.so, mask=11100100010111111101111111111110, flags=SA_RESTART|SA_SIGINFO, unblocked
   SIGQUIT: UserHandler in libjvm.so, mask=11100100010111111101111111111110, flags=SA_RESTART|SA_SIGINFO, blocked
   SIGTRAP: crash_handler in libjvm.so, mask=11100100010111111101111111111110, flags=SA_RESTART|SA_SIGINFO, unblocked


Periodic native trim disabled


---------------  S Y S T E M  ---------------

OS:
PRETTY_NAME="Debian GNU/Linux 12 (bookworm)"
NAME="Debian GNU/Linux"
VERSION_ID="12"
VERSION="12 (bookworm)"
VERSION_CODENAME=bookworm
ID=debian
HOME_URL="https://www.debian.org/"
SUPPORT_URL="https://www.debian.org/support"
BUG_REPORT_URL="https://bugs.debian.org/"
uname: Linux 4.19.91-c8dfc93.al7.x86_64 #1 SMP Tue Sep 26 10:25:51 UTC 2023 x86_64
OS uptime: 0 days 1:51 hours
libc: glibc 2.36 NPTL 2.36 
rlimit (soft/hard): STACK 8192k/infinity , CORE 0k/infinity , NPROC 100000/100000 , NOFILE 100000/100000 , AS infinity/infinity , CPU infinity/infinity , DATA infinity/infinity , FSIZE infinity/infinity , MEMLOCK 64k/64k
load average: 2.48 1.18 0.58

/proc/meminfo:
MemTotal:        1083460 kB
MemFree:           22872 kB
MemAvailable:          0 kB
Buffers:             160 kB
Cached:             8236 kB
SwapCached:            0 kB
Active:          1000904 kB
Inactive:           4260 kB
Active(anon):     996952 kB
Inactive(anon):       16 kB
Active(file):       3952 kB
Inactive(file):     4244 kB
Unevictable:           0 kB
Mlocked:               0 kB
SwapTotal:             0 kB
SwapFree:              0 kB
Dirty:                56 kB
Writeback:             0 kB
AnonPages:        996932 kB
Mapped:             5732 kB
Shmem:                36 kB
Slab:              23324 kB
SReclaimable:      11232 kB
SUnreclaim:        12092 kB
KernelStack:        2880 kB
PageTables:         4144 kB
NFS_Unstable:          0 kB
Bounce:                0 kB
WritebackTmp:          0 kB
CommitLimit:      541728 kB
Committed_AS:    1034044 kB
VmallocTotal:   34359738367 kB
VmallocUsed:           0 kB
VmallocChunk:          0 kB
Percpu:              400 kB
AnonHugePages:     81920 kB
ShmemHugePages:        0 kB
ShmemPmdMapped:        0 kB
HugePages_Total:       0
HugePages_Free:        0
HugePages_Rsvd:        0
HugePages_Surp:        0
Hugepagesize:       2048 kB
Hugetlb:               0 kB
DirectMap4k:        8192 kB
DirectMap2M:     1474560 kB
DirectMap1G:           0 kB

/sys/kernel/mm/transparent_hugepage/enabled: [always] madvise never
/sys/kernel/mm/transparent_hugepage/hpage_pmd_size: 2097152
/sys/kernel/mm/transparent_hugepage/defrag (defrag/compaction efforts parameter): always defer defer+madvise madvise [never]

Process Memory:
Virtual Size: 2356780K (peak: 2396012K)
Resident Set Size: 576552K (peak: 580036K) (anon: 576552K, file: 0K, shmem: 0K)
Swapped out: 0K
C-Heap outstanding allocations: 92454K, retained: 38197K
glibc malloc tunables: (default)

/proc/sys/kernel/threads-max (system-wide limit on the number of threads): 1129
/proc/sys/vm/max_map_count (maximum number of memory map areas a process may have): 65530
/proc/sys/vm/swappiness (control to define how aggressively the kernel swaps out anonymous memory): 60
/proc/sys/kernel/pid_max (system-wide limit on number of process identifiers): 32768

container (cgroup) information:
container_type: cgroupv1
cpu_cpuset_cpus: 0-1
cpu_memory_nodes: 0
active_processor_count: 2
cpu_quota: no quota
cpu_period: 100000
cpu_shares: 12288
memory_limit_in_bytes: 1048576 k
memory_and_swap_limit_in_bytes: unlimited
memory_soft_limit_in_bytes: unlimited
memory_usage_in_bytes: 1017940 k
memory_max_usage_in_bytes: 1019168 k
rss_usage_in_bytes: 989920 k
cache_usage_in_bytes: 8288 k
kernel_memory_limit_in_bytes: unlimited
kernel_memory_usage_in_bytes: 19304 k
kernel_memory_max_usage_in_bytes: 71824 k
maximum number of tasks: unlimited
current number of tasks: 126

KVM virtualization detected
Steal ticks since vm start: 6194
Steal ticks percentage since vm start:  0.322

CPU: total 2 (initial active 2) (2 cores per cpu, 1 threads per core) family 6 model 85 stepping 7 microcode 0x1, cx8, cmov, fxsr, mmx, 3dnowpref, sse, sse2, sse3, ssse3, sse4.1, sse4.2, popcnt, lzcnt, tsc, tscinvbit, avx, avx2, aes, erms, clmul, bmi1, bmi2, adx, avx512f, avx512dq, avx512cd, avx512bw, avx512vl, fma, vzeroupper, avx512_vnni, clflush, clflushopt, clwb, hv
CPU Model and flags from /proc/cpuinfo:
model name	: Intel(R) Xeon(R) Processor @ 2.50GHz
flags		: fpu vme de pse tsc msr pae mce cx8 apic sep mtrr pge mca cmov pat pse36 clflush mmx fxsr sse sse2 ss ht syscall nx pdpe1gb rdtscp lm constant_tsc rep_good nopl xtopology nonstop_tsc cpuid tsc_known_freq pni pclmulqdq ssse3 fma cx16 pcid sse4_1 sse4_2 x2apic movbe popcnt tsc_deadline_timer aes xsave avx f16c rdrand hypervisor lahf_lm abm 3dnowprefetch cpuid_fault invpcid_single ssbd ibrs ibpb stibp ibrs_enhanced fsgsbase tsc_adjust bmi1 avx2 smep bmi2 erms invpcid mpx avx512f avx512dq rdseed adx smap clflushopt clwb avx512cd avx512bw avx512vl xsaveopt xsavec xgetbv1 xsaves umip avx512_vnni md_clear arch_capabilities

Online cpus: 0-1
Offline cpus: 
BIOS frequency limitation: <Not Available>
Frequency switch latency (ns): <Not Available>
Available cpu frequencies: <Not Available>
Current governor: <Not Available>
Core performance/turbo boost: <Not Available>

Memory: 4k page, physical 1048576k(30636k free), swap 0k(0k free)
Page Sizes: 4k

vm_info: OpenJDK 64-Bit Server VM (17.0.20.1+1-1-deb12u1-Debian) for linux-amd64 JRE (17.0.20.1+1-1-deb12u1-Debian), built on Aug 26 2026 10:41:50 by "buildd" with gcc 12.2.0

END.
