#
# There is insufficient memory for the Java Runtime Environment to continue.
# Native memory allocation (mmap) failed to map 65536 bytes. Error detail: committing reserved memory.
# Possible reasons:
#   The system is out of physical RAM or swap space
#   This process is running with CompressedOops enabled, and the Java Heap may be blocking the growth of the native heap
# Possible solutions:
#   Reduce memory load on the system
#   Increase physical memory or swap space
#   Check if swap backing store is full
#   Decrease Java heap size (-Xmx/-Xms)
#   Decrease number of Java threads
#   Decrease Java thread stack sizes (-Xss)
#   Set larger code cache with -XX:ReservedCodeCacheSize=
#   JVM is running with Unscaled Compressed Oops mode in which the Java heap is
#     placed in the first 4GB address space. The Java Heap base address is the
#     maximum limit for the native heap growth. Please use -XX:HeapBaseMinAddress
#     to set the Java Heap base and to place the Java Heap above 4GB virtual address.
# This output file may be truncated or incomplete.
#
#  Out of Memory Error (os_linux.cpp:2834), pid=2005, tid=2016
#
# JRE version: OpenJDK Runtime Environment (17.0.20.1+1) (build 17.0.20.1+1-1-deb12u1-Debian)
# Java VM: OpenJDK 64-Bit Server VM (17.0.20.1+1-1-deb12u1-Debian, mixed mode, sharing, tiered, compressed oops, compressed class ptrs, serial gc, linux-amd64)
# No core dump will be written. Core dumps have been disabled. To enable core dumping, try "ulimit -c unlimited" before starting Java again
#

---------------  S U M M A R Y ------------

Command Line: -XX:MaxMetaspaceSize=384m -XX:+UseSerialGC --add-opens=java.base/java.util=ALL-UNNAMED --add-opens=java.base/java.lang=ALL-UNNAMED --add-opens=java.base/java.lang.invoke=ALL-UNNAMED --add-opens=java.prefs/java.util.prefs=ALL-UNNAMED --add-exports=jdk.compiler/com.sun.tools.javac.api=ALL-UNNAMED --add-exports=jdk.compiler/com.sun.tools.javac.util=ALL-UNNAMED --add-opens=java.base/java.nio.charset=ALL-UNNAMED --add-opens=java.base/java.net=ALL-UNNAMED --add-opens=java.base/java.util.concurrent.atomic=ALL-UNNAMED -Xmx700m -Dfile.encoding=UTF-8 -Duser.country -Duser.language=en -Duser.variant -javaagent:/opt/gradle-8.10.2/lib/agents/gradle-instrumentation-agent-8.10.2.jar org.gradle.launcher.daemon.bootstrap.GradleDaemon 8.10.2

Host: Intel(R) Xeon(R) Processor @ 2.50GHz, 2 cores, 1G, Debian GNU/Linux 12 (bookworm)
Time: Wed Sep 23 07:52:39 2026 UTC elapsed time: 87.639926 seconds (0d 0h 1m 27s)

---------------  T H R E A D  ---------------

Current thread (0x00007f3a54060c90):  JavaThread "C2 CompilerThread0" daemon [_thread_in_vm, id=2016, stack(0x00007f3a59d88000,0x00007f3a59e88000)]


Current CompileTask:
C2:87655 20506   !   4       java.io.ObjectOutputStream::writeObject0 (620 bytes)

Stack: [0x00007f3a59d88000,0x00007f3a59e88000],  sp=0x00007f3a59e83150,  free space=1004k
Native frames: (J=compiled Java code, j=interpreted, Vv=VM code, C=native code)
V  [libjvm.so+0xf21211]  VMError::report_and_die(int, char const*, char const*, __va_list_tag*, Thread*, unsigned char*, void*, void*, char const*, int, unsigned long)+0x171
V  [libjvm.so+0xf21d7d]  VMError::report_and_die(Thread*, char const*, int, unsigned long, VMErrorType, char const*, __va_list_tag*)+0x2d
V  [libjvm.so+0x60378c]  report_vm_out_of_memory(char const*, int, unsigned long, VMErrorType, char const*, ...)+0xdc
V  [libjvm.so+0xc29fba]  os::pd_commit_memory(char*, unsigned long, unsigned long, bool)+0xda
V  [libjvm.so+0xc23eed]  os::commit_memory(char*, unsigned long, unsigned long, bool)+0x1d
V  [libjvm.so+0xf19513]  VirtualSpace::expand_by(unsigned long, bool)+0xe3
V  [libjvm.so+0x7c222e]  CodeHeap::expand_by(unsigned long)+0x8e
V  [libjvm.so+0x5a121a]  CodeCache::allocate(int, int, bool, int)+0x7a
V  [libjvm.so+0xbee432]  nmethod::new_nmethod(methodHandle const&, int, int, CodeOffsets*, int, DebugInformationRecorder*, Dependencies*, CodeBuffer*, int, OopMapSet*, ExceptionHandlerTable*, ImplicitExceptionTable*, AbstractCompiler*, int, GrowableArrayView<RuntimeStub*> const&, char*, int, int, char const*, FailedSpeculation**)+0x162
V  [libjvm.so+0x5409ab]  ciEnv::register_method(ciMethod*, int, CodeOffsets*, int, CodeBuffer*, int, OopMapSet*, ExceptionHandlerTable*, ImplicitExceptionTable*, AbstractCompiler*, bool, bool, RTMState, GrowableArrayView<RuntimeStub*> const&)+0x3eb
V  [libjvm.so+0xc4164f]  PhaseOutput::install_code(ciMethod*, int, AbstractCompiler*, bool, bool, RTMState)+0x11f
V  [libjvm.so+0xc41731]  PhaseOutput::install()+0x81
V  [libjvm.so+0x5ca3c7]  Compile::Code_Gen()+0x5f7
V  [libjvm.so+0x5cfb27]  Compile::Compile(ciEnv*, ciMethod*, int, bool, bool, bool, bool, bool, DirectiveSet*)+0x1567
V  [libjvm.so+0x50f078]  C2Compiler::compile_method(ciEnv*, ciMethod*, int, bool, DirectiveSet*)+0x118
V  [libjvm.so+0x5d82d3]  CompileBroker::invoke_compiler_on_method(CompileTask*)+0xe93
V  [libjvm.so+0x5d91f8]  CompileBroker::compiler_thread_loop()+0x728
V  [libjvm.so+0xea087f]  JavaThread::thread_main_inner()+0x1af
V  [libjvm.so+0xea40a5]  Thread::call_run()+0xa5
V  [libjvm.so+0xc2c8f3]  thread_native_entry(Thread*)+0xe3


---------------  P R O C E S S  ---------------

Threads class SMR info:
_java_thread_list=0x00007f39fc041ac0, length=45, elements={
0x00007f3a5401a220, 0x00007f3a54053a20, 0x00007f3a54054e30, 0x00007f3a5405cbb0,
0x00007f3a5405df30, 0x00007f3a5405f310, 0x00007f3a54060c90, 0x00007f3a54062190,
0x00007f3a540635d0, 0x00007f3a5407f060, 0x00007f3a54134190, 0x00007f3a552513b0,
0x00007f3a552bb6c0, 0x00007f3a552f1880, 0x00007f39f0016c50, 0x00007f39f001cd80,
0x00007f39f001f7f0, 0x00007f39f0021e30, 0x00007f39f40072e0, 0x00007f39f400a930,
0x00007f39f400c3e0, 0x00007f39f42fbe50, 0x00007f39f4303810, 0x00007f39f430d7a0,
0x00007f39f46bb690, 0x00007f39f46c0600, 0x00007f39f44b7ed0, 0x00007f39f44cbac0,
0x00007f39f476c260, 0x00007f39f47b0840, 0x00007f39f5209b00, 0x00007f39f521f440,
0x00007f39f522bfd0, 0x00007f39f58ee770, 0x00007f39f5c63f40, 0x00007f39f77936a0,
0x00007f39fc0bf340, 0x00007f39fc1b4cc0, 0x00007f39fc2fb180, 0x00007f39fc16cac0,
0x00007f39fc1680d0, 0x00007f39fc161ad0, 0x00007f39fc15a5c0, 0x00007f39fc2fa170,
0x00007f39fc0410b0
}

Java Threads: ( => current thread )
  0x00007f3a5401a220 JavaThread "main" [_thread_blocked, id=2006, stack(0x00007f3a5ab77000,0x00007f3a5ac77000)]
  0x00007f3a54053a20 JavaThread "Reference Handler" daemon [_thread_blocked, id=2011, stack(0x00007f3a5a2e4000,0x00007f3a5a3e4000)]
  0x00007f3a54054e30 JavaThread "Finalizer" daemon [_thread_blocked, id=2012, stack(0x00007f3a5a1e3000,0x00007f3a5a2e3000)]
  0x00007f3a5405cbb0 JavaThread "Signal Dispatcher" daemon [_thread_blocked, id=2013, stack(0x00007f3a5a08b000,0x00007f3a5a18b000)]
  0x00007f3a5405df30 JavaThread "Service Thread" daemon [_thread_blocked, id=2014, stack(0x00007f3a59f8a000,0x00007f3a5a08a000)]
  0x00007f3a5405f310 JavaThread "Monitor Deflation Thread" daemon [_thread_blocked, id=2015, stack(0x00007f3a59e89000,0x00007f3a59f89000)]
=>0x00007f3a54060c90 JavaThread "C2 CompilerThread0" daemon [_thread_in_vm, id=2016, stack(0x00007f3a59d88000,0x00007f3a59e88000)]
  0x00007f3a54062190 JavaThread "C1 CompilerThread0" daemon [_thread_blocked, id=2017, stack(0x00007f3a59c87000,0x00007f3a59d87000)]
  0x00007f3a540635d0 JavaThread "Sweeper thread" daemon [_thread_blocked, id=2018, stack(0x00007f3a59b86000,0x00007f3a59c86000)]
  0x00007f3a5407f060 JavaThread "Common-Cleaner" daemon [_thread_blocked, id=2019, stack(0x00007f3a59a85000,0x00007f3a59b85000)]
  0x00007f3a54134190 JavaThread "Notification Thread" daemon [_thread_blocked, id=2020, stack(0x00007f3a5996c000,0x00007f3a59a6c000)]
  0x00007f3a552513b0 JavaThread "Daemon health stats" [_thread_blocked, id=2022, stack(0x00007f3a59500000,0x00007f3a59600000)]
  0x00007f3a552bb6c0 JavaThread "Incoming local TCP Connector on port 36169" [_thread_in_native, id=2023, stack(0x00007f3a59100000,0x00007f3a59200000)]
  0x00007f3a552f1880 JavaThread "Daemon periodic checks" [_thread_blocked, id=2024, stack(0x00007f3a58fff000,0x00007f3a590ff000)]
  0x00007f39f0016c50 JavaThread "Daemon" [_thread_blocked, id=2025, stack(0x00007f3a58efe000,0x00007f3a58ffe000)]
  0x00007f39f001cd80 JavaThread "Handler for socket connection from /127.0.0.1:36169 to /127.0.0.1:33880" [_thread_in_native, id=2026, stack(0x00007f3a58dfd000,0x00007f3a58efd000)]
  0x00007f39f001f7f0 JavaThread "Cancel handler" [_thread_blocked, id=2027, stack(0x00007f3a58cfc000,0x00007f3a58dfc000)]
  0x00007f39f0021e30 JavaThread "Daemon worker" [_thread_blocked, id=2028, stack(0x00007f3a58bfb000,0x00007f3a58cfb000)]
  0x00007f39f40072e0 JavaThread "Asynchronous log dispatcher for DefaultDaemonConnection: socket connection from /127.0.0.1:36169 to /127.0.0.1:33880" [_thread_blocked, id=2029, stack(0x00007f3a58afa000,0x00007f3a58bfa000)]
  0x00007f39f400a930 JavaThread "Stdin handler" [_thread_blocked, id=2030, stack(0x00007f3a589f9000,0x00007f3a58af9000)]
  0x00007f39f400c3e0 JavaThread "Daemon client event forwarder" [_thread_blocked, id=2031, stack(0x00007f3a588f8000,0x00007f3a589f8000)]
  0x00007f39f42fbe50 JavaThread "Cache worker for journal cache (/tmp/arena/tenants/c1de69a2-3381-4bdd-83b1-d9e6e777a496/sessions/caf23923-26ae-4790-a52a-1da05cf3d2ad/workspace/.gradle-home/caches/journal-1)" [_thread_blocked, id=2032, stack(0x00007f3a587f7000,0x00007f3a588f7000)]
  0x00007f39f4303810 JavaThread "File lock request listener" [_thread_in_native, id=2033, stack(0x00007f3a586f6000,0x00007f3a587f6000)]
  0x00007f39f430d7a0 JavaThread "Cache worker for file hash cache (/tmp/arena/tenants/c1de69a2-3381-4bdd-83b1-d9e6e777a496/sessions/caf23923-26ae-4790-a52a-1da05cf3d2ad/workspace/.gradle-home/caches/8.10.2/fileHashes)" [_thread_blocked, id=2034, stack(0x00007f3a585f5000,0x00007f3a586f5000)]
  0x00007f39f46bb690 JavaThread "Cache worker for file hash cache (/tmp/arena/tenants/c1de69a2-3381-4bdd-83b1-d9e6e777a496/sessions/caf23923-26ae-4790-a52a-1da05cf3d2ad/workspace/OgrajaVizija/android/.gradle/8.10.2/fileHashes)" [_thread_blocked, id=2035, stack(0x00007f3a584f4000,0x00007f3a585f4000)]
  0x00007f39f46c0600 JavaThread "Cache worker for Build Output Cleanup Cache (/tmp/arena/tenants/c1de69a2-3381-4bdd-83b1-d9e6e777a496/sessions/caf23923-26ae-4790-a52a-1da05cf3d2ad/workspace/OgrajaVizija/android/.gradle/buildOutputCleanup)" [_thread_blocked, id=2036, stack(0x00007f3a583f3000,0x00007f3a584f3000)]
  0x00007f39f44b7ed0 JavaThread "Cache worker for checksums cache (/tmp/arena/tenants/c1de69a2-3381-4bdd-83b1-d9e6e777a496/sessions/caf23923-26ae-4790-a52a-1da05cf3d2ad/workspace/OgrajaVizija/android/.gradle/8.10.2/checksums)" [_thread_blocked, id=2037, stack(0x00007f3a582f2000,0x00007f3a583f2000)]
  0x00007f39f44cbac0 JavaThread "Cache worker for file content cache (/tmp/arena/tenants/c1de69a2-3381-4bdd-83b1-d9e6e777a496/sessions/caf23923-26ae-4790-a52a-1da05cf3d2ad/workspace/.gradle-home/caches/8.10.2/fileContent)" [_thread_blocked, id=2038, stack(0x00007f3a581f1000,0x00007f3a582f1000)]
  0x00007f39f476c260 JavaThread "Cache worker for cache directory md-rule (/tmp/arena/tenants/c1de69a2-3381-4bdd-83b1-d9e6e777a496/sessions/caf23923-26ae-4790-a52a-1da05cf3d2ad/workspace/.gradle-home/caches/8.10.2/md-rule)" [_thread_blocked, id=2039, stack(0x00007f3a580f0000,0x00007f3a581f0000)]
  0x00007f39f47b0840 JavaThread "Cache worker for cache directory md-supplier (/tmp/arena/tenants/c1de69a2-3381-4bdd-83b1-d9e6e777a496/sessions/caf23923-26ae-4790-a52a-1da05cf3d2ad/workspace/.gradle-home/caches/8.10.2/md-supplier)" [_thread_blocked, id=2040, stack(0x00007f3a3d411000,0x00007f3a3d511000)]
  0x00007f39f5209b00 JavaThread "Unconstrained build operations" [_thread_blocked, id=2041, stack(0x00007f3a3d310000,0x00007f3a3d410000)]
  0x00007f39f521f440 JavaThread "Unconstrained build operations Thread 2" [_thread_blocked, id=2042, stack(0x00007f3a3d20f000,0x00007f3a3d30f000)]
  0x00007f39f522bfd0 JavaThread "Unconstrained build operations Thread 3" [_thread_blocked, id=2043, stack(0x00007f3a3d10e000,0x00007f3a3d20e000)]
  0x00007f39f58ee770 JavaThread "Memory manager" [_thread_blocked, id=2044, stack(0x00007f3a3d00d000,0x00007f3a3d10d000)]
  0x00007f39f5c63f40 JavaThread "build event listener" [_thread_blocked, id=2045, stack(0x00007f39ebf00000,0x00007f39ec000000)]
  0x00007f39f77936a0 JavaThread "included builds" [_thread_blocked, id=2046, stack(0x00007f39ebdff000,0x00007f39ebeff000)]
  0x00007f39fc0bf340 JavaThread "Cache worker for execution history cache (/tmp/arena/tenants/c1de69a2-3381-4bdd-83b1-d9e6e777a496/sessions/caf23923-26ae-4790-a52a-1da05cf3d2ad/workspace/OgrajaVizija/android/.gradle/8.10.2/executionHistory)" [_thread_blocked, id=2047, stack(0x00007f39ebcfe000,0x00007f39ebdfe000)]
  0x00007f39fc1b4cc0 JavaThread "Unconstrained build operations Thread 4" [_thread_blocked, id=2048, stack(0x00007f39ebbfd000,0x00007f39ebcfd000)]
  0x00007f39fc2fb180 JavaThread "Unconstrained build operations Thread 5" [_thread_blocked, id=2049, stack(0x00007f39ebafc000,0x00007f39ebbfc000)]
  0x00007f39fc16cac0 JavaThread "Unconstrained build operations Thread 6" [_thread_blocked, id=2050, stack(0x00007f39eb9fb000,0x00007f39ebafb000)]
  0x00007f39fc1680d0 JavaThread "Unconstrained build operations Thread 7" [_thread_blocked, id=2051, stack(0x00007f39eb8fa000,0x00007f39eb9fa000)]
  0x00007f39fc161ad0 JavaThread "Unconstrained build operations Thread 8" [_thread_blocked, id=2052, stack(0x00007f39eb7f9000,0x00007f39eb8f9000)]
  0x00007f39fc15a5c0 JavaThread "Unconstrained build operations Thread 9" [_thread_blocked, id=2053, stack(0x00007f39eb6f8000,0x00007f39eb7f8000)]
  0x00007f39fc2fa170 JavaThread "Unconstrained build operations Thread 10" [_thread_blocked, id=2054, stack(0x00007f39eb5f7000,0x00007f39eb6f7000)]
  0x00007f39fc0410b0 JavaThread "WorkerExecutor Queue" [_thread_in_vm, id=2055, stack(0x00007f39eb4f6000,0x00007f39eb5f6000)]

Other Threads:
  0x00007f3a5404f1c0 VMThread "VM Thread" [stack: 0x00007f3a5a3e5000,0x00007f3a5a4e5000] [id=2010]
  0x00007f3a54135870 WatcherThread [stack: 0x00007f3a5986b000,0x00007f3a5996b000] [id=2021]

Threads with active compile tasks:
C2 CompilerThread0  87981 20506   !   4       java.io.ObjectOutputStream::writeObject0 (620 bytes)

VM state: not at safepoint (normal execution)

VM Mutex/Monitor currently owned by a thread:  ([mutex/lock_event])
[0x00007f3a54015d00] CodeCache_lock - owner thread: 0x00007f3a54060c90
[0x00007f3a54017f60] Compile_lock - owner thread: 0x00007f3a54060c90
[0x00007f3a54018170] MethodCompileQueue_lock - owner thread: 0x00007f3a54060c90

Heap address: 0x00000000d4400000, size: 700 MB, Compressed Oops mode: 32-bit

CDS archive(s) mapped at: [0x00007f3a28000000-0x00007f3a28bca000-0x00007f3a28bca000), size 12361728, SharedBaseAddress: 0x00007f3a28000000, ArchiveRelocationMode: 1.
Compressed class space mapped at: 0x00007f3a29000000-0x00007f3a3d000000, reserved size: 335544320
Narrow klass base: 0x00007f3a28000000, Narrow klass shift: 0, Narrow klass range: 0x100000000

GC Precious Log:
 CPUs: 2 total, 2 available
 Memory: 1024M
 Large Page Support: Disabled
 NUMA Support: Disabled
 Compressed Oops: Enabled (32-bit)
 Heap Min Capacity: 8M
 Heap Initial Capacity: 16M
 Heap Max Capacity: 700M
 Pre-touch: Disabled

Heap:
 def new generation   total 100224K, used 67277K [0x00000000d4400000, 0x00000000db0b0000, 0x00000000e2d50000)
  eden space 89152K,  63% used [0x00000000d4400000, 0x00000000d7ae3570, 0x00000000d9b10000)
  from space 11072K, 100% used [0x00000000da5e0000, 0x00000000db0b0000, 0x00000000db0b0000)
  to   space 11072K,   0% used [0x00000000d9b10000, 0x00000000d9b10000, 0x00000000da5e0000)
 tenured generation   total 222276K, used 156622K [0x00000000e2d50000, 0x00000000f0661000, 0x0000000100000000)
   the space 222276K,  70% used [0x00000000e2d50000, 0x00000000ec643a08, 0x00000000ec643c00, 0x00000000f0661000)
 Metaspace       used 159142K, committed 160064K, reserved 524288K
  class space    used 20656K, committed 21120K, reserved 327680K

Card table byte_map: [0x00007f3a5a7f4000,0x00007f3a5a953000] _byte_map_base: 0x00007f3a5a152000

Polling page: 0x00007f3a5c510000

Metaspace:

Usage:
  Non-class:    135.24 MB used.
      Class:     20.17 MB used.
       Both:    155.41 MB used.

Virtual space:
  Non-class space:      192.00 MB reserved,     135.69 MB ( 71%) committed,  3 nodes.
      Class space:      320.00 MB reserved,      20.62 MB (  6%) committed,  1 nodes.
             Both:      512.00 MB reserved,     156.31 MB ( 31%) committed. 

Chunk freelists:
   Non-Class:  7.53 MB
       Class:  11.28 MB
        Both:  18.81 MB

MaxMetaspaceSize: 384.00 MB
CompressedClassSpaceSize: 320.00 MB
Initial GC threshold: 21.00 MB
Current GC threshold: 245.56 MB
CDS: on
MetaspaceReclaimPolicy: balanced
 - commit_granule_bytes: 65536.
 - commit_granule_words: 8192.
 - virtual_space_node_default_size: 8388608.
 - enlarge_chunks_in_place: 1.
 - new_chunks_are_fully_committed: 0.
 - uncommit_free_chunks: 1.
 - use_allocation_guard: 0.
 - handle_deallocations: 1.


Internal statistics:

num_allocs_failed_limit: 9.
num_arena_births: 1408.
num_arena_deaths: 0.
num_vsnodes_births: 4.
num_vsnodes_deaths: 0.
num_space_committed: 2498.
num_space_uncommitted: 0.
num_chunks_returned_to_freelist: 9.
num_chunks_taken_from_freelist: 7429.
num_chunk_merges: 6.
num_chunk_splits: 5405.
num_chunks_enlarged: 4115.
num_inconsistent_stats: 0.

CodeHeap 'non-profiled nmethods': size=120036Kb used=9425Kb max_used=9425Kb free=110610Kb
 bounds [0x00007f3a44fd8000, 0x00007f3a45918000, 0x00007f3a4c511000]
CodeHeap 'profiled nmethods': size=120032Kb used=32391Kb max_used=32391Kb free=87640Kb
 bounds [0x00007f3a3d511000, 0x00007f3a3f4c1000, 0x00007f3a44a49000]
CodeHeap 'non-nmethods': size=5692Kb used=2026Kb max_used=2026Kb free=3665Kb
 bounds [0x00007f3a44a49000, 0x00007f3a44cb9000, 0x00007f3a44fd8000]
 total_blobs=17966 nmethods=16897 adapters=978
 compilation: enabled
              stopped_count=0, restarted_count=0
 full_count=0

Compilation events (20 events):
Event: 83.898 Thread 0x00007f3a54062190 20610   !   2       java.io.ObjectStreamClass::readNonProxy (401 bytes)
Event: 83.900 Thread 0x00007f3a54062190 nmethod 20610 0x00007f3a3f4a8590 code [0x00007f3a3f4a8960, 0x00007f3a3f4a9970]
Event: 83.900 Thread 0x00007f3a54062190 20616       2       java.io.ObjectStreamClass::getClassDataLayout0 (297 bytes)
Event: 83.901 Thread 0x00007f3a54062190 nmethod 20616 0x00007f3a3f4aa510 code [0x00007f3a3f4aa860, 0x00007f3a3f4ab860]
Event: 83.901 Thread 0x00007f3a54062190 20611       2       java.io.ObjectInputStream::readLong (8 bytes)
Event: 83.902 Thread 0x00007f3a54062190 nmethod 20611 0x00007f3a3f4ac410 code [0x00007f3a3f4ac5c0, 0x00007f3a3f4ac6e0]
Event: 83.902 Thread 0x00007f3a54062190 20612       2       java.io.ObjectInputStream::readShort (8 bytes)
Event: 83.902 Thread 0x00007f3a54062190 nmethod 20612 0x00007f3a3f4ac790 code [0x00007f3a3f4ac940, 0x00007f3a3f4aca60]
Event: 83.902 Thread 0x00007f3a54062190 20617   !   2       java.io.ObjectInputStream::readNonProxyDesc (322 bytes)
Event: 83.906 Thread 0x00007f3a54062190 nmethod 20617 0x00007f3a3f4acb10 code [0x00007f3a3f4acf20, 0x00007f3a3f4ae2c0]
Event: 83.906 Thread 0x00007f3a54062190 20609       2       java.io.ObjectInputStream::readClassDescriptor (15 bytes)
Event: 83.907 Thread 0x00007f3a54062190 nmethod 20609 0x00007f3a3f4af490 code [0x00007f3a3f4af640, 0x00007f3a3f4af7e0]
Event: 83.907 Thread 0x00007f3a54062190 20613       2       java.io.ObjectInputStream::isCustomSubclass (21 bytes)
Event: 83.907 Thread 0x00007f3a54062190 nmethod 20613 0x00007f3a3f4af890 code [0x00007f3a3f4afa60, 0x00007f3a3f4afd50]
Event: 83.907 Thread 0x00007f3a54062190 20614   !   2       org.gradle.internal.serialize.ClassLoaderObjectInputStream::resolveClass (58 bytes)
Event: 83.908 Thread 0x00007f3a54062190 nmethod 20614 0x00007f3a3f4aff90 code [0x00007f3a3f4b01c0, 0x00007f3a3f4b0700]
Event: 83.908 Thread 0x00007f3a54062190 20623       2       java.util.HashMap::readObject (286 bytes)
Event: 83.979 Thread 0x00007f3a54062190 nmethod 20623 0x00007f3a3f4b0b90 code [0x00007f3a3f4b0f40, 0x00007f3a3f4b1cc0]
Event: 83.987 Thread 0x00007f3a54062190 20615       2       java.io.ObjectStreamClass::classNamesEqual (59 bytes)
Event: 84.101 Thread 0x00007f3a54062190 nmethod 20615 0x00007f3a3f4b2610 code [0x00007f3a3f4b27e0, 0x00007f3a3f4b2a80]

GC Heap History (20 events):
Event: 54.543 GC heap before
{Heap before GC invocations=76 (full 7):
 def new generation   total 100224K, used 95385K [0x00000000d4400000, 0x00000000db0b0000, 0x00000000e2d50000)
  eden space 89152K, 100% used [0x00000000d4400000, 0x00000000d9b10000, 0x00000000d9b10000)
  from space 11072K,  56% used [0x00000000da5e0000, 0x00000000dabf6540, 0x00000000db0b0000)
  to   space 11072K,   0% used [0x00000000d9b10000, 0x00000000d9b10000, 0x00000000da5e0000)
 tenured generation   total 222276K, used 133364K [0x00000000e2d50000, 0x00000000f0661000, 0x0000000100000000)
   the space 222276K,  59% used [0x00000000e2d50000, 0x00000000eaf8d378, 0x00000000eaf8d400, 0x00000000f0661000)
 Metaspace       used 155127K, committed 155904K, reserved 524288K
  class space    used 20318K, committed 20672K, reserved 327680K
}
Event: 54.562 GC heap after
{Heap after GC invocations=77 (full 7):
 def new generation   total 100224K, used 1281K [0x00000000d4400000, 0x00000000db0b0000, 0x00000000e2d50000)
  eden space 89152K,   0% used [0x00000000d4400000, 0x00000000d4400000, 0x00000000d9b10000)
  from space 11072K,  11% used [0x00000000d9b10000, 0x00000000d9c507d8, 0x00000000da5e0000)
  to   space 11072K,   0% used [0x00000000da5e0000, 0x00000000da5e0000, 0x00000000db0b0000)
 tenured generation   total 222276K, used 138443K [0x00000000e2d50000, 0x00000000f0661000, 0x0000000100000000)
   the space 222276K,  62% used [0x00000000e2d50000, 0x00000000eb482d28, 0x00000000eb482e00, 0x00000000f0661000)
 Metaspace       used 155127K, committed 155904K, reserved 524288K
  class space    used 20318K, committed 20672K, reserved 327680K
}
Event: 57.402 GC heap before
{Heap before GC invocations=77 (full 7):
 def new generation   total 100224K, used 90433K [0x00000000d4400000, 0x00000000db0b0000, 0x00000000e2d50000)
  eden space 89152K, 100% used [0x00000000d4400000, 0x00000000d9b10000, 0x00000000d9b10000)
  from space 11072K,  11% used [0x00000000d9b10000, 0x00000000d9c507d8, 0x00000000da5e0000)
  to   space 11072K,   0% used [0x00000000da5e0000, 0x00000000da5e0000, 0x00000000db0b0000)
 tenured generation   total 222276K, used 138443K [0x00000000e2d50000, 0x00000000f0661000, 0x0000000100000000)
   the space 222276K,  62% used [0x00000000e2d50000, 0x00000000eb482d28, 0x00000000eb482e00, 0x00000000f0661000)
 Metaspace       used 155222K, committed 156096K, reserved 524288K
  class space    used 20322K, committed 20736K, reserved 327680K
}
Event: 57.425 GC heap after
{Heap after GC invocations=78 (full 7):
 def new generation   total 100224K, used 2766K [0x00000000d4400000, 0x00000000db0b0000, 0x00000000e2d50000)
  eden space 89152K,   0% used [0x00000000d4400000, 0x00000000d4400000, 0x00000000d9b10000)
  from space 11072K,  24% used [0x00000000da5e0000, 0x00000000da893818, 0x00000000db0b0000)
  to   space 11072K,   0% used [0x00000000d9b10000, 0x00000000d9b10000, 0x00000000da5e0000)
 tenured generation   total 222276K, used 138443K [0x00000000e2d50000, 0x00000000f0661000, 0x0000000100000000)
   the space 222276K,  62% used [0x00000000e2d50000, 0x00000000eb482d28, 0x00000000eb482e00, 0x00000000f0661000)
 Metaspace       used 155222K, committed 156096K, reserved 524288K
  class space    used 20322K, committed 20736K, reserved 327680K
}
Event: 58.671 GC heap before
{Heap before GC invocations=78 (full 7):
 def new generation   total 100224K, used 91918K [0x00000000d4400000, 0x00000000db0b0000, 0x00000000e2d50000)
  eden space 89152K, 100% used [0x00000000d4400000, 0x00000000d9b10000, 0x00000000d9b10000)
  from space 11072K,  24% used [0x00000000da5e0000, 0x00000000da893818, 0x00000000db0b0000)
  to   space 11072K,   0% used [0x00000000d9b10000, 0x00000000d9b10000, 0x00000000da5e0000)
 tenured generation   total 222276K, used 138443K [0x00000000e2d50000, 0x00000000f0661000, 0x0000000100000000)
   the space 222276K,  62% used [0x00000000e2d50000, 0x00000000eb482d28, 0x00000000eb482e00, 0x00000000f0661000)
 Metaspace       used 155226K, committed 156160K, reserved 524288K
  class space    used 20323K, committed 20800K, reserved 327680K
}
Event: 58.686 GC heap after
{Heap after GC invocations=79 (full 7):
 def new generation   total 100224K, used 3332K [0x00000000d4400000, 0x00000000db0b0000, 0x00000000e2d50000)
  eden space 89152K,   0% used [0x00000000d4400000, 0x00000000d4400000, 0x00000000d9b10000)
  from space 11072K,  30% used [0x00000000d9b10000, 0x00000000d9e51248, 0x00000000da5e0000)
  to   space 11072K,   0% used [0x00000000da5e0000, 0x00000000da5e0000, 0x00000000db0b0000)
 tenured generation   total 222276K, used 138443K [0x00000000e2d50000, 0x00000000f0661000, 0x0000000100000000)
   the space 222276K,  62% used [0x00000000e2d50000, 0x00000000eb482d28, 0x00000000eb482e00, 0x00000000f0661000)
 Metaspace       used 155226K, committed 156160K, reserved 524288K
  class space    used 20323K, committed 20800K, reserved 327680K
}
Event: 59.038 GC heap before
{Heap before GC invocations=79 (full 7):
 def new generation   total 100224K, used 92484K [0x00000000d4400000, 0x00000000db0b0000, 0x00000000e2d50000)
  eden space 89152K, 100% used [0x00000000d4400000, 0x00000000d9b10000, 0x00000000d9b10000)
  from space 11072K,  30% used [0x00000000d9b10000, 0x00000000d9e51248, 0x00000000da5e0000)
  to   space 11072K,   0% used [0x00000000da5e0000, 0x00000000da5e0000, 0x00000000db0b0000)
 tenured generation   total 222276K, used 138443K [0x00000000e2d50000, 0x00000000f0661000, 0x0000000100000000)
   the space 222276K,  62% used [0x00000000e2d50000, 0x00000000eb482d28, 0x00000000eb482e00, 0x00000000f0661000)
 Metaspace       used 155226K, committed 156160K, reserved 524288K
  class space    used 20323K, committed 20800K, reserved 327680K
}
Event: 59.049 GC heap after
{Heap after GC invocations=80 (full 7):
 def new generation   total 100224K, used 4152K [0x00000000d4400000, 0x00000000db0b0000, 0x00000000e2d50000)
  eden space 89152K,   0% used [0x00000000d4400000, 0x00000000d4400000, 0x00000000d9b10000)
  from space 11072K,  37% used [0x00000000da5e0000, 0x00000000da9ee250, 0x00000000db0b0000)
  to   space 11072K,   0% used [0x00000000d9b10000, 0x00000000d9b10000, 0x00000000da5e0000)
 tenured generation   total 222276K, used 138443K [0x00000000e2d50000, 0x00000000f0661000, 0x0000000100000000)
   the space 222276K,  62% used [0x00000000e2d50000, 0x00000000eb482d28, 0x00000000eb482e00, 0x00000000f0661000)
 Metaspace       used 155226K, committed 156160K, reserved 524288K
  class space    used 20323K, committed 20800K, reserved 327680K
}
Event: 59.771 GC heap before
{Heap before GC invocations=80 (full 7):
 def new generation   total 100224K, used 93304K [0x00000000d4400000, 0x00000000db0b0000, 0x00000000e2d50000)
  eden space 89152K, 100% used [0x00000000d4400000, 0x00000000d9b10000, 0x00000000d9b10000)
  from space 11072K,  37% used [0x00000000da5e0000, 0x00000000da9ee250, 0x00000000db0b0000)
  to   space 11072K,   0% used [0x00000000d9b10000, 0x00000000d9b10000, 0x00000000da5e0000)
 tenured generation   total 222276K, used 138443K [0x00000000e2d50000, 0x00000000f0661000, 0x0000000100000000)
   the space 222276K,  62% used [0x00000000e2d50000, 0x00000000eb482d28, 0x00000000eb482e00, 0x00000000f0661000)
 Metaspace       used 155235K, committed 156160K, reserved 524288K
  class space    used 20323K, committed 20800K, reserved 327680K
}
Event: 59.784 GC heap after
{Heap after GC invocations=81 (full 7):
 def new generation   total 100224K, used 1912K [0x00000000d4400000, 0x00000000db0b0000, 0x00000000e2d50000)
  eden space 89152K,   0% used [0x00000000d4400000, 0x00000000d4400000, 0x00000000d9b10000)
  from space 11072K,  17% used [0x00000000d9b10000, 0x00000000d9cee210, 0x00000000da5e0000)
  to   space 11072K,   0% used [0x00000000da5e0000, 0x00000000da5e0000, 0x00000000db0b0000)
 tenured generation   total 222276K, used 138443K [0x00000000e2d50000, 0x00000000f0661000, 0x0000000100000000)
   the space 222276K,  62% used [0x00000000e2d50000, 0x00000000eb482d28, 0x00000000eb482e00, 0x00000000f0661000)
 Metaspace       used 155235K, committed 156160K, reserved 524288K
  class space    used 20323K, committed 20800K, reserved 327680K
}
Event: 60.569 GC heap before
{Heap before GC invocations=81 (full 7):
 def new generation   total 100224K, used 91064K [0x00000000d4400000, 0x00000000db0b0000, 0x00000000e2d50000)
  eden space 89152K, 100% used [0x00000000d4400000, 0x00000000d9b10000, 0x00000000d9b10000)
  from space 11072K,  17% used [0x00000000d9b10000, 0x00000000d9cee210, 0x00000000da5e0000)
  to   space 11072K,   0% used [0x00000000da5e0000, 0x00000000da5e0000, 0x00000000db0b0000)
 tenured generation   total 222276K, used 138443K [0x00000000e2d50000, 0x00000000f0661000, 0x0000000100000000)
   the space 222276K,  62% used [0x00000000e2d50000, 0x00000000eb482d28, 0x00000000eb482e00, 0x00000000f0661000)
 Metaspace       used 155238K, committed 156160K, reserved 524288K
  class space    used 20323K, committed 20800K, reserved 327680K
}
Event: 60.578 GC heap after
{Heap after GC invocations=82 (full 7):
 def new generation   total 100224K, used 2546K [0x00000000d4400000, 0x00000000db0b0000, 0x00000000e2d50000)
  eden space 89152K,   0% used [0x00000000d4400000, 0x00000000d4400000, 0x00000000d9b10000)
  from space 11072K,  22% used [0x00000000da5e0000, 0x00000000da85c820, 0x00000000db0b0000)
  to   space 11072K,   0% used [0x00000000d9b10000, 0x00000000d9b10000, 0x00000000da5e0000)
 tenured generation   total 222276K, used 138443K [0x00000000e2d50000, 0x00000000f0661000, 0x0000000100000000)
   the space 222276K,  62% used [0x00000000e2d50000, 0x00000000eb482d28, 0x00000000eb482e00, 0x00000000f0661000)
 Metaspace       used 155238K, committed 156160K, reserved 524288K
  class space    used 20323K, committed 20800K, reserved 327680K
}
Event: 61.841 GC heap before
{Heap before GC invocations=82 (full 7):
 def new generation   total 100224K, used 91698K [0x00000000d4400000, 0x00000000db0b0000, 0x00000000e2d50000)
  eden space 89152K, 100% used [0x00000000d4400000, 0x00000000d9b10000, 0x00000000d9b10000)
  from space 11072K,  22% used [0x00000000da5e0000, 0x00000000da85c820, 0x00000000db0b0000)
  to   space 11072K,   0% used [0x00000000d9b10000, 0x00000000d9b10000, 0x00000000da5e0000)
 tenured generation   total 222276K, used 138443K [0x00000000e2d50000, 0x00000000f0661000, 0x0000000100000000)
   the space 222276K,  62% used [0x00000000e2d50000, 0x00000000eb482d28, 0x00000000eb482e00, 0x00000000f0661000)
 Metaspace       used 155280K, committed 156224K, reserved 524288K
  class space    used 20323K, committed 20800K, reserved 327680K
}
Event: 61.849 GC heap after
{Heap after GC invocations=83 (full 7):
 def new generation   total 100224K, used 2604K [0x00000000d4400000, 0x00000000db0b0000, 0x00000000e2d50000)
  eden space 89152K,   0% used [0x00000000d4400000, 0x00000000d4400000, 0x00000000d9b10000)
  from space 11072K,  23% used [0x00000000d9b10000, 0x00000000d9d9b238, 0x00000000da5e0000)
  to   space 11072K,   0% used [0x00000000da5e0000, 0x00000000da5e0000, 0x00000000db0b0000)
 tenured generation   total 222276K, used 138443K [0x00000000e2d50000, 0x00000000f0661000, 0x0000000100000000)
   the space 222276K,  62% used [0x00000000e2d50000, 0x00000000eb482d28, 0x00000000eb482e00, 0x00000000f0661000)
 Metaspace       used 155280K, committed 156224K, reserved 524288K
  class space    used 20323K, committed 20800K, reserved 327680K
}
Event: 65.691 GC heap before
{Heap before GC invocations=83 (full 7):
 def new generation   total 100224K, used 91756K [0x00000000d4400000, 0x00000000db0b0000, 0x00000000e2d50000)
  eden space 89152K, 100% used [0x00000000d4400000, 0x00000000d9b10000, 0x00000000d9b10000)
  from space 11072K,  23% used [0x00000000d9b10000, 0x00000000d9d9b238, 0x00000000da5e0000)
  to   space 11072K,   0% used [0x00000000da5e0000, 0x00000000da5e0000, 0x00000000db0b0000)
 tenured generation   total 222276K, used 138443K [0x00000000e2d50000, 0x00000000f0661000, 0x0000000100000000)
   the space 222276K,  62% used [0x00000000e2d50000, 0x00000000eb482d28, 0x00000000eb482e00, 0x00000000f0661000)
 Metaspace       used 155339K, committed 156288K, reserved 524288K
  class space    used 20323K, committed 20800K, reserved 327680K
}
Event: 65.704 GC heap after
{Heap after GC invocations=84 (full 7):
 def new generation   total 100224K, used 2763K [0x00000000d4400000, 0x00000000db0b0000, 0x00000000e2d50000)
  eden space 89152K,   0% used [0x00000000d4400000, 0x00000000d4400000, 0x00000000d9b10000)
  from space 11072K,  24% used [0x00000000da5e0000, 0x00000000da892f28, 0x00000000db0b0000)
  to   space 11072K,   0% used [0x00000000d9b10000, 0x00000000d9b10000, 0x00000000da5e0000)
 tenured generation   total 222276K, used 138443K [0x00000000e2d50000, 0x00000000f0661000, 0x0000000100000000)
   the space 222276K,  62% used [0x00000000e2d50000, 0x00000000eb482d28, 0x00000000eb482e00, 0x00000000f0661000)
 Metaspace       used 155339K, committed 156288K, reserved 524288K
  class space    used 20323K, committed 20800K, reserved 327680K
}
Event: 71.877 GC heap before
{Heap before GC invocations=84 (full 7):
 def new generation   total 100224K, used 91915K [0x00000000d4400000, 0x00000000db0b0000, 0x00000000e2d50000)
  eden space 89152K, 100% used [0x00000000d4400000, 0x00000000d9b10000, 0x00000000d9b10000)
  from space 11072K,  24% used [0x00000000da5e0000, 0x00000000da892f28, 0x00000000db0b0000)
  to   space 11072K,   0% used [0x00000000d9b10000, 0x00000000d9b10000, 0x00000000da5e0000)
 tenured generation   total 222276K, used 138443K [0x00000000e2d50000, 0x00000000f0661000, 0x0000000100000000)
   the space 222276K,  62% used [0x00000000e2d50000, 0x00000000eb482d28, 0x00000000eb482e00, 0x00000000f0661000)
 Metaspace       used 157929K, committed 158912K, reserved 524288K
  class space    used 20571K, committed 21056K, reserved 327680K
}
Event: 71.913 GC heap after
{Heap after GC invocations=85 (full 7):
 def new generation   total 100224K, used 7505K [0x00000000d4400000, 0x00000000db0b0000, 0x00000000e2d50000)
  eden space 89152K,   0% used [0x00000000d4400000, 0x00000000d4400000, 0x00000000d9b10000)
  from space 11072K,  67% used [0x00000000d9b10000, 0x00000000da2644a0, 0x00000000da5e0000)
  to   space 11072K,   0% used [0x00000000da5e0000, 0x00000000da5e0000, 0x00000000db0b0000)
 tenured generation   total 222276K, used 138443K [0x00000000e2d50000, 0x00000000f0661000, 0x0000000100000000)
   the space 222276K,  62% used [0x00000000e2d50000, 0x00000000eb482d28, 0x00000000eb482e00, 0x00000000f0661000)
 Metaspace       used 157929K, committed 158912K, reserved 524288K
  class space    used 20571K, committed 21056K, reserved 327680K
}
Event: 74.237 GC heap before
{Heap before GC invocations=85 (full 7):
 def new generation   total 100224K, used 96644K [0x00000000d4400000, 0x00000000db0b0000, 0x00000000e2d50000)
  eden space 89152K,  99% used [0x00000000d4400000, 0x00000000d9b0ce88, 0x00000000d9b10000)
  from space 11072K,  67% used [0x00000000d9b10000, 0x00000000da2644a0, 0x00000000da5e0000)
  to   space 11072K,   0% used [0x00000000da5e0000, 0x00000000da5e0000, 0x00000000db0b0000)
 tenured generation   total 222276K, used 138443K [0x00000000e2d50000, 0x00000000f0661000, 0x0000000100000000)
   the space 222276K,  62% used [0x00000000e2d50000, 0x00000000eb482d28, 0x00000000eb482e00, 0x00000000f0661000)
 Metaspace       used 158592K, committed 159488K, reserved 524288K
  class space    used 20615K, committed 21056K, reserved 327680K
}
Event: 74.983 GC heap after
{Heap after GC invocations=86 (full 7):
 def new generation   total 100224K, used 11072K [0x00000000d4400000, 0x00000000db0b0000, 0x00000000e2d50000)
  eden space 89152K,   0% used [0x00000000d4400000, 0x00000000d4400000, 0x00000000d9b10000)
  from space 11072K, 100% used [0x00000000da5e0000, 0x00000000db0b0000, 0x00000000db0b0000)
  to   space 11072K,   0% used [0x00000000d9b10000, 0x00000000d9b10000, 0x00000000da5e0000)
 tenured generation   total 222276K, used 156622K [0x00000000e2d50000, 0x00000000f0661000, 0x0000000100000000)
   the space 222276K,  70% used [0x00000000e2d50000, 0x00000000ec643a08, 0x00000000ec643c00, 0x00000000f0661000)
 Metaspace       used 158592K, committed 159488K, reserved 524288K
  class space    used 20615K, committed 21056K, reserved 327680K
}

Dll operation events (14 events):
Event: 0.002 Loaded shared library /usr/lib/jvm/java-17-openjdk-amd64/lib/libjava.so
Event: 0.052 Loaded shared library /usr/lib/jvm/java-17-openjdk-amd64/lib/libjsvml.so
Event: 0.146 Loaded shared library /usr/lib/jvm/java-17-openjdk-amd64/lib/libzip.so
Event: 0.148 Loaded shared library /usr/lib/jvm/java-17-openjdk-amd64/lib/libinstrument.so
Event: 0.150 Loaded shared library /usr/lib/jvm/java-17-openjdk-amd64/lib/libnio.so
Event: 0.152 Loaded shared library /usr/lib/jvm/java-17-openjdk-amd64/lib/libzip.so
Event: 0.366 Loaded shared library /usr/lib/jvm/java-17-openjdk-amd64/lib/libjimage.so
Event: 0.563 Loaded shared library /usr/lib/jvm/java-17-openjdk-amd64/lib/libverify.so
Event: 0.944 Loaded shared library /usr/lib/jvm/java-17-openjdk-amd64/lib/libnet.so
Event: 0.945 Loaded shared library /tmp/arena/tenants/c1de69a2-3381-4bdd-83b1-d9e6e777a496/sessions/caf23923-26ae-4790-a52a-1da05cf3d2ad/workspace/.gradle-home/native/c067742578af261105cb4f569cf0c3c89f3d7b1fecec35dd04571415982c5e48/linux-amd64/libnative-platform.so
Event: 0.950 Loaded shared library /tmp/arena/tenants/c1de69a2-3381-4bdd-83b1-d9e6e777a496/sessions/caf23923-26ae-4790-a52a-1da05cf3d2ad/workspace/.gradle-home/native/100fb08df4bc3b14c8652ba06237920a3bd2aa13389f12d3474272988ae205f9/linux-amd64/libnative-platform-file-
Event: 2.269 Loaded shared library /usr/lib/jvm/java-17-openjdk-amd64/lib/libmanagement.so
Event: 2.270 Loaded shared library /usr/lib/jvm/java-17-openjdk-amd64/lib/libmanagement_ext.so
Event: 2.467 Loaded shared library /usr/lib/jvm/java-17-openjdk-amd64/lib/libextnet.so

Deoptimization events (20 events):
Event: 77.014 Thread 0x00007f39f77936a0 DEOPT PACKING pc=0x00007f3a3d80fd7a sp=0x00007f39ebef7730
Event: 77.014 Thread 0x00007f39f77936a0 DEOPT UNPACKING pc=0x00007f3a44aa334f sp=0x00007f39ebef6bc0 mode 0
Event: 77.014 Thread 0x00007f39f77936a0 DEOPT PACKING pc=0x00007f3a3d80fd7a sp=0x00007f39ebef7730
Event: 77.014 Thread 0x00007f39f77936a0 DEOPT UNPACKING pc=0x00007f3a44aa334f sp=0x00007f39ebef6bc0 mode 0
Event: 77.014 Thread 0x00007f39f77936a0 DEOPT PACKING pc=0x00007f3a3d80fd7a sp=0x00007f39ebef7730
Event: 77.014 Thread 0x00007f39f77936a0 DEOPT UNPACKING pc=0x00007f3a44aa334f sp=0x00007f39ebef6bc0 mode 0
Event: 77.014 Thread 0x00007f39f77936a0 DEOPT PACKING pc=0x00007f3a3d80fd7a sp=0x00007f39ebef7730
Event: 77.014 Thread 0x00007f39f77936a0 DEOPT UNPACKING pc=0x00007f3a44aa334f sp=0x00007f39ebef6bc0 mode 0
Event: 77.014 Thread 0x00007f39f77936a0 DEOPT PACKING pc=0x00007f3a3d80fd7a sp=0x00007f39ebef7730
Event: 77.014 Thread 0x00007f39f77936a0 DEOPT UNPACKING pc=0x00007f3a44aa334f sp=0x00007f39ebef6bc0 mode 0
Event: 77.014 Thread 0x00007f39f77936a0 DEOPT PACKING pc=0x00007f3a3d80fd7a sp=0x00007f39ebef7730
Event: 77.014 Thread 0x00007f39f77936a0 DEOPT UNPACKING pc=0x00007f3a44aa334f sp=0x00007f39ebef6bc0 mode 0
Event: 77.142 Thread 0x00007f39f77936a0 Uncommon trap: trap_request=0xffffff45 fr.pc=0x00007f3a457c3ea4 relative=0x0000000000000084
Event: 77.145 Thread 0x00007f39f77936a0 Uncommon trap: reason=unstable_if action=reinterpret pc=0x00007f3a457c3ea4 method=java.io.UnixFileSystem.hasBooleanAttributes(Ljava/io/File;I)Z @ 10 c2
Event: 77.145 Thread 0x00007f39f77936a0 DEOPT PACKING pc=0x00007f3a457c3ea4 sp=0x00007f39ebef7c70
Event: 77.145 Thread 0x00007f39f77936a0 DEOPT UNPACKING pc=0x00007f3a44aa2819 sp=0x00007f39ebef7c28 mode 2
Event: 80.337 Thread 0x00007f39f77936a0 Uncommon trap: trap_request=0xffffffde fr.pc=0x00007f3a45470b3c relative=0x000000000000027c
Event: 80.337 Thread 0x00007f39f77936a0 Uncommon trap: reason=class_check action=maybe_recompile pc=0x00007f3a45470b3c method=com.google.common.collect.AbstractMapBasedMultimap.createCollection(Ljava/lang/Object;)Ljava/util/Collection; @ 1 c2
Event: 80.339 Thread 0x00007f39f77936a0 DEOPT PACKING pc=0x00007f3a45470b3c sp=0x00007f39ebef79a0
Event: 80.340 Thread 0x00007f39f77936a0 DEOPT UNPACKING pc=0x00007f3a44aa2819 sp=0x00007f39ebef7950 mode 2

Classes loaded (20 events):
Event: 72.944 Loading class java/util/stream/Node$Builder$OfInt done
Event: 72.944 Loading class java/util/stream/Nodes$IntArrayNode
Event: 72.945 Loading class java/util/stream/Nodes$IntArrayNode done
Event: 72.945 Loading class java/util/stream/Nodes$IntFixedNodeBuilder done
Event: 72.964 Loading class java/io/FileReader
Event: 72.964 Loading class java/io/FileReader done
Event: 72.971 Loading class java/util/concurrent/ConcurrentLinkedDeque
Event: 72.972 Loading class java/util/concurrent/ConcurrentLinkedDeque done
Event: 72.972 Loading class java/util/concurrent/ConcurrentLinkedDeque$Node
Event: 72.972 Loading class java/util/concurrent/ConcurrentLinkedDeque$Node done
Event: 73.259 Loading class com/sun/org/apache/xerces/internal/dom/DOMImplementationImpl
Event: 73.261 Loading class org/w3c/dom/DOMImplementation
Event: 73.261 Loading class org/w3c/dom/DOMImplementation done
Event: 73.261 Loading class com/sun/org/apache/xerces/internal/dom/CoreDOMImplementationImpl
Event: 73.263 Loading class org/w3c/dom/ls/DOMImplementationLS
Event: 73.263 Loading class org/w3c/dom/ls/DOMImplementationLS done
Event: 73.263 Loading class com/sun/org/apache/xerces/internal/dom/CoreDOMImplementationImpl done
Event: 73.263 Loading class com/sun/org/apache/xerces/internal/dom/DOMImplementationImpl done
Event: 73.264 Loading class com/sun/org/apache/xerces/internal/dom/DeferredDOMImplementationImpl
Event: 73.264 Loading class com/sun/org/apache/xerces/internal/dom/DeferredDOMImplementationImpl done

Classes unloaded (0 events):
No events

Classes redefined (0 events):
No events

Internal exceptions (20 events):
Event: 69.542 Thread 0x00007f39f77936a0 Exception <a 'java/lang/NoSuchMethodError'{0x00000000d6298808}: static Lcom/android/build/gradle/internal/tasks/AarMetadataArtifact;.<clinit>()V> (0x00000000d6298808) 
thrown [./src/hotspot/share/prims/jni.cpp, line 1112]
Event: 69.642 Thread 0x00007f39fc0410b0 Exception <a 'java/lang/NoSuchMethodError'{0x00000000d64d87e8}: 'java.lang.Object java.lang.invoke.DirectMethodHandle$Holder.invokeSpecial(java.lang.Object, java.lang.Object, long, java.lang.Object, java.lang.Object, java.lang.Object, java.lang.Object, java.lang.Object, java.lang.Object, java.lang.Object, java.lang.Object, java.lang.Object)'> (0x00000000d64d87e8) 
thrown [./src/hotspot/share/interpreter/linkResolver.cpp, line 758]
Event: 69.642 Thread 0x00007f39fc0410b0 Exception <a 'java/lang/NoSuchMethodError'{0x00000000d64dcf90}: 'java.lang.Object java.lang.invoke.DelegatingMethodHandle$Holder.reinvoke_L(java.lang.Object, long, java.lang.Object, java.lang.Object, java.lang.Object, java.lang.Object, java.lang.Object, java.lang.Object, java.lang.Object, java.lang.Object, java.lang.Object)'> (0x00000000d64dcf90) 
thrown [./src/hotspot/share/interpreter/linkResolver.cpp, line 758]
Event: 69.947 Thread 0x00007f39f77936a0 Exception <a 'sun/nio/fs/UnixException'{0x00000000d66e2c70}> (0x00000000d66e2c70) 
thrown [./src/hotspot/share/prims/jni.cpp, line 516]
Event: 69.971 Thread 0x00007f39f77936a0 Exception <a 'sun/nio/fs/UnixException'{0x00000000d671ae88}> (0x00000000d671ae88) 
thrown [./src/hotspot/share/prims/jni.cpp, line 516]
Event: 70.545 Thread 0x00007f39f77936a0 Exception <a 'sun/nio/fs/UnixException'{0x00000000d7d40578}> (0x00000000d7d40578) 
thrown [./src/hotspot/share/prims/jni.cpp, line 516]
Event: 70.562 Thread 0x00007f39f77936a0 Exception <a 'sun/nio/fs/UnixException'{0x00000000d7dd8d28}> (0x00000000d7dd8d28) 
thrown [./src/hotspot/share/prims/jni.cpp, line 516]
Event: 70.567 Thread 0x00007f39f77936a0 Exception <a 'sun/nio/fs/UnixException'{0x00000000d7df46a8}> (0x00000000d7df46a8) 
thrown [./src/hotspot/share/prims/jni.cpp, line 516]
Event: 70.567 Thread 0x00007f39f77936a0 Exception <a 'sun/nio/fs/UnixException'{0x00000000d7df5c40}> (0x00000000d7df5c40) 
thrown [./src/hotspot/share/prims/jni.cpp, line 516]
Event: 70.574 Thread 0x00007f39f77936a0 Exception <a 'sun/nio/fs/UnixException'{0x00000000d7ed5278}> (0x00000000d7ed5278) 
thrown [./src/hotspot/share/prims/jni.cpp, line 516]
Event: 70.574 Thread 0x00007f39f77936a0 Exception <a 'sun/nio/fs/UnixException'{0x00000000d7ed8098}> (0x00000000d7ed8098) 
thrown [./src/hotspot/share/prims/jni.cpp, line 516]
Event: 70.575 Thread 0x00007f39f77936a0 Exception <a 'sun/nio/fs/UnixException'{0x00000000d7eda868}> (0x00000000d7eda868) 
thrown [./src/hotspot/share/prims/jni.cpp, line 516]
Event: 70.575 Thread 0x00007f39f77936a0 Exception <a 'sun/nio/fs/UnixException'{0x00000000d7edd420}> (0x00000000d7edd420) 
thrown [./src/hotspot/share/prims/jni.cpp, line 516]
Event: 70.575 Thread 0x00007f39f77936a0 Exception <a 'sun/nio/fs/UnixException'{0x00000000d7edfe68}> (0x00000000d7edfe68) 
thrown [./src/hotspot/share/prims/jni.cpp, line 516]
Event: 78.628 Thread 0x00007f39f77936a0 Exception <a 'java/lang/NoSuchMethodError'{0x00000000d5348368}: static Lcom/android/ide/common/resources/CompileResourceRequest;.<clinit>()V> (0x00000000d5348368) 
thrown [./src/hotspot/share/prims/jni.cpp, line 1112]
Event: 78.632 Thread 0x00007f39f77936a0 Exception <a 'java/lang/NoSuchMethodError'{0x00000000d5374d90}: static Ljava/lang/Object;.<clinit>()V> (0x00000000d5374d90) 
thrown [./src/hotspot/share/prims/jni.cpp, line 1112]
Event: 78.632 Thread 0x00007f39f77936a0 Exception <a 'java/lang/NoSuchMethodError'{0x00000000d5388738}: static Ljava/lang/Object;.<clinit>()V> (0x00000000d5388738) 
thrown [./src/hotspot/share/prims/jni.cpp, line 1112]
Event: 78.633 Thread 0x00007f39f77936a0 Exception <a 'java/lang/NoSuchMethodError'{0x00000000d539d710}: static Ljava/lang/Object;.<clinit>()V> (0x00000000d539d710) 
thrown [./src/hotspot/share/prims/jni.cpp, line 1112]
Event: 78.653 Thread 0x00007f39f77936a0 Exception <a 'java/lang/NoSuchMethodError'{0x00000000d5424970}: static Lkotlin/InitializedLazyImpl;.<clinit>()V> (0x00000000d5424970) 
thrown [./src/hotspot/share/prims/jni.cpp, line 1112]
Event: 80.334 Thread 0x00007f39f77936a0 Exception <a 'java/lang/NoSuchMethodError'{0x00000000d63c4d68}: static [Ljava/lang/Object;.<clinit>()V> (0x00000000d63c4d68) 
thrown [./src/hotspot/share/prims/jni.cpp, line 1112]

VM Operations (20 events):
Event: 73.256 Executing VM operation: HandshakeAllThreads
Event: 73.256 Executing VM operation: HandshakeAllThreads done
Event: 74.073 Executing VM operation: ICBufferFull
Event: 74.074 Executing VM operation: ICBufferFull done
Event: 74.196 Executing VM operation: GenCollectForAllocation
Event: 75.242 Executing VM operation: GenCollectForAllocation done
Event: 76.261 Executing VM operation: Cleanup
Event: 76.565 Executing VM operation: Cleanup done
Event: 77.571 Executing VM operation: Cleanup
Event: 77.579 Executing VM operation: Cleanup done
Event: 79.647 Executing VM operation: Cleanup
Event: 79.783 Executing VM operation: Cleanup done
Event: 80.845 Executing VM operation: Cleanup
Event: 81.048 Executing VM operation: Cleanup done
Event: 84.141 Executing VM operation: Cleanup
Event: 84.145 Executing VM operation: Cleanup done
Event: 85.150 Executing VM operation: Cleanup
Event: 85.169 Executing VM operation: Cleanup done
Event: 86.182 Executing VM operation: Cleanup
Event: 86.675 Executing VM operation: Cleanup done

Memory protections (20 events):
Event: 4.948 Protecting memory [0x00007f3a583f3000,0x00007f3a583f7000] with protection modes 0
Event: 5.684 Protecting memory [0x00007f3a582f2000,0x00007f3a582f6000] with protection modes 0
Event: 5.757 Protecting memory [0x00007f3a581f1000,0x00007f3a581f5000] with protection modes 0
Event: 5.969 Protecting memory [0x00007f3a580f0000,0x00007f3a580f4000] with protection modes 0
Event: 6.179 Protecting memory [0x00007f3a3d411000,0x00007f3a3d415000] with protection modes 0
Event: 12.154 Protecting memory [0x00007f3a3d310000,0x00007f3a3d314000] with protection modes 0
Event: 12.475 Protecting memory [0x00007f3a3d20f000,0x00007f3a3d213000] with protection modes 0
Event: 13.360 Protecting memory [0x00007f3a3d10e000,0x00007f3a3d112000] with protection modes 0
Event: 18.368 Protecting memory [0x00007f3a3d00d000,0x00007f3a3d011000] with protection modes 0
Event: 20.537 Protecting memory [0x00007f39ebf00000,0x00007f39ebf04000] with protection modes 0
Event: 42.777 Protecting memory [0x00007f39ebdff000,0x00007f39ebe03000] with protection modes 0
Event: 42.868 Protecting memory [0x00007f39ebcfe000,0x00007f39ebd02000] with protection modes 0
Event: 43.293 Protecting memory [0x00007f39ebbfd000,0x00007f39ebc01000] with protection modes 0
Event: 45.655 Protecting memory [0x00007f39ebafc000,0x00007f39ebb00000] with protection modes 0
Event: 46.301 Protecting memory [0x00007f39eb9fb000,0x00007f39eb9ff000] with protection modes 0
Event: 46.948 Protecting memory [0x00007f39eb8fa000,0x00007f39eb8fe000] with protection modes 0
Event: 47.190 Protecting memory [0x00007f39eb7f9000,0x00007f39eb7fd000] with protection modes 0
Event: 47.338 Protecting memory [0x00007f39eb6f8000,0x00007f39eb6fc000] with protection modes 0
Event: 47.588 Protecting memory [0x00007f39eb5f7000,0x00007f39eb5fb000] with protection modes 0
Event: 69.559 Protecting memory [0x00007f39eb4f6000,0x00007f39eb4fa000] with protection modes 0

Nmethod flushes (20 events):
Event: 69.955 Thread 0x00007f3a540635d0 flushing  nmethod 0x00007f3a3f1ae790
Event: 69.955 Thread 0x00007f3a540635d0 flushing  nmethod 0x00007f3a3f1b0010
Event: 69.955 Thread 0x00007f3a540635d0 flushing  nmethod 0x00007f3a3f1b0690
Event: 69.955 Thread 0x00007f3a540635d0 flushing  nmethod 0x00007f3a3f1b4210
Event: 69.955 Thread 0x00007f3a540635d0 flushing  nmethod 0x00007f3a3f1b6410
Event: 69.955 Thread 0x00007f3a540635d0 flushing  nmethod 0x00007f3a3f1b6a90
Event: 69.955 Thread 0x00007f3a540635d0 flushing  nmethod 0x00007f3a3f1bc890
Event: 69.955 Thread 0x00007f3a540635d0 flushing  nmethod 0x00007f3a3f1c7d90
Event: 69.955 Thread 0x00007f3a540635d0 flushing  nmethod 0x00007f3a3f1dd490
Event: 69.955 Thread 0x00007f3a540635d0 flushing  nmethod 0x00007f3a3f1deb90
Event: 69.955 Thread 0x00007f3a540635d0 flushing  nmethod 0x00007f3a3f1f3e10
Event: 69.955 Thread 0x00007f3a540635d0 flushing  nmethod 0x00007f3a3f203d90
Event: 69.955 Thread 0x00007f3a540635d0 flushing  nmethod 0x00007f3a3f204210
Event: 69.955 Thread 0x00007f3a540635d0 flushing  nmethod 0x00007f3a3f20da10
Event: 69.955 Thread 0x00007f3a540635d0 flushing  nmethod 0x00007f3a3f243690
Event: 69.955 Thread 0x00007f3a540635d0 flushing osr nmethod 0x00007f3a3f263890
Event: 69.956 Thread 0x00007f3a540635d0 flushing  nmethod 0x00007f3a3f2d3f90
Event: 69.956 Thread 0x00007f3a540635d0 flushing  nmethod 0x00007f3a3f2d8210
Event: 69.956 Thread 0x00007f3a540635d0 flushing  nmethod 0x00007f3a3f355390
Event: 69.956 Thread 0x00007f3a540635d0 flushing  nmethod 0x00007f3a3f35b090

Events (20 events):
Event: 4.947 Thread 0x00007f39f0021e30 Thread added: 0x00007f39f46c0600
Event: 5.684 Thread 0x00007f39f0021e30 Thread added: 0x00007f39f44b7ed0
Event: 5.757 Thread 0x00007f39f0021e30 Thread added: 0x00007f39f44cbac0
Event: 5.969 Thread 0x00007f39f0021e30 Thread added: 0x00007f39f476c260
Event: 6.179 Thread 0x00007f39f0021e30 Thread added: 0x00007f39f47b0840
Event: 12.154 Thread 0x00007f39f0021e30 Thread added: 0x00007f39f5209b00
Event: 12.474 Thread 0x00007f39f0021e30 Thread added: 0x00007f39f521f440
Event: 13.353 Thread 0x00007f39f0021e30 Thread added: 0x00007f39f522bfd0
Event: 18.365 Thread 0x00007f39f0021e30 Thread added: 0x00007f39f58ee770
Event: 20.535 Thread 0x00007f39f0021e30 Thread added: 0x00007f39f5c63f40
Event: 42.775 Thread 0x00007f39f0021e30 Thread added: 0x00007f39f77936a0
Event: 42.868 Thread 0x00007f39f77936a0 Thread added: 0x00007f39fc0bf340
Event: 43.292 Thread 0x00007f39f77936a0 Thread added: 0x00007f39fc1b4cc0
Event: 45.651 Thread 0x00007f39f77936a0 Thread added: 0x00007f39fc2fb180
Event: 46.301 Thread 0x00007f39f77936a0 Thread added: 0x00007f39fc16cac0
Event: 46.944 Thread 0x00007f39f77936a0 Thread added: 0x00007f39fc1680d0
Event: 47.187 Thread 0x00007f39f77936a0 Thread added: 0x00007f39fc161ad0
Event: 47.336 Thread 0x00007f39f77936a0 Thread added: 0x00007f39fc15a5c0
Event: 47.587 Thread 0x00007f39f77936a0 Thread added: 0x00007f39fc2fa170
Event: 69.558 Thread 0x00007f39f77936a0 Thread added: 0x00007f39fc0410b0


Dynamic libraries:
d4400000-db0b0000 rw-p 00000000 00:00 0 
db0b0000-e2d50000 ---p 00000000 00:00 0 
e2d50000-f0661000 rw-p 00000000 00:00 0 
f0661000-100000000 ---p 00000000 00:00 0 
55f3bbbe5000-55f3bbbe6000 r--p 00000000 fe:00 395415                     /usr/lib/jvm/java-17-openjdk-amd64/bin/java
55f3bbbe6000-55f3bbbe7000 r-xp 00001000 fe:00 395415                     /usr/lib/jvm/java-17-openjdk-amd64/bin/java
55f3bbbe7000-55f3bbbe8000 r--p 00002000 fe:00 395415                     /usr/lib/jvm/java-17-openjdk-amd64/bin/java
55f3bbbe8000-55f3bbbe9000 r--p 00002000 fe:00 395415                     /usr/lib/jvm/java-17-openjdk-amd64/bin/java
55f3bbbe9000-55f3bbbea000 rw-p 00003000 fe:00 395415                     /usr/lib/jvm/java-17-openjdk-amd64/bin/java
55f3bbc75000-55f3bbcbc000 rw-p 00000000 00:00 0                          [heap]
7f39db000000-7f39db100000 rw-p 00000000 00:00 0 
7f39db100000-7f39db300000 rw-p 00000000 00:00 0 
7f39db300000-7f39db400000 rw-p 00000000 00:00 0 
7f39db400000-7f39db480000 rw-p 00000000 00:00 0 
7f39db480000-7f39db580000 rw-p 00000000 00:00 0 
7f39db580000-7f39db600000 rw-p 00000000 00:00 0 
7f39db600000-7f39db700000 rw-p 00000000 00:00 0 
7f39db700000-7f39db730000 rw-p 00000000 00:00 0 
7f39db730000-7f39db800000 ---p 00000000 00:00 0 
7f39db800000-7f39db880000 rw-p 00000000 00:00 0 
7f39db880000-7f39df000000 ---p 00000000 00:00 0 
7f39df511000-7f39e7000000 r--s 00000000 fe:00 395468                     /usr/lib/jvm/java-17-openjdk-amd64/lib/modules
7f39e7000000-7f39ea9e0000 rw-p 00000000 00:00 0 
7f39ea9e0000-7f39eab00000 rw-p 00000000 00:00 0 
7f39eab00000-7f39eae80000 rw-p 00000000 00:00 0 
7f39eae80000-7f39eaf00000 rw-p 00000000 00:00 0 
7f39eaf00000-7f39eb000000 rw-p 00000000 00:00 0 
7f39eb4f5000-7f39eb4f6000 ---p 00000000 00:00 0 
7f39eb4f6000-7f39eb4fa000 ---p 00000000 00:00 0 
7f39eb4fa000-7f39eb5f6000 rw-p 00000000 00:00 0 
7f39eb5f6000-7f39eb5f7000 ---p 00000000 00:00 0 
7f39eb5f7000-7f39eb5fb000 ---p 00000000 00:00 0 
7f39eb5fb000-7f39eb6f7000 rw-p 00000000 00:00 0 
7f39eb6f7000-7f39eb6f8000 ---p 00000000 00:00 0 
7f39eb6f8000-7f39eb6fc000 ---p 00000000 00:00 0 
7f39eb6fc000-7f39eb7f8000 rw-p 00000000 00:00 0 
7f39eb7f8000-7f39eb7f9000 ---p 00000000 00:00 0 
7f39eb7f9000-7f39eb7fd000 ---p 00000000 00:00 0 
7f39eb7fd000-7f39eb8f9000 rw-p 00000000 00:00 0 
7f39eb8f9000-7f39eb8fa000 ---p 00000000 00:00 0 
7f39eb8fa000-7f39eb8fe000 ---p 00000000 00:00 0 
7f39eb8fe000-7f39eb9fa000 rw-p 00000000 00:00 0 
7f39eb9fa000-7f39eb9fb000 ---p 00000000 00:00 0 
7f39eb9fb000-7f39eb9ff000 ---p 00000000 00:00 0 
7f39eb9ff000-7f39ebafb000 rw-p 00000000 00:00 0 
7f39ebafb000-7f39ebafc000 ---p 00000000 00:00 0 
7f39ebafc000-7f39ebb00000 ---p 00000000 00:00 0 
7f39ebb00000-7f39ebbfc000 rw-p 00000000 00:00 0 
7f39ebbfc000-7f39ebbfd000 ---p 00000000 00:00 0 
7f39ebbfd000-7f39ebc01000 ---p 00000000 00:00 0 
7f39ebc01000-7f39ebcfd000 rw-p 00000000 00:00 0 
7f39ebcfd000-7f39ebcfe000 ---p 00000000 00:00 0 
7f39ebcfe000-7f39ebd02000 ---p 00000000 00:00 0 
7f39ebd02000-7f39ebdfe000 rw-p 00000000 00:00 0 
7f39ebdfe000-7f39ebdff000 ---p 00000000 00:00 0 
7f39ebdff000-7f39ebe03000 ---p 00000000 00:00 0 
7f39ebe03000-7f39ebeff000 rw-p 00000000 00:00 0 
7f39ebeff000-7f39ebf00000 ---p 00000000 00:00 0 
7f39ebf00000-7f39ebf04000 ---p 00000000 00:00 0 
7f39ebf04000-7f39ec000000 rw-p 00000000 00:00 0 
7f39ec000000-7f39ec03c000 rw-p 00000000 00:00 0 
7f39ec03c000-7f39f0000000 ---p 00000000 00:00 0 
7f39f0000000-7f39f0080000 rw-p 00000000 00:00 0 
7f39f0080000-7f39f4000000 ---p 00000000 00:00 0 
7f39f4000000-7f39f779e000 rw-p 00000000 00:00 0 
7f39f779e000-7f39f8000000 ---p 00000000 00:00 0 
7f39f8000000-7f39f8021000 rw-p 00000000 00:00 0 
7f39f8021000-7f39fc000000 ---p 00000000 00:00 0 
7f39fc000000-7f39fc4e2000 rw-p 00000000 00:00 0 
7f39fc4e2000-7f3a00000000 ---p 00000000 00:00 0 
7f3a00000000-7f3a0005f000 rw-p 00000000 00:00 0 
7f3a0005f000-7f3a04000000 ---p 00000000 00:00 0 
7f3a04000000-7f3a05f57000 rw-p 00000000 00:00 0 
7f3a05f57000-7f3a08000000 ---p 00000000 00:00 0 
7f3a08000000-7f3a091b0000 rw-p 00000000 00:00 0 
7f3a091b0000-7f3a0c000000 ---p 00000000 00:00 0 
7f3a0c000000-7f3a0c021000 rw-p 00000000 00:00 0 
7f3a0c021000-7f3a10000000 ---p 00000000 00:00 0 
7f3a10000000-7f3a10021000 rw-p 00000000 00:00 0 
7f3a10021000-7f3a14000000 ---p 00000000 00:00 0 
7f3a14000000-7f3a14021000 rw-p 00000000 00:00 0 
7f3a14021000-7f3a18000000 ---p 00000000 00:00 0 
7f3a18000000-7f3a18021000 rw-p 00000000 00:00 0 
7f3a18021000-7f3a1c000000 ---p 00000000 00:00 0 
7f3a1c000000-7f3a1c170000 rw-p 00000000 00:00 0 
7f3a1c170000-7f3a20000000 ---p 00000000 00:00 0 
7f3a20000000-7f3a20021000 rw-p 00000000 00:00 0 
7f3a20021000-7f3a24000000 ---p 00000000 00:00 0 
7f3a24000000-7f3a24400000 rw-p 00000000 00:00 0 
7f3a24400000-7f3a24900000 rw-p 00000000 00:00 0 
7f3a24900000-7f3a24a00000 rw-p 00000000 00:00 0 
7f3a24a00000-7f3a253c0000 rw-p 00000000 00:00 0 
7f3a253c0000-7f3a25400000 rw-p 00000000 00:00 0 
7f3a25400000-7f3a25740000 rw-p 00000000 00:00 0 
7f3a25740000-7f3a25780000 rw-p 00000000 00:00 0 
7f3a25780000-7f3a25900000 rw-p 00000000 00:00 0 
7f3a25900000-7f3a25b00000 rw-p 00000000 00:00 0 
7f3a25b00000-7f3a25c00000 rw-p 00000000 00:00 0 
7f3a25c00000-7f3a27180000 rw-p 00000000 00:00 0 
7f3a27180000-7f3a27200000 rw-p 00000000 00:00 0 
7f3a27200000-7f3a27500000 rw-p 00000000 00:00 0 
7f3a27500000-7f3a27980000 rw-p 00000000 00:00 0 
7f3a27980000-7f3a27b00000 rw-p 00000000 00:00 0 
7f3a27b00000-7f3a27c00000 rw-p 00000000 00:00 0 
7f3a27c00000-7f3a28000000 rw-p 00000000 00:00 0 
7f3a28000000-7f3a28455000 rw-p 00001000 fe:00 394129                     /usr/lib/jvm/java-17-openjdk-amd64/lib/server/classes.jsa
7f3a28455000-7f3a28bca000 rw-p 00456000 fe:00 394129                     /usr/lib/jvm/java-17-openjdk-amd64/lib/server/classes.jsa
7f3a28bca000-7f3a29000000 ---p 00000000 00:00 0 
7f3a29000000-7f3a29040000 rw-p 00000000 00:00 0 
7f3a29040000-7f3a29080000 rw-p 00000000 00:00 0 
7f3a29080000-7f3a29140000 rw-p 00000000 00:00 0 
7f3a29140000-7f3a29180000 rw-p 00000000 00:00 0 
7f3a29180000-7f3a29440000 rw-p 00000000 00:00 0 
7f3a29440000-7f3a29680000 rw-p 00000000 00:00 0 
7f3a29680000-7f3a29940000 rw-p 00000000 00:00 0 
7f3a29940000-7f3a29980000 rw-p 00000000 00:00 0 
7f3a29980000-7f3a29c00000 rw-p 00000000 00:00 0 
7f3a29c00000-7f3a2a2e0000 rw-p 00000000 00:00 0 
7f3a2a2e0000-7f3a2a300000 rw-p 00000000 00:00 0 
7f3a2a300000-7f3a2a3c0000 rw-p 00000000 00:00 0 
7f3a2a3c0000-7f3a2a440000 rw-p 00000000 00:00 0 
7f3a2a440000-7f3a2a460000 rw-p 00000000 00:00 0 
7f3a2a460000-7f3a2a480000 ---p 00000000 00:00 0 
7f3a2a480000-7f3a2a4c0000 rw-p 00000000 00:00 0 
7f3a2a4c0000-7f3a3d000000 ---p 00000000 00:00 0 
7f3a3d00c000-7f3a3d00d000 ---p 00000000 00:00 0 
7f3a3d00d000-7f3a3d011000 ---p 00000000 00:00 0 
7f3a3d011000-7f3a3d10d000 rw-p 00000000 00:00 0 
7f3a3d10d000-7f3a3d10e000 ---p 00000000 00:00 0 
7f3a3d10e000-7f3a3d112000 ---p 00000000 00:00 0 
7f3a3d112000-7f3a3d20e000 rw-p 00000000 00:00 0 
7f3a3d20e000-7f3a3d20f000 ---p 00000000 00:00 0 
7f3a3d20f000-7f3a3d213000 ---p 00000000 00:00 0 
7f3a3d213000-7f3a3d30f000 rw-p 00000000 00:00 0 
7f3a3d30f000-7f3a3d310000 ---p 00000000 00:00 0 
7f3a3d310000-7f3a3d314000 ---p 00000000 00:00 0 
7f3a3d314000-7f3a3d410000 rw-p 00000000 00:00 0 
7f3a3d410000-7f3a3d411000 ---p 00000000 00:00 0 
7f3a3d411000-7f3a3d415000 ---p 00000000 00:00 0 
7f3a3d415000-7f3a3d511000 rw-p 00000000 00:00 0 
7f3a3d511000-7f3a3f4c1000 rwxp 00000000 00:00 0 
7f3a3f4c1000-7f3a44a49000 ---p 00000000 00:00 0 
7f3a44a49000-7f3a44cb9000 rwxp 00000000 00:00 0 
7f3a44cb9000-7f3a44fd8000 ---p 00000000 00:00 0 
7f3a44fd8000-7f3a45918000 rwxp 00000000 00:00 0 
7f3a45928000-7f3a4c511000 ---p 00000000 00:00 0 
7f3a4c511000-7f3a54000000 r--s 00000000 fe:00 395468                     /usr/lib/jvm/java-17-openjdk-amd64/lib/modules
7f3a54000000-7f3a55341000 rw-p 00000000 00:00 0 
7f3a55341000-7f3a58000000 ---p 00000000 00:00 0 
7f3a580ef000-7f3a580f0000 ---p 00000000 00:00 0 
7f3a580f0000-7f3a580f4000 ---p 00000000 00:00 0 
7f3a580f4000-7f3a581f0000 rw-p 00000000 00:00 0 
7f3a581f0000-7f3a581f1000 ---p 00000000 00:00 0 
7f3a581f1000-7f3a581f5000 ---p 00000000 00:00 0 
7f3a581f5000-7f3a582f1000 rw-p 00000000 00:00 0 
7f3a582f1000-7f3a582f2000 ---p 00000000 00:00 0 
7f3a582f2000-7f3a582f6000 ---p 00000000 00:00 0 
7f3a582f6000-7f3a583f2000 rw-p 00000000 00:00 0 
7f3a583f2000-7f3a583f3000 ---p 00000000 00:00 0 
7f3a583f3000-7f3a583f7000 ---p 00000000 00:00 0 
7f3a583f7000-7f3a584f3000 rw-p 00000000 00:00 0 
7f3a584f3000-7f3a584f4000 ---p 00000000 00:00 0 
7f3a584f4000-7f3a584f8000 ---p 00000000 00:00 0 
7f3a584f8000-7f3a585f4000 rw-p 00000000 00:00 0 
7f3a585f4000-7f3a585f5000 ---p 00000000 00:00 0 
7f3a585f5000-7f3a585f9000 ---p 00000000 00:00 0 
7f3a585f9000-7f3a586f5000 rw-p 00000000 00:00 0 
7f3a586f5000-7f3a586f6000 ---p 00000000 00:00 0 
7f3a586f6000-7f3a586fa000 ---p 00000000 00:00 0 
7f3a586fa000-7f3a587f6000 rw-p 00000000 00:00 0 
7f3a587f6000-7f3a587f7000 ---p 00000000 00:00 0 
7f3a587f7000-7f3a587fb000 ---p 00000000 00:00 0 
7f3a587fb000-7f3a588f7000 rw-p 00000000 00:00 0 
7f3a588f7000-7f3a588f8000 ---p 00000000 00:00 0 
7f3a588f8000-7f3a588fc000 ---p 00000000 00:00 0 
7f3a588fc000-7f3a589f8000 rw-p 00000000 00:00 0 
7f3a589f8000-7f3a589f9000 ---p 00000000 00:00 0 
7f3a589f9000-7f3a589fd000 ---p 00000000 00:00 0 
7f3a589fd000-7f3a58af9000 rw-p 00000000 00:00 0 
7f3a58af9000-7f3a58afa000 ---p 00000000 00:00 0 
7f3a58afa000-7f3a58afe000 ---p 00000000 00:00 0 
7f3a58afe000-7f3a58bfa000 rw-p 00000000 00:00 0 
7f3a58bfa000-7f3a58bfb000 ---p 00000000 00:00 0 
7f3a58bfb000-7f3a58bff000 ---p 00000000 00:00 0 
7f3a58bff000-7f3a58cfb000 rw-p 00000000 00:00 0 
7f3a58cfb000-7f3a58cfc000 ---p 00000000 00:00 0 
7f3a58cfc000-7f3a58d00000 ---p 00000000 00:00 0 
7f3a58d00000-7f3a58dfc000 rw-p 00000000 00:00 0 
7f3a58dfc000-7f3a58dfd000 ---p 00000000 00:00 0 
7f3a58dfd000-7f3a58e01000 ---p 00000000 00:00 0 
7f3a58e01000-7f3a58efd000 rw-p 00000000 00:00 0 
7f3a58efd000-7f3a58efe000 ---p 00000000 00:00 0 
7f3a58efe000-7f3a58f02000 ---p 00000000 00:00 0 
7f3a58f02000-7f3a58ffe000 rw-p 00000000 00:00 0 
7f3a58ffe000-7f3a58fff000 ---p 00000000 00:00 0 
7f3a58fff000-7f3a59003000 ---p 00000000 00:00 0 
7f3a59003000-7f3a590ff000 rw-p 00000000 00:00 0 
7f3a590ff000-7f3a59100000 ---p 00000000 00:00 0 
7f3a59100000-7f3a59104000 ---p 00000000 00:00 0 
7f3a59104000-7f3a59200000 rw-p 00000000 00:00 0 
7f3a59200000-7f3a59253000 r-xp 00000000 fe:00 395251                     /tmp/arena/tenants/c1de69a2-3381-4bdd-83b1-d9e6e777a496/sessions/caf23923-26ae-4790-a52a-1da05cf3d2ad/workspace/.gradle-home/native/100fb08df4bc3b14c8652ba06237920a3bd2aa13389f12d3474272988ae205f9/linux-amd64/libnative-platform-file-events.so
7f3a59253000-7f3a59452000 ---p 00053000 fe:00 395251                     /tmp/arena/tenants/c1de69a2-3381-4bdd-83b1-d9e6e777a496/sessions/caf23923-26ae-4790-a52a-1da05cf3d2ad/workspace/.gradle-home/native/100fb08df4bc3b14c8652ba06237920a3bd2aa13389f12d3474272988ae205f9/linux-amd64/libnative-platform-file-events.so
7f3a59452000-7f3a59453000 r--p 00052000 fe:00 395251                     /tmp/arena/tenants/c1de69a2-3381-4bdd-83b1-d9e6e777a496/sessions/caf23923-26ae-4790-a52a-1da05cf3d2ad/workspace/.gradle-home/native/100fb08df4bc3b14c8652ba06237920a3bd2aa13389f12d3474272988ae205f9/linux-amd64/libnative-platform-file-events.so
7f3a59453000-7f3a59455000 rw-p 00053000 fe:00 395251                     /tmp/arena/tenants/c1de69a2-3381-4bdd-83b1-d9e6e777a496/sessions/caf23923-26ae-4790-a52a-1da05cf3d2ad/workspace/.gradle-home/native/100fb08df4bc3b14c8652ba06237920a3bd2aa13389f12d3474272988ae205f9/linux-amd64/libnative-platform-file-events.so
7f3a594ff000-7f3a59500000 ---p 00000000 00:00 0 
7f3a59500000-7f3a59504000 ---p 00000000 00:00 0 
7f3a59504000-7f3a59600000 rw-p 00000000 00:00 0 
7f3a59600000-7f3a59605000 r-xp 00000000 fe:00 394200                     /tmp/arena/tenants/c1de69a2-3381-4bdd-83b1-d9e6e777a496/sessions/caf23923-26ae-4790-a52a-1da05cf3d2ad/workspace/.gradle-home/native/c067742578af261105cb4f569cf0c3c89f3d7b1fecec35dd04571415982c5e48/linux-amd64/libnative-platform.so
7f3a59605000-7f3a59805000 ---p 00005000 fe:00 394200                     /tmp/arena/tenants/c1de69a2-3381-4bdd-83b1-d9e6e777a496/sessions/caf23923-26ae-4790-a52a-1da05cf3d2ad/workspace/.gradle-home/native/c067742578af261105cb4f569cf0c3c89f3d7b1fecec35dd04571415982c5e48/linux-amd64/libnative-platform.so
7f3a59805000-7f3a59806000 r--p 00005000 fe:00 394200                     /tmp/arena/tenants/c1de69a2-3381-4bdd-83b1-d9e6e777a496/sessions/caf23923-26ae-4790-a52a-1da05cf3d2ad/workspace/.gradle-home/native/c067742578af261105cb4f569cf0c3c89f3d7b1fecec35dd04571415982c5e48/linux-amd64/libnative-platform.so
7f3a59806000-7f3a59807000 rw-p 00006000 fe:00 394200                     /tmp/arena/tenants/c1de69a2-3381-4bdd-83b1-d9e6e777a496/sessions/caf23923-26ae-4790-a52a-1da05cf3d2ad/workspace/.gradle-home/native/c067742578af261105cb4f569cf0c3c89f3d7b1fecec35dd04571415982c5e48/linux-amd64/libnative-platform.so
7f3a59847000-7f3a59849000 r--p 00000000 fe:00 395457                     /usr/lib/jvm/java-17-openjdk-amd64/lib/libmanagement_ext.so
7f3a59849000-7f3a5984c000 r-xp 00002000 fe:00 395457                     /usr/lib/jvm/java-17-openjdk-amd64/lib/libmanagement_ext.so
7f3a5984c000-7f3a5984d000 r--p 00005000 fe:00 395457                     /usr/lib/jvm/java-17-openjdk-amd64/lib/libmanagement_ext.so
7f3a5984d000-7f3a5984e000 r--p 00006000 fe:00 395457                     /usr/lib/jvm/java-17-openjdk-amd64/lib/libmanagement_ext.so
7f3a5984e000-7f3a5984f000 rw-p 00007000 fe:00 395457                     /usr/lib/jvm/java-17-openjdk-amd64/lib/libmanagement_ext.so
7f3a5984f000-7f3a59851000 r--p 00000000 fe:00 395455                     /usr/lib/jvm/java-17-openjdk-amd64/lib/libmanagement.so
7f3a59851000-7f3a59852000 r-xp 00002000 fe:00 395455                     /usr/lib/jvm/java-17-openjdk-amd64/lib/libmanagement.so
7f3a59852000-7f3a59853000 r--p 00003000 fe:00 395455                     /usr/lib/jvm/java-17-openjdk-amd64/lib/libmanagement.so
7f3a59853000-7f3a59854000 r--p 00003000 fe:00 395455                     /usr/lib/jvm/java-17-openjdk-amd64/lib/libmanagement.so
7f3a59854000-7f3a59855000 rw-p 00004000 fe:00 395455                     /usr/lib/jvm/java-17-openjdk-amd64/lib/libmanagement.so
7f3a59855000-7f3a59856000 r--p 00000000 00:25 973                        /usr/lib/x86_64-linux-gnu/libpthread.so.0
7f3a59856000-7f3a59857000 r-xp 00001000 00:25 973                        /usr/lib/x86_64-linux-gnu/libpthread.so.0
7f3a59857000-7f3a59858000 r--p 00002000 00:25 973                        /usr/lib/x86_64-linux-gnu/libpthread.so.0
7f3a59858000-7f3a59859000 r--p 00002000 00:25 973                        /usr/lib/x86_64-linux-gnu/libpthread.so.0
7f3a59859000-7f3a5985a000 rw-p 00003000 00:25 973                        /usr/lib/x86_64-linux-gnu/libpthread.so.0
7f3a5985a000-7f3a5985e000 r--p 00000000 fe:00 395466                     /usr/lib/jvm/java-17-openjdk-amd64/lib/libverify.so
7f3a5985e000-7f3a59865000 r-xp 00004000 fe:00 395466                     /usr/lib/jvm/java-17-openjdk-amd64/lib/libverify.so
7f3a59865000-7f3a59867000 r--p 0000b000 fe:00 395466                     /usr/lib/jvm/java-17-openjdk-amd64/lib/libverify.so
7f3a59867000-7f3a59869000 r--p 0000c000 fe:00 395466                     /usr/lib/jvm/java-17-openjdk-amd64/lib/libverify.so
7f3a59869000-7f3a5986a000 rw-p 0000e000 fe:00 395466                     /usr/lib/jvm/java-17-openjdk-amd64/lib/libverify.so
7f3a5986a000-7f3a5986b000 ---p 00000000 00:00 0 
7f3a5986b000-7f3a5996b000 rw-p 00000000 00:00 0 
7f3a5996b000-7f3a5996c000 ---p 00000000 00:00 0 
7f3a5996c000-7f3a59970000 ---p 00000000 00:00 0 
7f3a59970000-7f3a59a6c000 rw-p 00000000 00:00 0 
7f3a59a6c000-7f3a59a70000 r--p 00000000 fe:00 395459                     /usr/lib/jvm/java-17-openjdk-amd64/lib/libnet.so
7f3a59a70000-7f3a59a7e000 r-xp 00004000 fe:00 395459                     /usr/lib/jvm/java-17-openjdk-amd64/lib/libnet.so
7f3a59a7e000-7f3a59a82000 r--p 00012000 fe:00 395459                     /usr/lib/jvm/java-17-openjdk-amd64/lib/libnet.so
7f3a59a82000-7f3a59a83000 r--p 00015000 fe:00 395459                     /usr/lib/jvm/java-17-openjdk-amd64/lib/libnet.so
7f3a59a83000-7f3a59a84000 rw-p 00016000 fe:00 395459                     /usr/lib/jvm/java-17-openjdk-amd64/lib/libnet.so
7f3a59a84000-7f3a59a85000 ---p 00000000 00:00 0 
7f3a59a85000-7f3a59a89000 ---p 00000000 00:00 0 
7f3a59a89000-7f3a59b85000 rw-p 00000000 00:00 0 
7f3a59b85000-7f3a59b86000 ---p 00000000 00:00 0 
7f3a59b86000-7f3a59b8a000 ---p 00000000 00:00 0 
7f3a59b8a000-7f3a59c86000 rw-p 00000000 00:00 0 
7f3a59c86000-7f3a59c87000 ---p 00000000 00:00 0 
7f3a59c87000-7f3a59c8b000 ---p 00000000 00:00 0 
7f3a59c8b000-7f3a59d87000 rw-p 00000000 00:00 0 
7f3a59d87000-7f3a59d88000 ---p 00000000 00:00 0 
7f3a59d88000-7f3a59d8c000 ---p 00000000 00:00 0 
7f3a59d8c000-7f3a59e88000 rw-p 00000000 00:00 0 
7f3a59e88000-7f3a59e89000 ---p 00000000 00:00 0 
7f3a59e89000-7f3a59e8d000 ---p 00000000 00:00 0 
7f3a59e8d000-7f3a59f89000 rw-p 00000000 00:00 0 
7f3a59f89000-7f3a59f8a000 ---p 00000000 00:00 0 
7f3a59f8a000-7f3a59f8e000 ---p 00000000 00:00 0 
7f3a59f8e000-7f3a5a08a000 rw-p 00000000 00:00 0 
7f3a5a08a000-7f3a5a08b000 ---p 00000000 00:00 0 
7f3a5a08b000-7f3a5a08f000 ---p 00000000 00:00 0 
7f3a5a08f000-7f3a5a18b000 rw-p 00000000 00:00 0 
7f3a5a18b000-7f3a5a1e2000 r--p 00000000 00:25 524                        /usr/lib/locale/C.utf8/LC_CTYPE
7f3a5a1e2000-7f3a5a1e3000 ---p 00000000 00:00 0 
7f3a5a1e3000-7f3a5a1e7000 ---p 00000000 00:00 0 
7f3a5a1e7000-7f3a5a2e3000 rw-p 00000000 00:00 0 
7f3a5a2e3000-7f3a5a2e4000 ---p 00000000 00:00 0 
7f3a5a2e4000-7f3a5a2e8000 ---p 00000000 00:00 0 
7f3a5a2e8000-7f3a5a3e4000 rw-p 00000000 00:00 0 
7f3a5a3e4000-7f3a5a3e5000 ---p 00000000 00:00 0 
7f3a5a3e5000-7f3a5a4e5000 rw-p 00000000 00:00 0 
7f3a5a4e5000-7f3a5a4ea000 r--p 00000000 fe:00 395453                     /usr/lib/jvm/java-17-openjdk-amd64/lib/libjsvml.so
7f3a5a4ea000-7f3a5a52b000 r-xp 00005000 fe:00 395453                     /usr/lib/jvm/java-17-openjdk-amd64/lib/libjsvml.so
7f3a5a52b000-7f3a5a5b4000 r--p 00046000 fe:00 395453                     /usr/lib/jvm/java-17-openjdk-amd64/lib/libjsvml.so
7f3a5a5b4000-7f3a5a5b5000 r--p 000ce000 fe:00 395453                     /usr/lib/jvm/java-17-openjdk-amd64/lib/libjsvml.so
7f3a5a5b5000-7f3a5a5b6000 rw-p 000cf000 fe:00 395453                     /usr/lib/jvm/java-17-openjdk-amd64/lib/libjsvml.so
7f3a5a5b6000-7f3a5a6d3000 rw-p 00000000 00:00 0 
7f3a5a6d3000-7f3a5a6d4000 r--p 00000000 fe:00 395439                     /usr/lib/jvm/java-17-openjdk-amd64/lib/libextnet.so
7f3a5a6d4000-7f3a5a6d5000 r-xp 00001000 fe:00 395439                     /usr/lib/jvm/java-17-openjdk-amd64/lib/libextnet.so
7f3a5a6d5000-7f3a5a6d6000 r--p 00002000 fe:00 395439                     /usr/lib/jvm/java-17-openjdk-amd64/lib/libextnet.so
7f3a5a6d6000-7f3a5a6d7000 r--p 00002000 fe:00 395439                     /usr/lib/jvm/java-17-openjdk-amd64/lib/libextnet.so
7f3a5a6d7000-7f3a5a6d8000 rw-p 00003000 fe:00 395439                     /usr/lib/jvm/java-17-openjdk-amd64/lib/libextnet.so
7f3a5a6d8000-7f3a5a6df000 r--p 00000000 fe:00 395460                     /usr/lib/jvm/java-17-openjdk-amd64/lib/libnio.so
7f3a5a6df000-7f3a5a6e8000 r-xp 00007000 fe:00 395460                     /usr/lib/jvm/java-17-openjdk-amd64/lib/libnio.so
7f3a5a6e8000-7f3a5a6ec000 r--p 00010000 fe:00 395460                     /usr/lib/jvm/java-17-openjdk-amd64/lib/libnio.so
7f3a5a6ec000-7f3a5a6ed000 r--p 00014000 fe:00 395460                     /usr/lib/jvm/java-17-openjdk-amd64/lib/libnio.so
7f3a5a6ed000-7f3a5a6ee000 rw-p 00015000 fe:00 395460                     /usr/lib/jvm/java-17-openjdk-amd64/lib/libnio.so
7f3a5a6ee000-7f3a5a6f0000 r--p 00000000 fe:00 395467                     /usr/lib/jvm/java-17-openjdk-amd64/lib/libzip.so
7f3a5a6f0000-7f3a5a6f4000 r-xp 00002000 fe:00 395467                     /usr/lib/jvm/java-17-openjdk-amd64/lib/libzip.so
7f3a5a6f4000-7f3a5a6f6000 r--p 00006000 fe:00 395467                     /usr/lib/jvm/java-17-openjdk-amd64/lib/libzip.so
7f3a5a6f6000-7f3a5a6f7000 r--p 00007000 fe:00 395467                     /usr/lib/jvm/java-17-openjdk-amd64/lib/libzip.so
7f3a5a6f7000-7f3a5a6f8000 rw-p 00008000 fe:00 395467                     /usr/lib/jvm/java-17-openjdk-amd64/lib/libzip.so
7f3a5a6f8000-7f3a5a6f9000 r--p 00000000 00:25 531                        /usr/lib/locale/C.utf8/LC_NUMERIC
7f3a5a6f9000-7f3a5a6fa000 r--p 00000000 00:25 534                        /usr/lib/locale/C.utf8/LC_TIME
7f3a5a6fa000-7f3a5a6fb000 r--p 00000000 00:25 523                        /usr/lib/locale/C.utf8/LC_COLLATE
7f3a5a6fb000-7f3a5a6fc000 r--p 00000000 00:25 529                        /usr/lib/locale/C.utf8/LC_MONETARY
7f3a5a6fc000-7f3a5a6fd000 r--p 00000000 00:25 528                        /usr/lib/locale/C.utf8/LC_MESSAGES/SYS_LC_MESSAGES
7f3a5a6fd000-7f3a5a6fe000 r--p 00000000 00:25 532                        /usr/lib/locale/C.utf8/LC_PAPER
7f3a5a6fe000-7f3a5a6ff000 r--p 00000000 00:25 530                        /usr/lib/locale/C.utf8/LC_NAME
7f3a5a6ff000-7f3a5a700000 r--p 00000000 00:25 522                        /usr/lib/locale/C.utf8/LC_ADDRESS
7f3a5a700000-7f3a5a701000 r--p 00000000 00:25 533                        /usr/lib/locale/C.utf8/LC_TELEPHONE
7f3a5a701000-7f3a5a702000 r--p 00000000 00:25 526                        /usr/lib/locale/C.utf8/LC_MEASUREMENT
7f3a5a702000-7f3a5a709000 r--s 00000000 00:25 880                        /usr/lib/x86_64-linux-gnu/gconv/gconv-modules.cache
7f3a5a709000-7f3a5a70a000 r--p 00000000 00:25 525                        /usr/lib/locale/C.utf8/LC_IDENTIFICATION
7f3a5a70a000-7f3a5a777000 rw-p 00000000 00:00 0 
7f3a5a777000-7f3a5a7f4000 ---p 00000000 00:00 0 
7f3a5a7f4000-7f3a5a82b000 rw-p 00000000 00:00 0 
7f3a5a82b000-7f3a5a868000 ---p 00000000 00:00 0 
7f3a5a868000-7f3a5a8d6000 rw-p 00000000 00:00 0 
7f3a5a8d6000-7f3a5a952000 ---p 00000000 00:00 0 
7f3a5a952000-7f3a5a966000 rw-p 00000000 00:00 0 
7f3a5a966000-7f3a5aa3e000 ---p 00000000 00:00 0 
7f3a5aa3e000-7f3a5aa7e000 rw-p 00000000 00:00 0 
7f3a5aa7e000-7f3a5ab29000 ---p 00000000 00:00 0 
7f3a5ab29000-7f3a5ab2e000 rw-p 00000000 00:00 0 
7f3a5ab2e000-7f3a5ab35000 ---p 00000000 00:00 0 
7f3a5ab35000-7f3a5ab3d000 rw-s 00000000 fe:00 537789                     /tmp/hsperfdata_root/2005
7f3a5ab3d000-7f3a5ab49000 r--p 00000000 fe:00 395446                     /usr/lib/jvm/java-17-openjdk-amd64/lib/libjava.so
7f3a5ab49000-7f3a5ab5a000 r-xp 0000c000 fe:00 395446                     /usr/lib/jvm/java-17-openjdk-amd64/lib/libjava.so
7f3a5ab5a000-7f3a5ab60000 r--p 0001d000 fe:00 395446                     /usr/lib/jvm/java-17-openjdk-amd64/lib/libjava.so
7f3a5ab60000-7f3a5ab61000 r--p 00022000 fe:00 395446                     /usr/lib/jvm/java-17-openjdk-amd64/lib/libjava.so
7f3a5ab61000-7f3a5ab62000 rw-p 00023000 fe:00 395446                     /usr/lib/jvm/java-17-openjdk-amd64/lib/libjava.so
7f3a5ab62000-7f3a5ab63000 rw-p 00000000 00:00 0 
7f3a5ab63000-7f3a5ab64000 r--p 00000000 fe:00 395441                     /usr/lib/jvm/java-17-openjdk-amd64/lib/libinstrument.so
7f3a5ab64000-7f3a5ab6a000 r-xp 00001000 fe:00 395441                     /usr/lib/jvm/java-17-openjdk-amd64/lib/libinstrument.so
7f3a5ab6a000-7f3a5ab6d000 r--p 00007000 fe:00 395441                     /usr/lib/jvm/java-17-openjdk-amd64/lib/libinstrument.so
7f3a5ab6d000-7f3a5ab6e000 r--p 00009000 fe:00 395441                     /usr/lib/jvm/java-17-openjdk-amd64/lib/libinstrument.so
7f3a5ab6e000-7f3a5ab6f000 rw-p 0000a000 fe:00 395441                     /usr/lib/jvm/java-17-openjdk-amd64/lib/libinstrument.so
7f3a5ab6f000-7f3a5ab71000 r--p 00000000 fe:00 395449                     /usr/lib/jvm/java-17-openjdk-amd64/lib/libjimage.so
7f3a5ab71000-7f3a5ab74000 r-xp 00002000 fe:00 395449                     /usr/lib/jvm/java-17-openjdk-amd64/lib/libjimage.so
7f3a5ab74000-7f3a5ab75000 r--p 00005000 fe:00 395449                     /usr/lib/jvm/java-17-openjdk-amd64/lib/libjimage.so
7f3a5ab75000-7f3a5ab76000 r--p 00006000 fe:00 395449                     /usr/lib/jvm/java-17-openjdk-amd64/lib/libjimage.so
7f3a5ab76000-7f3a5ab77000 rw-p 00007000 fe:00 395449                     /usr/lib/jvm/java-17-openjdk-amd64/lib/libjimage.so
7f3a5ab77000-7f3a5ab7b000 ---p 00000000 00:00 0 
7f3a5ab7b000-7f3a5ac77000 rw-p 00000000 00:00 0 
7f3a5ac77000-7f3a5ac7a000 r--p 00000000 00:25 929                        /usr/lib/x86_64-linux-gnu/libgcc_s.so.1
7f3a5ac7a000-7f3a5ac91000 r-xp 00003000 00:25 929                        /usr/lib/x86_64-linux-gnu/libgcc_s.so.1
7f3a5ac91000-7f3a5ac95000 r--p 0001a000 00:25 929                        /usr/lib/x86_64-linux-gnu/libgcc_s.so.1
7f3a5ac95000-7f3a5ac96000 r--p 0001d000 00:25 929                        /usr/lib/x86_64-linux-gnu/libgcc_s.so.1
7f3a5ac96000-7f3a5ac97000 rw-p 0001e000 00:25 929                        /usr/lib/x86_64-linux-gnu/libgcc_s.so.1
7f3a5ac97000-7f3a5aca7000 r--p 00000000 00:25 946                        /usr/lib/x86_64-linux-gnu/libm.so.6
7f3a5aca7000-7f3a5ad1b000 r-xp 00010000 00:25 946                        /usr/lib/x86_64-linux-gnu/libm.so.6
7f3a5ad1b000-7f3a5ad75000 r--p 00084000 00:25 946                        /usr/lib/x86_64-linux-gnu/libm.so.6
7f3a5ad75000-7f3a5ad76000 r--p 000dd000 00:25 946                        /usr/lib/x86_64-linux-gnu/libm.so.6
7f3a5ad76000-7f3a5ad77000 rw-p 000de000 00:25 946                        /usr/lib/x86_64-linux-gnu/libm.so.6
7f3a5ad77000-7f3a5ae10000 r--p 00000000 00:25 986                        /usr/lib/x86_64-linux-gnu/libstdc++.so.6.0.30
7f3a5ae10000-7f3a5af11000 r-xp 00099000 00:25 986                        /usr/lib/x86_64-linux-gnu/libstdc++.so.6.0.30
7f3a5af11000-7f3a5af80000 r--p 0019a000 00:25 986                        /usr/lib/x86_64-linux-gnu/libstdc++.so.6.0.30
7f3a5af80000-7f3a5af8b000 r--p 00209000 00:25 986                        /usr/lib/x86_64-linux-gnu/libstdc++.so.6.0.30
7f3a5af8b000-7f3a5af8e000 rw-p 00214000 00:25 986                        /usr/lib/x86_64-linux-gnu/libstdc++.so.6.0.30
7f3a5af8e000-7f3a5af91000 rw-p 00000000 00:00 0 
7f3a5af91000-7f3a5b1e2000 r--p 00000000 fe:00 395470                     /usr/lib/jvm/java-17-openjdk-amd64/lib/server/libjvm.so
7f3a5b1e2000-7f3a5bf34000 r-xp 00251000 fe:00 395470                     /usr/lib/jvm/java-17-openjdk-amd64/lib/server/libjvm.so
7f3a5bf34000-7f3a5c1b6000 r--p 00fa3000 fe:00 395470                     /usr/lib/jvm/java-17-openjdk-amd64/lib/server/libjvm.so
7f3a5c1b6000-7f3a5c26e000 r--p 01225000 fe:00 395470                     /usr/lib/jvm/java-17-openjdk-amd64/lib/server/libjvm.so
7f3a5c26e000-7f3a5c2a3000 rw-p 012dd000 fe:00 395470                     /usr/lib/jvm/java-17-openjdk-amd64/lib/server/libjvm.so
7f3a5c2a3000-7f3a5c2ff000 rw-p 00000000 00:00 0 
7f3a5c2ff000-7f3a5c325000 r--p 00000000 00:25 907                        /usr/lib/x86_64-linux-gnu/libc.so.6
7f3a5c325000-7f3a5c47b000 r-xp 00026000 00:25 907                        /usr/lib/x86_64-linux-gnu/libc.so.6
7f3a5c47b000-7f3a5c4ce000 r--p 0017c000 00:25 907                        /usr/lib/x86_64-linux-gnu/libc.so.6
7f3a5c4ce000-7f3a5c4d2000 r--p 001cf000 00:25 907                        /usr/lib/x86_64-linux-gnu/libc.so.6
7f3a5c4d2000-7f3a5c4d4000 rw-p 001d3000 00:25 907                        /usr/lib/x86_64-linux-gnu/libc.so.6
7f3a5c4d4000-7f3a5c4e1000 rw-p 00000000 00:00 0 
7f3a5c4e1000-7f3a5c4e3000 r--p 00000000 fe:00 395450                     /usr/lib/jvm/java-17-openjdk-amd64/lib/libjli.so
7f3a5c4e3000-7f3a5c4ec000 r-xp 00002000 fe:00 395450                     /usr/lib/jvm/java-17-openjdk-amd64/lib/libjli.so
7f3a5c4ec000-7f3a5c4ef000 r--p 0000b000 fe:00 395450                     /usr/lib/jvm/java-17-openjdk-amd64/lib/libjli.so
7f3a5c4ef000-7f3a5c4f0000 r--p 0000d000 fe:00 395450                     /usr/lib/jvm/java-17-openjdk-amd64/lib/libjli.so
7f3a5c4f0000-7f3a5c4f1000 rw-p 0000e000 fe:00 395450                     /usr/lib/jvm/java-17-openjdk-amd64/lib/libjli.so
7f3a5c4f1000-7f3a5c4f4000 r--p 00000000 00:25 1006                       /usr/lib/x86_64-linux-gnu/libz.so.1.2.13
7f3a5c4f4000-7f3a5c507000 r-xp 00003000 00:25 1006                       /usr/lib/x86_64-linux-gnu/libz.so.1.2.13
7f3a5c507000-7f3a5c50e000 r--p 00016000 00:25 1006                       /usr/lib/x86_64-linux-gnu/libz.so.1.2.13
7f3a5c50e000-7f3a5c50f000 r--p 0001c000 00:25 1006                       /usr/lib/x86_64-linux-gnu/libz.so.1.2.13
7f3a5c50f000-7f3a5c510000 rw-p 0001d000 00:25 1006                       /usr/lib/x86_64-linux-gnu/libz.so.1.2.13
7f3a5c510000-7f3a5c511000 ---p 00000000 00:00 0 
7f3a5c511000-7f3a5c512000 r--p 00000000 00:00 0 
7f3a5c512000-7f3a5c513000 ---p 00000000 00:00 0 
7f3a5c513000-7f3a5c515000 rw-p 00000000 00:00 0 
7f3a5c515000-7f3a5c516000 r--p 00000000 00:25 889                        /usr/lib/x86_64-linux-gnu/ld-linux-x86-64.so.2
7f3a5c516000-7f3a5c53c000 r-xp 00001000 00:25 889                        /usr/lib/x86_64-linux-gnu/ld-linux-x86-64.so.2
7f3a5c53c000-7f3a5c546000 r--p 00027000 00:25 889                        /usr/lib/x86_64-linux-gnu/ld-linux-x86-64.so.2
7f3a5c546000-7f3a5c548000 r--p 00031000 00:25 889                        /usr/lib/x86_64-linux-gnu/ld-linux-x86-64.so.2
7f3a5c548000-7f3a5c54a000 rw-p 00033000 00:25 889                        /usr/lib/x86_64-linux-gnu/ld-linux-x86-64.so.2
7ffe0ba81000-7ffe0baa2000 rw-p 00000000 00:00 0                          [stack]
7ffe0bb4e000-7ffe0bb51000 r--p 00000000 00:00 0                          [vvar]
7ffe0bb51000-7ffe0bb53000 r-xp 00000000 00:00 0                          [vdso]
ffffffffff600000-ffffffffff601000 r-xp 00000000 00:00 0                  [vsyscall]


VM Arguments:
jvm_args: -XX:MaxMetaspaceSize=384m -XX:+UseSerialGC --add-opens=java.base/java.util=ALL-UNNAMED --add-opens=java.base/java.lang=ALL-UNNAMED --add-opens=java.base/java.lang.invoke=ALL-UNNAMED --add-opens=java.prefs/java.util.prefs=ALL-UNNAMED --add-exports=jdk.compiler/com.sun.tools.javac.api=ALL-UNNAMED --add-exports=jdk.compiler/com.sun.tools.javac.util=ALL-UNNAMED --add-opens=java.base/java.nio.charset=ALL-UNNAMED --add-opens=java.base/java.net=ALL-UNNAMED --add-opens=java.base/java.util.concurrent.atomic=ALL-UNNAMED -Xmx700m -Dfile.encoding=UTF-8 -Duser.country -Duser.language=en -Duser.variant -javaagent:/opt/gradle-8.10.2/lib/agents/gradle-instrumentation-agent-8.10.2.jar 
java_command: org.gradle.launcher.daemon.bootstrap.GradleDaemon 8.10.2
java_class_path (initial): /opt/gradle-8.10.2/lib/gradle-daemon-main-8.10.2.jar
Launcher Type: SUN_STANDARD

[Global flags]
     intx CICompilerCount                          = 2                                         {product} {ergonomic}
   size_t CompressedClassSpaceSize                 = 335544320                                 {product} {ergonomic}
   size_t InitialHeapSize                          = 16777216                                  {product} {ergonomic}
   size_t MaxHeapSize                              = 734003200                                 {product} {command line}
   size_t MaxMetaspaceSize                         = 402653184                                 {product} {command line}
   size_t MaxNewSize                               = 244645888                                 {product} {ergonomic}
   size_t MinHeapDeltaBytes                        = 196608                                    {product} {ergonomic}
   size_t MinHeapSize                              = 8388608                                   {product} {ergonomic}
   size_t NewSize                                  = 5570560                                   {product} {ergonomic}
    uintx NonNMethodCodeHeapSize                   = 5826188                                {pd product} {ergonomic}
    uintx NonProfiledCodeHeapSize                  = 122916026                              {pd product} {ergonomic}
   size_t OldSize                                  = 11206656                                  {product} {ergonomic}
    uintx ProfiledCodeHeapSize                     = 122916026                              {pd product} {ergonomic}
    uintx ReservedCodeCacheSize                    = 251658240                              {pd product} {ergonomic}
     bool SegmentedCodeCache                       = true                                      {product} {ergonomic}
   size_t SoftMaxHeapSize                          = 734003200                              {manageable} {ergonomic}
     bool UseCompressedClassPointers               = true                           {product lp64_product} {ergonomic}
     bool UseCompressedOops                        = true                           {product lp64_product} {ergonomic}
     bool UseSerialGC                              = true                                      {product} {command line}

Logging:
Log output configuration:
 #0: stdout all=warning uptime,level,tags
 #1: stderr all=off uptime,level,tags

Environment Variables:
JAVA_HOME=/usr/lib/jvm/java-17-openjdk-amd64
PATH=/usr/lib/jvm/java-17-openjdk-amd64/bin:/opt/arena-python/bin:/usr/local/sbin:/usr/local/bin:/usr/sbin:/usr/bin:/sbin:/bin
LANG=C.UTF-8
LC_ALL=C.UTF-8
TERM=xterm
TMPDIR=/tmp

Active Locale:
LC_ALL=C.UTF-8
LC_COLLATE=C.UTF-8
LC_CTYPE=C.UTF-8
LC_MESSAGES=C.UTF-8
LC_MONETARY=C.UTF-8
LC_NUMERIC=C.UTF-8
LC_TIME=C.UTF-8

Signal Handlers:
   SIGSEGV: crash_handler in libjvm.so, mask=11100100010111111101111111111110, flags=SA_RESTART|SA_SIGINFO, unblocked
    SIGBUS: crash_handler in libjvm.so, mask=11100100010111111101111111111110, flags=SA_RESTART|SA_SIGINFO, unblocked
    SIGFPE: crash_handler in libjvm.so, mask=11100100010111111101111111111110, flags=SA_RESTART|SA_SIGINFO, unblocked
   SIGPIPE: javaSignalHandler in libjvm.so, mask=11100100010111111101111111111110, flags=SA_RESTART|SA_SIGINFO, unblocked
   SIGXFSZ: javaSignalHandler in libjvm.so, mask=11100100010111111101111111111110, flags=SA_RESTART|SA_SIGINFO, unblocked
    SIGILL: crash_handler in libjvm.so, mask=11100100010111111101111111111110, flags=SA_RESTART|SA_SIGINFO, unblocked
   SIGUSR2: SR_handler in libjvm.so, mask=00100000000000000000000000000000, flags=SA_RESTART|SA_SIGINFO, unblocked
    SIGHUP: SIG_IGN, mask=00000000000000000000000000000000, flags=none, unblocked
    SIGINT: UserHandler in libjvm.so, mask=11100100010111111101111111111110, flags=SA_RESTART|SA_SIGINFO, unblocked
   SIGTERM: UserHandler in libjvm.so, mask=11100100010111111101111111111110, flags=SA_RESTART|SA_SIGINFO, unblocked
   SIGQUIT: UserHandler in libjvm.so, mask=11100100010111111101111111111110, flags=SA_RESTART|SA_SIGINFO, blocked
   SIGTRAP: crash_handler in libjvm.so, mask=11100100010111111101111111111110, flags=SA_RESTART|SA_SIGINFO, unblocked


Periodic native trim disabled


---------------  S Y S T E M  ---------------

OS:
PRETTY_NAME="Debian GNU/Linux 12 (bookworm)"
NAME="Debian GNU/Linux"
VERSION_ID="12"
VERSION="12 (bookworm)"
VERSION_CODENAME=bookworm
ID=debian
HOME_URL="https://www.debian.org/"
SUPPORT_URL="https://www.debian.org/support"
BUG_REPORT_URL="https://bugs.debian.org/"
uname: Linux 4.19.91-c8dfc93.al7.x86_64 #1 SMP Tue Sep 26 10:25:51 UTC 2023 x86_64
OS uptime: 0 days 1:49 hours
libc: glibc 2.36 NPTL 2.36 
rlimit (soft/hard): STACK 8192k/infinity , CORE 0k/infinity , NPROC 100000/100000 , NOFILE 100000/100000 , AS infinity/infinity , CPU infinity/infinity , DATA infinity/infinity , FSIZE infinity/infinity , MEMLOCK 64k/64k
load average: 1.76 0.83 0.41

/proc/meminfo:
MemTotal:        1083460 kB
MemFree:           22356 kB
MemAvailable:          0 kB
Buffers:             116 kB
Cached:             6780 kB
SwapCached:            0 kB
Active:          1003384 kB
Inactive:           3720 kB
Active(anon):    1000328 kB
Inactive(anon):       16 kB
Active(file):       3056 kB
Inactive(file):     3704 kB
Unevictable:           0 kB
Mlocked:               0 kB
SwapTotal:             0 kB
SwapFree:              0 kB
Dirty:                 8 kB
Writeback:             0 kB
AnonPages:       1000308 kB
Mapped:             5428 kB
Shmem:                36 kB
Slab:              22520 kB
SReclaimable:      10616 kB
SUnreclaim:        11904 kB
KernelStack:        2768 kB
PageTables:         4044 kB
NFS_Unstable:          0 kB
Bounce:                0 kB
WritebackTmp:          0 kB
CommitLimit:      541728 kB
Committed_AS:    1093576 kB
VmallocTotal:   34359738367 kB
VmallocUsed:           0 kB
VmallocChunk:          0 kB
Percpu:              400 kB
AnonHugePages:     81920 kB
ShmemHugePages:        0 kB
ShmemPmdMapped:        0 kB
HugePages_Total:       0
HugePages_Free:        0
HugePages_Rsvd:        0
HugePages_Surp:        0
Hugepagesize:       2048 kB
Hugetlb:               0 kB
DirectMap4k:        8192 kB
DirectMap2M:     1474560 kB
DirectMap1G:           0 kB

/sys/kernel/mm/transparent_hugepage/enabled: [always] madvise never
/sys/kernel/mm/transparent_hugepage/hpage_pmd_size: 2097152
/sys/kernel/mm/transparent_hugepage/defrag (defrag/compaction efforts parameter): always defer defer+madvise madvise [never]

Process Memory:
Virtual Size: 2823940K (peak: 2833192K)
Resident Set Size: 606340K (peak: 606340K) (anon: 606340K, file: 0K, shmem: 0K)
Swapped out: 0K
C-Heap outstanding allocations: 111649K, retained: 25042K
glibc malloc tunables: (default)

/proc/sys/kernel/threads-max (system-wide limit on the number of threads): 1129
/proc/sys/vm/max_map_count (maximum number of memory map areas a process may have): 65530
/proc/sys/vm/swappiness (control to define how aggressively the kernel swaps out anonymous memory): 60
/proc/sys/kernel/pid_max (system-wide limit on number of process identifiers): 32768

container (cgroup) information:
container_type: cgroupv1
cpu_cpuset_cpus: 0-1
cpu_memory_nodes: 0
active_processor_count: 2
cpu_quota: no quota
cpu_period: 100000
cpu_shares: 12288
memory_limit_in_bytes: 1048576 k
memory_and_swap_limit_in_bytes: unlimited
memory_soft_limit_in_bytes: unlimited
memory_usage_in_bytes: 1018484 k
memory_max_usage_in_bytes: 1019168 k
rss_usage_in_bytes: 993432 k
cache_usage_in_bytes: 6488 k
kernel_memory_limit_in_bytes: unlimited
kernel_memory_usage_in_bytes: 18188 k
kernel_memory_max_usage_in_bytes: 71824 k
maximum number of tasks: unlimited
current number of tasks: 119

KVM virtualization detected
Steal ticks since vm start: 4997
Steal ticks percentage since vm start:  0.271

CPU: total 2 (initial active 2) (2 cores per cpu, 1 threads per core) family 6 model 85 stepping 7 microcode 0x1, cx8, cmov, fxsr, mmx, 3dnowpref, sse, sse2, sse3, ssse3, sse4.1, sse4.2, popcnt, lzcnt, tsc, tscinvbit, avx, avx2, aes, erms, clmul, bmi1, bmi2, adx, avx512f, avx512dq, avx512cd, avx512bw, avx512vl, fma, vzeroupper, avx512_vnni, clflush, clflushopt, clwb, hv
CPU Model and flags from /proc/cpuinfo:
model name	: Intel(R) Xeon(R) Processor @ 2.50GHz
flags		: fpu vme de pse tsc msr pae mce cx8 apic sep mtrr pge mca cmov pat pse36 clflush mmx fxsr sse sse2 ss ht syscall nx pdpe1gb rdtscp lm constant_tsc rep_good nopl xtopology nonstop_tsc cpuid tsc_known_freq pni pclmulqdq ssse3 fma cx16 pcid sse4_1 sse4_2 x2apic movbe popcnt tsc_deadline_timer aes xsave avx f16c rdrand hypervisor lahf_lm abm 3dnowprefetch cpuid_fault invpcid_single ssbd ibrs ibpb stibp ibrs_enhanced fsgsbase tsc_adjust bmi1 avx2 smep bmi2 erms invpcid mpx avx512f avx512dq rdseed adx smap clflushopt clwb avx512cd avx512bw avx512vl xsaveopt xsavec xgetbv1 xsaves umip avx512_vnni md_clear arch_capabilities

Online cpus: 0-1
Offline cpus: 
BIOS frequency limitation: <Not Available>
Frequency switch latency (ns): <Not Available>
Available cpu frequencies: <Not Available>
Current governor: <Not Available>
Core performance/turbo boost: <Not Available>

Memory: 4k page, physical 1048576k(30828k free), swap 0k(0k free)
Page Sizes: 4k

vm_info: OpenJDK 64-Bit Server VM (17.0.20.1+1-1-deb12u1-Debian) for linux-amd64 JRE (17.0.20.1+1-1-deb12u1-Debian), built on Aug 26 2026 10:41:50 by "buildd" with gcc 12.2.0

END.
